Archive member included because of file (symbol)

d:/eclipse/embedded/winavr-20100110/bin/../lib/gcc/avr/4.3.3/avr5\libgcc.a(_divmodhi4.o)
                              ./Watch.o (__divmodhi4)
d:/eclipse/embedded/winavr-20100110/bin/../lib/gcc/avr/4.3.3/avr5\libgcc.a(_udivmodsi4.o)
                              ./SERVICE/TMU.o (__udivmodsi4)
d:/eclipse/embedded/winavr-20100110/bin/../lib/gcc/avr/4.3.3/avr5\libgcc.a(_exit.o)
                              d:/eclipse/embedded/winavr-20100110/bin/../lib/gcc/avr/4.3.3/../../../../avr/lib/avr5/crtm32.o (exit)
d:/eclipse/embedded/winavr-20100110/bin/../lib/gcc/avr/4.3.3/avr5\libgcc.a(_copy_data.o)
                              ./SERVICE/keypad.o (__do_copy_data)
d:/eclipse/embedded/winavr-20100110/bin/../lib/gcc/avr/4.3.3/avr5\libgcc.a(_clear_bss.o)
                              ./hal/TIMER/timer.o (__do_clear_bss)
d:/eclipse/embedded/winavr-20100110/bin/../lib/gcc/avr/4.3.3/avr5\libgcc.a(_fixunssfsi.o)
                              ./SERVICE/lcd.o (__fixunssfsi)
d:/eclipse/embedded/winavr-20100110/bin/../lib/gcc/avr/4.3.3/avr5\libgcc.a(_addsub_sf.o)
                              d:/eclipse/embedded/winavr-20100110/bin/../lib/gcc/avr/4.3.3/avr5\libgcc.a(_fixunssfsi.o) (__subsf3)
d:/eclipse/embedded/winavr-20100110/bin/../lib/gcc/avr/4.3.3/avr5\libgcc.a(_mul_sf.o)
                              ./SERVICE/lcd.o (__mulsf3)
d:/eclipse/embedded/winavr-20100110/bin/../lib/gcc/avr/4.3.3/avr5\libgcc.a(_div_sf.o)
                              ./SERVICE/lcd.o (__divsf3)
d:/eclipse/embedded/winavr-20100110/bin/../lib/gcc/avr/4.3.3/avr5\libgcc.a(_gt_sf.o)
                              ./SERVICE/lcd.o (__gtsf2)
d:/eclipse/embedded/winavr-20100110/bin/../lib/gcc/avr/4.3.3/avr5\libgcc.a(_ge_sf.o)
                              d:/eclipse/embedded/winavr-20100110/bin/../lib/gcc/avr/4.3.3/avr5\libgcc.a(_fixunssfsi.o) (__gesf2)
d:/eclipse/embedded/winavr-20100110/bin/../lib/gcc/avr/4.3.3/avr5\libgcc.a(_lt_sf.o)
                              ./SERVICE/lcd.o (__ltsf2)
d:/eclipse/embedded/winavr-20100110/bin/../lib/gcc/avr/4.3.3/avr5\libgcc.a(_sf_to_si.o)
                              d:/eclipse/embedded/winavr-20100110/bin/../lib/gcc/avr/4.3.3/avr5\libgcc.a(_fixunssfsi.o) (__fixsfsi)
d:/eclipse/embedded/winavr-20100110/bin/../lib/gcc/avr/4.3.3/avr5\libgcc.a(_thenan_sf.o)
                              d:/eclipse/embedded/winavr-20100110/bin/../lib/gcc/avr/4.3.3/avr5\libgcc.a(_addsub_sf.o) (__thenan_sf)
d:/eclipse/embedded/winavr-20100110/bin/../lib/gcc/avr/4.3.3/avr5\libgcc.a(_udivmodhi4.o)
                              d:/eclipse/embedded/winavr-20100110/bin/../lib/gcc/avr/4.3.3/avr5\libgcc.a(_divmodhi4.o) (__udivmodhi4)
d:/eclipse/embedded/winavr-20100110/bin/../lib/gcc/avr/4.3.3/avr5\libgcc.a(_prologue.o)
                              d:/eclipse/embedded/winavr-20100110/bin/../lib/gcc/avr/4.3.3/avr5\libgcc.a(_addsub_sf.o) (__prologue_saves__)
d:/eclipse/embedded/winavr-20100110/bin/../lib/gcc/avr/4.3.3/avr5\libgcc.a(_epilogue.o)
                              d:/eclipse/embedded/winavr-20100110/bin/../lib/gcc/avr/4.3.3/avr5\libgcc.a(_addsub_sf.o) (__epilogue_restores__)
d:/eclipse/embedded/winavr-20100110/bin/../lib/gcc/avr/4.3.3/avr5\libgcc.a(_pack_sf.o)
                              d:/eclipse/embedded/winavr-20100110/bin/../lib/gcc/avr/4.3.3/avr5\libgcc.a(_addsub_sf.o) (__pack_f)
d:/eclipse/embedded/winavr-20100110/bin/../lib/gcc/avr/4.3.3/avr5\libgcc.a(_unpack_sf.o)
                              d:/eclipse/embedded/winavr-20100110/bin/../lib/gcc/avr/4.3.3/avr5\libgcc.a(_addsub_sf.o) (__unpack_f)
d:/eclipse/embedded/winavr-20100110/bin/../lib/gcc/avr/4.3.3/avr5\libgcc.a(_fpcmp_parts_sf.o)
                              d:/eclipse/embedded/winavr-20100110/bin/../lib/gcc/avr/4.3.3/avr5\libgcc.a(_gt_sf.o) (__fpcmp_parts_f)
d:/eclipse/embedded/winavr-20100110/bin/../lib/gcc/avr/4.3.3/../../../../avr/lib/avr5\libc.a(sprintf.o)
                              ./Watch.o (sprintf)
d:/eclipse/embedded/winavr-20100110/bin/../lib/gcc/avr/4.3.3/../../../../avr/lib/avr5\libc.a(vfprintf_std.o)
                              d:/eclipse/embedded/winavr-20100110/bin/../lib/gcc/avr/4.3.3/../../../../avr/lib/avr5\libc.a(sprintf.o) (vfprintf)
d:/eclipse/embedded/winavr-20100110/bin/../lib/gcc/avr/4.3.3/../../../../avr/lib/avr5\libc.a(strnlen_P.o)
                              d:/eclipse/embedded/winavr-20100110/bin/../lib/gcc/avr/4.3.3/../../../../avr/lib/avr5\libc.a(vfprintf_std.o) (strnlen_P)
d:/eclipse/embedded/winavr-20100110/bin/../lib/gcc/avr/4.3.3/../../../../avr/lib/avr5\libc.a(strnlen.o)
                              d:/eclipse/embedded/winavr-20100110/bin/../lib/gcc/avr/4.3.3/../../../../avr/lib/avr5\libc.a(vfprintf_std.o) (strnlen)
d:/eclipse/embedded/winavr-20100110/bin/../lib/gcc/avr/4.3.3/../../../../avr/lib/avr5\libc.a(fputc.o)
                              d:/eclipse/embedded/winavr-20100110/bin/../lib/gcc/avr/4.3.3/../../../../avr/lib/avr5\libc.a(vfprintf_std.o) (fputc)
d:/eclipse/embedded/winavr-20100110/bin/../lib/gcc/avr/4.3.3/../../../../avr/lib/avr5\libc.a(ultoa_invert.o)
                              d:/eclipse/embedded/winavr-20100110/bin/../lib/gcc/avr/4.3.3/../../../../avr/lib/avr5\libc.a(vfprintf_std.o) (__ultoa_invert)

Allocating common symbols
Common symbol       size              file

minID10             0x1               ./Watch.o
t1_isr              0x2               ./hal/TIMER/timer.o
secID1              0x1               ./Watch.o
t0_isr              0x2               ./hal/TIMER/timer.o
t2_isr              0x2               ./hal/TIMER/timer.o
secID10             0x1               ./Watch.o
minID1              0x1               ./Watch.o

Discarded input sections

 .data          0x00000000        0x0 d:/eclipse/embedded/winavr-20100110/bin/../lib/gcc/avr/4.3.3/../../../../avr/lib/avr5/crtm32.o
 .bss           0x00000000        0x0 d:/eclipse/embedded/winavr-20100110/bin/../lib/gcc/avr/4.3.3/../../../../avr/lib/avr5/crtm32.o
 .text          0x00000000        0x0 ./hal/UART/USART.o
 .data          0x00000000        0x0 ./hal/UART/USART.o
 .bss           0x00000000        0x0 ./hal/UART/USART.o
 .text.UART_init
                0x00000000        0x0 ./hal/UART/USART.o
 .text.UART_getError
                0x00000000        0x0 ./hal/UART/USART.o
 .text.UART_readByte
                0x00000000        0x0 ./hal/UART/USART.o
 .text.UART_sendByte
                0x00000000        0x0 ./hal/UART/USART.o
 .text.UART_sendString
                0x00000000        0x0 ./hal/UART/USART.o
 .text.UART_sendPacket
                0x00000000        0x0 ./hal/UART/USART.o
 .text.UART_dataReady
                0x00000000        0x0 ./hal/UART/USART.o
 .text.UART_Flush
                0x00000000        0x0 ./hal/UART/USART.o
 .text          0x00000000        0x0 ./hal/TIMER/timer.o
 .data          0x00000000        0x0 ./hal/TIMER/timer.o
 .bss           0x00000000        0x0 ./hal/TIMER/timer.o
 .text.hal_init_timer
                0x00000000        0x0 ./hal/TIMER/timer.o
 .text.hal_read_timer
                0x00000000        0x0 ./hal/TIMER/timer.o
 .text.hal_update_timer
                0x00000000        0x0 ./hal/TIMER/timer.o
 .text.hal_is_timer_finish
                0x00000000        0x0 ./hal/TIMER/timer.o
 .text.hal_update_cmp_timer
                0x00000000        0x0 ./hal/TIMER/timer.o
 .text.hal_deinit_timer
                0x00000000        0x0 ./hal/TIMER/timer.o
 .text          0x00000000        0x0 ./hal/I2C/I2C.o
 .data          0x00000000        0x0 ./hal/I2C/I2C.o
 .bss           0x00000000        0x0 ./hal/I2C/I2C.o
 .text.I2C_init
                0x00000000        0x0 ./hal/I2C/I2C.o
 .text          0x00000000        0x0 ./hal/DIO/DIO.o
 .data          0x00000000        0x0 ./hal/DIO/DIO.o
 .bss           0x00000000        0x0 ./hal/DIO/DIO.o
 .text.DIO_write_pin
                0x00000000        0x0 ./hal/DIO/DIO.o
 .text.DIO_read_pin
                0x00000000        0x0 ./hal/DIO/DIO.o
 .text.DIO_PullUp_port
                0x00000000        0x0 ./hal/DIO/DIO.o
 .text.DIO_PullUp_pin
                0x00000000        0x0 ./hal/DIO/DIO.o
 .text.DIO_deinit_port
                0x00000000        0x0 ./hal/DIO/DIO.o
 .text          0x00000000        0x0 ./SERVICE/TMU.o
 .data          0x00000000        0x0 ./SERVICE/TMU.o
 .bss           0x00000000        0x0 ./SERVICE/TMU.o
 .text.TMU_ISR  0x00000000        0x0 ./SERVICE/TMU.o
 .text.TMU_init
                0x00000000        0x0 ./SERVICE/TMU.o
 .text.TMU_addTimer
                0x00000000        0x0 ./SERVICE/TMU.o
 .text.TMU_removeTimer
                0x00000000        0x0 ./SERVICE/TMU.o
 .text.TMU_Dispatch
                0x00000000        0x0 ./SERVICE/TMU.o
 .text.TMU_deinit
                0x00000000        0x0 ./SERVICE/TMU.o
 .bss.Timer_Objects
                0x00000000        0x0 ./SERVICE/TMU.o
 .bss.timerResolution
                0x00000000        0x0 ./SERVICE/TMU.o
 .bss.timerCount
                0x00000000        0x0 ./SERVICE/TMU.o
 .bss.timerObj  0x00000000        0x0 ./SERVICE/TMU.o
 .text          0x00000000        0x0 ./SERVICE/keypad.o
 .data          0x00000000        0x0 ./SERVICE/keypad.o
 .bss           0x00000000        0x0 ./SERVICE/keypad.o
 .data.chars    0x00000000        0x0 ./SERVICE/keypad.o
 .text          0x00000000        0x0 ./SERVICE/lcd.o
 .data          0x00000000        0x0 ./SERVICE/lcd.o
 .bss           0x00000000        0x0 ./SERVICE/lcd.o
 .text.lcd_clear
                0x00000000        0x0 ./SERVICE/lcd.o
 .text.lcd_deinit
                0x00000000        0x0 ./SERVICE/lcd.o
 .text          0x00000000        0x0 ./SERVICE/seven_seg.o
 .data          0x00000000        0x0 ./SERVICE/seven_seg.o
 .bss           0x00000000        0x0 ./SERVICE/seven_seg.o
 .rodata.pattern
                0x00000000        0x0 ./SERVICE/seven_seg.o
 .bss.handler_counter
                0x00000000        0x0 ./SERVICE/seven_seg.o
 .text.seven_seg_init
                0x00000000        0x0 ./SERVICE/seven_seg.o
 .text.seven_seg_display
                0x00000000        0x0 ./SERVICE/seven_seg.o
 .text.seven_seg_reset
                0x00000000        0x0 ./SERVICE/seven_seg.o
 .text.seven_seg_deinit
                0x00000000        0x0 ./SERVICE/seven_seg.o
 .bss.ga_seven_handlers
                0x00000000        0x0 ./SERVICE/seven_seg.o
 .text          0x00000000        0x0 ./ECU/E2PROM/E2PROM.o
 .data          0x00000000        0x0 ./ECU/E2PROM/E2PROM.o
 .bss           0x00000000        0x0 ./ECU/E2PROM/E2PROM.o
 .text          0x00000000        0x0 ./Watch.o
 .bss           0x00000000        0x0 ./Watch.o
 .data.currSec  0x00000000        0x0 ./Watch.o
 .data.currMin  0x00000000        0x0 ./Watch.o
 .text.function1
                0x00000000        0x0 ./Watch.o
 .text.function2
                0x00000000        0x0 ./Watch.o
 .text.function3
                0x00000000        0x0 ./Watch.o
 COMMON         0x00000000        0x0 ./Watch.o
 .text          0x00000000        0x0 d:/eclipse/embedded/winavr-20100110/bin/../lib/gcc/avr/4.3.3/avr5\libgcc.a(_divmodhi4.o)
 .data          0x00000000        0x0 d:/eclipse/embedded/winavr-20100110/bin/../lib/gcc/avr/4.3.3/avr5\libgcc.a(_divmodhi4.o)
 .bss           0x00000000        0x0 d:/eclipse/embedded/winavr-20100110/bin/../lib/gcc/avr/4.3.3/avr5\libgcc.a(_divmodhi4.o)
 .text.libgcc   0x00000000        0x0 d:/eclipse/embedded/winavr-20100110/bin/../lib/gcc/avr/4.3.3/avr5\libgcc.a(_divmodhi4.o)
 .text          0x00000000        0x0 d:/eclipse/embedded/winavr-20100110/bin/../lib/gcc/avr/4.3.3/avr5\libgcc.a(_udivmodsi4.o)
 .data          0x00000000        0x0 d:/eclipse/embedded/winavr-20100110/bin/../lib/gcc/avr/4.3.3/avr5\libgcc.a(_udivmodsi4.o)
 .bss           0x00000000        0x0 d:/eclipse/embedded/winavr-20100110/bin/../lib/gcc/avr/4.3.3/avr5\libgcc.a(_udivmodsi4.o)
 .text.libgcc   0x00000000        0x0 d:/eclipse/embedded/winavr-20100110/bin/../lib/gcc/avr/4.3.3/avr5\libgcc.a(_udivmodsi4.o)
 .text          0x00000000        0x0 d:/eclipse/embedded/winavr-20100110/bin/../lib/gcc/avr/4.3.3/avr5\libgcc.a(_exit.o)
 .data          0x00000000        0x0 d:/eclipse/embedded/winavr-20100110/bin/../lib/gcc/avr/4.3.3/avr5\libgcc.a(_exit.o)
 .bss           0x00000000        0x0 d:/eclipse/embedded/winavr-20100110/bin/../lib/gcc/avr/4.3.3/avr5\libgcc.a(_exit.o)
 .text.libgcc   0x00000000        0x0 d:/eclipse/embedded/winavr-20100110/bin/../lib/gcc/avr/4.3.3/avr5\libgcc.a(_exit.o)
 .text          0x00000000        0x0 d:/eclipse/embedded/winavr-20100110/bin/../lib/gcc/avr/4.3.3/avr5\libgcc.a(_copy_data.o)
 .data          0x00000000        0x0 d:/eclipse/embedded/winavr-20100110/bin/../lib/gcc/avr/4.3.3/avr5\libgcc.a(_copy_data.o)
 .bss           0x00000000        0x0 d:/eclipse/embedded/winavr-20100110/bin/../lib/gcc/avr/4.3.3/avr5\libgcc.a(_copy_data.o)
 .text.libgcc   0x00000000        0x0 d:/eclipse/embedded/winavr-20100110/bin/../lib/gcc/avr/4.3.3/avr5\libgcc.a(_copy_data.o)
 .text          0x00000000        0x0 d:/eclipse/embedded/winavr-20100110/bin/../lib/gcc/avr/4.3.3/avr5\libgcc.a(_clear_bss.o)
 .data          0x00000000        0x0 d:/eclipse/embedded/winavr-20100110/bin/../lib/gcc/avr/4.3.3/avr5\libgcc.a(_clear_bss.o)
 .bss           0x00000000        0x0 d:/eclipse/embedded/winavr-20100110/bin/../lib/gcc/avr/4.3.3/avr5\libgcc.a(_clear_bss.o)
 .text.libgcc   0x00000000        0x0 d:/eclipse/embedded/winavr-20100110/bin/../lib/gcc/avr/4.3.3/avr5\libgcc.a(_clear_bss.o)
 .data          0x00000000        0x0 d:/eclipse/embedded/winavr-20100110/bin/../lib/gcc/avr/4.3.3/avr5\libgcc.a(_fixunssfsi.o)
 .bss           0x00000000        0x0 d:/eclipse/embedded/winavr-20100110/bin/../lib/gcc/avr/4.3.3/avr5\libgcc.a(_fixunssfsi.o)
 .data          0x00000000        0x0 d:/eclipse/embedded/winavr-20100110/bin/../lib/gcc/avr/4.3.3/avr5\libgcc.a(_addsub_sf.o)
 .bss           0x00000000        0x0 d:/eclipse/embedded/winavr-20100110/bin/../lib/gcc/avr/4.3.3/avr5\libgcc.a(_addsub_sf.o)
 .data          0x00000000        0x0 d:/eclipse/embedded/winavr-20100110/bin/../lib/gcc/avr/4.3.3/avr5\libgcc.a(_mul_sf.o)
 .bss           0x00000000        0x0 d:/eclipse/embedded/winavr-20100110/bin/../lib/gcc/avr/4.3.3/avr5\libgcc.a(_mul_sf.o)
 .data          0x00000000        0x0 d:/eclipse/embedded/winavr-20100110/bin/../lib/gcc/avr/4.3.3/avr5\libgcc.a(_div_sf.o)
 .bss           0x00000000        0x0 d:/eclipse/embedded/winavr-20100110/bin/../lib/gcc/avr/4.3.3/avr5\libgcc.a(_div_sf.o)
 .data          0x00000000        0x0 d:/eclipse/embedded/winavr-20100110/bin/../lib/gcc/avr/4.3.3/avr5\libgcc.a(_gt_sf.o)
 .bss           0x00000000        0x0 d:/eclipse/embedded/winavr-20100110/bin/../lib/gcc/avr/4.3.3/avr5\libgcc.a(_gt_sf.o)
 .data          0x00000000        0x0 d:/eclipse/embedded/winavr-20100110/bin/../lib/gcc/avr/4.3.3/avr5\libgcc.a(_ge_sf.o)
 .bss           0x00000000        0x0 d:/eclipse/embedded/winavr-20100110/bin/../lib/gcc/avr/4.3.3/avr5\libgcc.a(_ge_sf.o)
 .data          0x00000000        0x0 d:/eclipse/embedded/winavr-20100110/bin/../lib/gcc/avr/4.3.3/avr5\libgcc.a(_lt_sf.o)
 .bss           0x00000000        0x0 d:/eclipse/embedded/winavr-20100110/bin/../lib/gcc/avr/4.3.3/avr5\libgcc.a(_lt_sf.o)
 .data          0x00000000        0x0 d:/eclipse/embedded/winavr-20100110/bin/../lib/gcc/avr/4.3.3/avr5\libgcc.a(_sf_to_si.o)
 .bss           0x00000000        0x0 d:/eclipse/embedded/winavr-20100110/bin/../lib/gcc/avr/4.3.3/avr5\libgcc.a(_sf_to_si.o)
 .text          0x00000000        0x0 d:/eclipse/embedded/winavr-20100110/bin/../lib/gcc/avr/4.3.3/avr5\libgcc.a(_thenan_sf.o)
 .bss           0x00000000        0x0 d:/eclipse/embedded/winavr-20100110/bin/../lib/gcc/avr/4.3.3/avr5\libgcc.a(_thenan_sf.o)
 .text          0x00000000        0x0 d:/eclipse/embedded/winavr-20100110/bin/../lib/gcc/avr/4.3.3/avr5\libgcc.a(_udivmodhi4.o)
 .data          0x00000000        0x0 d:/eclipse/embedded/winavr-20100110/bin/../lib/gcc/avr/4.3.3/avr5\libgcc.a(_udivmodhi4.o)
 .bss           0x00000000        0x0 d:/eclipse/embedded/winavr-20100110/bin/../lib/gcc/avr/4.3.3/avr5\libgcc.a(_udivmodhi4.o)
 .text.libgcc   0x00000000        0x0 d:/eclipse/embedded/winavr-20100110/bin/../lib/gcc/avr/4.3.3/avr5\libgcc.a(_udivmodhi4.o)
 .text          0x00000000        0x0 d:/eclipse/embedded/winavr-20100110/bin/../lib/gcc/avr/4.3.3/avr5\libgcc.a(_prologue.o)
 .data          0x00000000        0x0 d:/eclipse/embedded/winavr-20100110/bin/../lib/gcc/avr/4.3.3/avr5\libgcc.a(_prologue.o)
 .bss           0x00000000        0x0 d:/eclipse/embedded/winavr-20100110/bin/../lib/gcc/avr/4.3.3/avr5\libgcc.a(_prologue.o)
 .text          0x00000000        0x0 d:/eclipse/embedded/winavr-20100110/bin/../lib/gcc/avr/4.3.3/avr5\libgcc.a(_epilogue.o)
 .data          0x00000000        0x0 d:/eclipse/embedded/winavr-20100110/bin/../lib/gcc/avr/4.3.3/avr5\libgcc.a(_epilogue.o)
 .bss           0x00000000        0x0 d:/eclipse/embedded/winavr-20100110/bin/../lib/gcc/avr/4.3.3/avr5\libgcc.a(_epilogue.o)
 .data          0x00000000        0x0 d:/eclipse/embedded/winavr-20100110/bin/../lib/gcc/avr/4.3.3/avr5\libgcc.a(_pack_sf.o)
 .bss           0x00000000        0x0 d:/eclipse/embedded/winavr-20100110/bin/../lib/gcc/avr/4.3.3/avr5\libgcc.a(_pack_sf.o)
 .data          0x00000000        0x0 d:/eclipse/embedded/winavr-20100110/bin/../lib/gcc/avr/4.3.3/avr5\libgcc.a(_unpack_sf.o)
 .bss           0x00000000        0x0 d:/eclipse/embedded/winavr-20100110/bin/../lib/gcc/avr/4.3.3/avr5\libgcc.a(_unpack_sf.o)
 .data          0x00000000        0x0 d:/eclipse/embedded/winavr-20100110/bin/../lib/gcc/avr/4.3.3/avr5\libgcc.a(_fpcmp_parts_sf.o)
 .bss           0x00000000        0x0 d:/eclipse/embedded/winavr-20100110/bin/../lib/gcc/avr/4.3.3/avr5\libgcc.a(_fpcmp_parts_sf.o)
 .text          0x00000000        0x0 d:/eclipse/embedded/winavr-20100110/bin/../lib/gcc/avr/4.3.3/../../../../avr/lib/avr5\libc.a(sprintf.o)
 .data          0x00000000        0x0 d:/eclipse/embedded/winavr-20100110/bin/../lib/gcc/avr/4.3.3/../../../../avr/lib/avr5\libc.a(sprintf.o)
 .bss           0x00000000        0x0 d:/eclipse/embedded/winavr-20100110/bin/../lib/gcc/avr/4.3.3/../../../../avr/lib/avr5\libc.a(sprintf.o)
 .text          0x00000000        0x0 d:/eclipse/embedded/winavr-20100110/bin/../lib/gcc/avr/4.3.3/../../../../avr/lib/avr5\libc.a(vfprintf_std.o)
 .data          0x00000000        0x0 d:/eclipse/embedded/winavr-20100110/bin/../lib/gcc/avr/4.3.3/../../../../avr/lib/avr5\libc.a(vfprintf_std.o)
 .bss           0x00000000        0x0 d:/eclipse/embedded/winavr-20100110/bin/../lib/gcc/avr/4.3.3/../../../../avr/lib/avr5\libc.a(vfprintf_std.o)
 .text          0x00000000        0x0 d:/eclipse/embedded/winavr-20100110/bin/../lib/gcc/avr/4.3.3/../../../../avr/lib/avr5\libc.a(strnlen_P.o)
 .data          0x00000000        0x0 d:/eclipse/embedded/winavr-20100110/bin/../lib/gcc/avr/4.3.3/../../../../avr/lib/avr5\libc.a(strnlen_P.o)
 .bss           0x00000000        0x0 d:/eclipse/embedded/winavr-20100110/bin/../lib/gcc/avr/4.3.3/../../../../avr/lib/avr5\libc.a(strnlen_P.o)
 .text          0x00000000        0x0 d:/eclipse/embedded/winavr-20100110/bin/../lib/gcc/avr/4.3.3/../../../../avr/lib/avr5\libc.a(strnlen.o)
 .data          0x00000000        0x0 d:/eclipse/embedded/winavr-20100110/bin/../lib/gcc/avr/4.3.3/../../../../avr/lib/avr5\libc.a(strnlen.o)
 .bss           0x00000000        0x0 d:/eclipse/embedded/winavr-20100110/bin/../lib/gcc/avr/4.3.3/../../../../avr/lib/avr5\libc.a(strnlen.o)
 .text          0x00000000        0x0 d:/eclipse/embedded/winavr-20100110/bin/../lib/gcc/avr/4.3.3/../../../../avr/lib/avr5\libc.a(fputc.o)
 .data          0x00000000        0x0 d:/eclipse/embedded/winavr-20100110/bin/../lib/gcc/avr/4.3.3/../../../../avr/lib/avr5\libc.a(fputc.o)
 .bss           0x00000000        0x0 d:/eclipse/embedded/winavr-20100110/bin/../lib/gcc/avr/4.3.3/../../../../avr/lib/avr5\libc.a(fputc.o)
 .text          0x00000000        0x0 d:/eclipse/embedded/winavr-20100110/bin/../lib/gcc/avr/4.3.3/../../../../avr/lib/avr5\libc.a(ultoa_invert.o)
 .data          0x00000000        0x0 d:/eclipse/embedded/winavr-20100110/bin/../lib/gcc/avr/4.3.3/../../../../avr/lib/avr5\libc.a(ultoa_invert.o)
 .bss           0x00000000        0x0 d:/eclipse/embedded/winavr-20100110/bin/../lib/gcc/avr/4.3.3/../../../../avr/lib/avr5\libc.a(ultoa_invert.o)

Memory Configuration

Name             Origin             Length             Attributes
text             0x00000000         0x00020000         xr
data             0x00800060         0x0000ffa0         rw !x
eeprom           0x00810000         0x00010000         rw !x
fuse             0x00820000         0x00000400         rw !x
lock             0x00830000         0x00000400         rw !x
signature        0x00840000         0x00000400         rw !x
*default*        0x00000000         0xffffffff

Linker script and memory map

LOAD d:/eclipse/embedded/winavr-20100110/bin/../lib/gcc/avr/4.3.3/../../../../avr/lib/avr5/crtm32.o
LOAD ./hal/UART/USART.o
LOAD ./hal/TIMER/timer.o
LOAD ./hal/I2C/I2C.o
LOAD ./hal/DIO/DIO.o
LOAD ./SERVICE/TMU.o
LOAD ./SERVICE/keypad.o
LOAD ./SERVICE/lcd.o
LOAD ./SERVICE/seven_seg.o
LOAD ./ECU/E2PROM/E2PROM.o
LOAD ./Watch.o
LOAD d:/eclipse/embedded/winavr-20100110/bin/../lib/gcc/avr/4.3.3/avr5\libgcc.a
LOAD d:/eclipse/embedded/winavr-20100110/bin/../lib/gcc/avr/4.3.3/../../../../avr/lib/avr5\libm.a
LOAD d:/eclipse/embedded/winavr-20100110/bin/../lib/gcc/avr/4.3.3/avr5\libgcc.a
LOAD d:/eclipse/embedded/winavr-20100110/bin/../lib/gcc/avr/4.3.3/../../../../avr/lib/avr5\libc.a
LOAD d:/eclipse/embedded/winavr-20100110/bin/../lib/gcc/avr/4.3.3/avr5\libgcc.a

.hash
 *(.hash)

.dynsym
 *(.dynsym)

.dynstr
 *(.dynstr)

.gnu.version
 *(.gnu.version)

.gnu.version_d
 *(.gnu.version_d)

.gnu.version_r
 *(.gnu.version_r)

.rel.init
 *(.rel.init)

.rela.init
 *(.rela.init)

.rel.text
 *(.rel.text)
 *(.rel.text.*)
 *(.rel.gnu.linkonce.t*)

.rela.text
 *(.rela.text)
 *(.rela.text.*)
 *(.rela.gnu.linkonce.t*)

.rel.fini
 *(.rel.fini)

.rela.fini
 *(.rela.fini)

.rel.rodata
 *(.rel.rodata)
 *(.rel.rodata.*)
 *(.rel.gnu.linkonce.r*)

.rela.rodata
 *(.rela.rodata)
 *(.rela.rodata.*)
 *(.rela.gnu.linkonce.r*)

.rel.data
 *(.rel.data)
 *(.rel.data.*)
 *(.rel.gnu.linkonce.d*)

.rela.data
 *(.rela.data)
 *(.rela.data.*)
 *(.rela.gnu.linkonce.d*)

.rel.ctors
 *(.rel.ctors)

.rela.ctors
 *(.rela.ctors)

.rel.dtors
 *(.rel.dtors)

.rela.dtors
 *(.rela.dtors)

.rel.got
 *(.rel.got)

.rela.got
 *(.rela.got)

.rel.bss
 *(.rel.bss)

.rela.bss
 *(.rela.bss)

.rel.plt
 *(.rel.plt)

.rela.plt
 *(.rela.plt)

.text           0x00000000     0x2c00
 *(.vectors)
 .vectors       0x00000000       0x54 d:/eclipse/embedded/winavr-20100110/bin/../lib/gcc/avr/4.3.3/../../../../avr/lib/avr5/crtm32.o
                0x00000000                __vectors
                0x00000000                __vector_default
 *(.vectors)
 *(.progmem.gcc*)
 *(.progmem*)
                0x00000054                . = ALIGN (0x2)
                0x00000054                __trampolines_start = .
 *(.trampolines)
 .trampolines   0x00000054        0x0 linker stubs
 *(.trampolines*)
                0x00000054                __trampolines_end = .
 *(.jumptables)
 *(.jumptables*)
 *(.lowtext)
 *(.lowtext*)
                0x00000054                __ctors_start = .
 *(.ctors)
                0x00000054                __ctors_end = .
                0x00000054                __dtors_start = .
 *(.dtors)
                0x00000054                __dtors_end = .
 SORT(*)(.ctors)
 SORT(*)(.dtors)
 *(.init0)
 .init0         0x00000054        0x0 d:/eclipse/embedded/winavr-20100110/bin/../lib/gcc/avr/4.3.3/../../../../avr/lib/avr5/crtm32.o
                0x00000054                __init
 *(.init0)
 *(.init1)
 *(.init1)
 *(.init2)
 .init2         0x00000054        0xc d:/eclipse/embedded/winavr-20100110/bin/../lib/gcc/avr/4.3.3/../../../../avr/lib/avr5/crtm32.o
 *(.init2)
 *(.init3)
 *(.init3)
 *(.init4)
 .init4         0x00000060       0x16 d:/eclipse/embedded/winavr-20100110/bin/../lib/gcc/avr/4.3.3/avr5\libgcc.a(_copy_data.o)
                0x00000060                __do_copy_data
 .init4         0x00000076       0x10 d:/eclipse/embedded/winavr-20100110/bin/../lib/gcc/avr/4.3.3/avr5\libgcc.a(_clear_bss.o)
                0x00000076                __do_clear_bss
 *(.init4)
 *(.init5)
 *(.init5)
 *(.init6)
 *(.init6)
 *(.init7)
 *(.init7)
 *(.init8)
 *(.init8)
 *(.init9)
 .init9         0x00000086        0x8 d:/eclipse/embedded/winavr-20100110/bin/../lib/gcc/avr/4.3.3/../../../../avr/lib/avr5/crtm32.o
 *(.init9)
 *(.text)
 .text          0x0000008e        0x2 d:/eclipse/embedded/winavr-20100110/bin/../lib/gcc/avr/4.3.3/../../../../avr/lib/avr5/crtm32.o
                0x0000008e                __vector_1
                0x0000008e                __vector_12
                0x0000008e                __bad_interrupt
                0x0000008e                __vector_6
                0x0000008e                __vector_3
                0x0000008e                __vector_11
                0x0000008e                __vector_13
                0x0000008e                __vector_17
                0x0000008e                __vector_19
                0x0000008e                __vector_7
                0x0000008e                __vector_5
                0x0000008e                __vector_9
                0x0000008e                __vector_2
                0x0000008e                __vector_15
                0x0000008e                __vector_8
                0x0000008e                __vector_14
                0x0000008e                __vector_16
                0x0000008e                __vector_18
                0x0000008e                __vector_20
 .text          0x00000090       0x50 d:/eclipse/embedded/winavr-20100110/bin/../lib/gcc/avr/4.3.3/avr5\libgcc.a(_fixunssfsi.o)
                0x00000090                __fixunssfsi
 .text          0x000000e0      0x344 d:/eclipse/embedded/winavr-20100110/bin/../lib/gcc/avr/4.3.3/avr5\libgcc.a(_addsub_sf.o)
                0x00000378                __subsf3
                0x000003d2                __addsf3
 .text          0x00000424      0x1ee d:/eclipse/embedded/winavr-20100110/bin/../lib/gcc/avr/4.3.3/avr5\libgcc.a(_mul_sf.o)
                0x00000424                __mulsf3
 .text          0x00000612      0x152 d:/eclipse/embedded/winavr-20100110/bin/../lib/gcc/avr/4.3.3/avr5\libgcc.a(_div_sf.o)
                0x00000612                __divsf3
 .text          0x00000764       0x5a d:/eclipse/embedded/winavr-20100110/bin/../lib/gcc/avr/4.3.3/avr5\libgcc.a(_gt_sf.o)
                0x00000764                __gtsf2
 .text          0x000007be       0x5a d:/eclipse/embedded/winavr-20100110/bin/../lib/gcc/avr/4.3.3/avr5\libgcc.a(_ge_sf.o)
                0x000007be                __gesf2
 .text          0x00000818       0x5a d:/eclipse/embedded/winavr-20100110/bin/../lib/gcc/avr/4.3.3/avr5\libgcc.a(_lt_sf.o)
                0x00000818                __ltsf2
 .text          0x00000872       0xa6 d:/eclipse/embedded/winavr-20100110/bin/../lib/gcc/avr/4.3.3/avr5\libgcc.a(_sf_to_si.o)
                0x00000872                __fixsfsi
 .text          0x00000918      0x1aa d:/eclipse/embedded/winavr-20100110/bin/../lib/gcc/avr/4.3.3/avr5\libgcc.a(_pack_sf.o)
                0x00000918                __pack_f
 .text          0x00000ac2       0xf0 d:/eclipse/embedded/winavr-20100110/bin/../lib/gcc/avr/4.3.3/avr5\libgcc.a(_unpack_sf.o)
                0x00000ac2                __unpack_f
 .text          0x00000bb2       0xb2 d:/eclipse/embedded/winavr-20100110/bin/../lib/gcc/avr/4.3.3/avr5\libgcc.a(_fpcmp_parts_sf.o)
                0x00000bb2                __fpcmp_parts_f
                0x00000c64                . = ALIGN (0x2)
 *(.text.*)
 .text.__vector_10
                0x00000c64       0x24 ./hal/TIMER/timer.o
                0x00000c64                __vector_10
 .text.__vector_4
                0x00000c88       0x24 ./hal/TIMER/timer.o
                0x00000c88                __vector_4
 .text.DIO_init_port_output
                0x00000cac       0x34 ./hal/DIO/DIO.o
                0x00000cac                DIO_init_port_output
 .text.DIO_init_port_input
                0x00000ce0       0x38 ./hal/DIO/DIO.o
                0x00000ce0                DIO_init_port_input
 .text.DIO_write_port
                0x00000d18       0x5e ./hal/DIO/DIO.o
                0x00000d18                DIO_write_port
 .text.DIO_set_port
                0x00000d76       0x34 ./hal/DIO/DIO.o
                0x00000d76                DIO_set_port
 .text.DIO_clear_port
                0x00000daa       0x38 ./hal/DIO/DIO.o
                0x00000daa                DIO_clear_port
 .text.DIO_set_pin
                0x00000de2       0x4a ./hal/DIO/DIO.o
                0x00000de2                DIO_set_pin
 .text.DIO_clear_pin
                0x00000e2c       0x4c ./hal/DIO/DIO.o
                0x00000e2c                DIO_clear_pin
 .text.DIO_read_port
                0x00000e78       0x26 ./hal/DIO/DIO.o
                0x00000e78                DIO_read_port
 .text.keypad_init
                0x00000e9e       0x36 ./SERVICE/keypad.o
                0x00000e9e                keypad_init
 .text.read_input
                0x00000ed4       0x62 ./SERVICE/keypad.o
 .text.keypad_dispatch
                0x00000f36       0x2c ./SERVICE/keypad.o
                0x00000f36                keypad_dispatch
 .text.keypad_get_key
                0x00000f62       0x28 ./SERVICE/keypad.o
                0x00000f62                keypad_get_key
 .text.lcd_init
                0x00000f8a      0x3f0 ./SERVICE/lcd.o
                0x00000f8a                lcd_init
 .text.lcd_send_command
                0x0000137a      0x88c ./SERVICE/lcd.o
                0x0000137a                lcd_send_command
 .text.lcd_send_data
                0x00001c06      0x8a6 ./SERVICE/lcd.o
                0x00001c06                lcd_send_data
 .text.lcd_gotoxy
                0x000024ac       0x44 ./SERVICE/lcd.o
                0x000024ac                lcd_gotoxy
 .text.lcd_print
                0x000024f0       0x60 ./SERVICE/lcd.o
                0x000024f0                lcd_print
 .text.main     0x00002550      0x120 ./Watch.o
                0x00002550                main
 .text.libgcc   0x00002670       0x38 d:/eclipse/embedded/winavr-20100110/bin/../lib/gcc/avr/4.3.3/avr5\libgcc.a(_prologue.o)
                0x00002670                __prologue_saves__
 .text.libgcc   0x000026a8       0x36 d:/eclipse/embedded/winavr-20100110/bin/../lib/gcc/avr/4.3.3/avr5\libgcc.a(_epilogue.o)
                0x000026a8                __epilogue_restores__
 .text.avr-libc
                0x000026de       0x42 d:/eclipse/embedded/winavr-20100110/bin/../lib/gcc/avr/4.3.3/../../../../avr/lib/avr5\libc.a(sprintf.o)
                0x000026de                sprintf
 .text.avr-libc
                0x00002720      0x39c d:/eclipse/embedded/winavr-20100110/bin/../lib/gcc/avr/4.3.3/../../../../avr/lib/avr5\libc.a(vfprintf_std.o)
                0x00002720                vfprintf
 .text.avr-libc
                0x00002abc       0x16 d:/eclipse/embedded/winavr-20100110/bin/../lib/gcc/avr/4.3.3/../../../../avr/lib/avr5\libc.a(strnlen_P.o)
                0x00002abc                strnlen_P
 .text.avr-libc
                0x00002ad2       0x16 d:/eclipse/embedded/winavr-20100110/bin/../lib/gcc/avr/4.3.3/../../../../avr/lib/avr5\libc.a(strnlen.o)
                0x00002ad2                strnlen
 .text.avr-libc
                0x00002ae8       0x58 d:/eclipse/embedded/winavr-20100110/bin/../lib/gcc/avr/4.3.3/../../../../avr/lib/avr5\libc.a(fputc.o)
                0x00002ae8                fputc
 .text.avr-libc
                0x00002b40       0xbc d:/eclipse/embedded/winavr-20100110/bin/../lib/gcc/avr/4.3.3/../../../../avr/lib/avr5\libc.a(ultoa_invert.o)
                0x00002b40                __ultoa_invert
                0x00002bfc                . = ALIGN (0x2)
 *(.fini9)
 .fini9         0x00002bfc        0x0 d:/eclipse/embedded/winavr-20100110/bin/../lib/gcc/avr/4.3.3/avr5\libgcc.a(_exit.o)
                0x00002bfc                exit
                0x00002bfc                _exit
 *(.fini9)
 *(.fini8)
 *(.fini8)
 *(.fini7)
 *(.fini7)
 *(.fini6)
 *(.fini6)
 *(.fini5)
 *(.fini5)
 *(.fini4)
 *(.fini4)
 *(.fini3)
 *(.fini3)
 *(.fini2)
 *(.fini2)
 *(.fini1)
 *(.fini1)
 *(.fini0)
 .fini0         0x00002bfc        0x4 d:/eclipse/embedded/winavr-20100110/bin/../lib/gcc/avr/4.3.3/avr5\libgcc.a(_exit.o)
 *(.fini0)
                0x00002c00                _etext = .

.data           0x00800060       0x22 load address 0x00002c00
                0x00800060                PROVIDE (__data_start, .)
 *(.data)
 .data          0x00800060       0x17 ./Watch.o
 .data          0x00800077        0x8 d:/eclipse/embedded/winavr-20100110/bin/../lib/gcc/avr/4.3.3/avr5\libgcc.a(_thenan_sf.o)
                0x00800077                __thenan_sf
 *(.data*)
 *(.rodata)
 *(.rodata*)
 .rodata.firstCharAdr
                0x0080007f        0x2 ./SERVICE/lcd.o
 *(.gnu.linkonce.d*)
                0x00800082                . = ALIGN (0x2)
 *fill*         0x00800081        0x1 00
                0x00800082                _edata = .
                0x00800082                PROVIDE (__data_end, .)

.bss            0x00800082        0x7
                0x00800082                PROVIDE (__bss_start, .)
 *(.bss)
 *(.bss*)
 .bss.last_click
                0x00800082        0x1 ./SERVICE/keypad.o
 *(COMMON)
 COMMON         0x00800083        0x6 ./hal/TIMER/timer.o
                0x00800083                t1_isr
                0x00800085                t0_isr
                0x00800087                t2_isr
                0x00800089                PROVIDE (__bss_end, .)
                0x00002c00                __data_load_start = LOADADDR (.data)
                0x00002c22                __data_load_end = (__data_load_start + SIZEOF (.data))

.noinit         0x00800089        0x0
                0x00800089                PROVIDE (__noinit_start, .)
 *(.noinit*)
                0x00800089                PROVIDE (__noinit_end, .)
                0x00800089                _end = .
                0x00800089                PROVIDE (__heap_start, .)

.eeprom         0x00810000        0x0
 *(.eeprom*)
                0x00810000                __eeprom_end = .

.fuse
 *(.fuse)
 *(.lfuse)
 *(.hfuse)
 *(.efuse)

.lock
 *(.lock*)

.signature
 *(.signature*)

.stab           0x00000000     0x2a00
 *(.stab)
 .stab          0x00000000      0x390 ./hal/UART/USART.o
                                0x720 (size before relaxing)
 .stab          0x00000390      0x288 ./hal/TIMER/timer.o
                                0x99c (size before relaxing)
 .stab          0x00000618      0x18c ./hal/I2C/I2C.o
                                0x3b4 (size before relaxing)
 .stab          0x000007a4      0x3c0 ./hal/DIO/DIO.o
                                0x558 (size before relaxing)
 .stab          0x00000b64      0x264 ./SERVICE/TMU.o
                                0xa50 (size before relaxing)
 .stab          0x00000dc8      0x39c ./SERVICE/keypad.o
                                0x3a8 (size before relaxing)
 .stab          0x00001164     0x105c ./SERVICE/lcd.o
                               0x13ec (size before relaxing)
 .stab          0x000021c0      0x180 ./SERVICE/seven_seg.o
                                0x5dc (size before relaxing)
 .stab          0x00002340      0x1b0 ./ECU/E2PROM/E2PROM.o
                                0x36c (size before relaxing)
 .stab          0x000024f0      0x510 ./Watch.o
                                0x7b0 (size before relaxing)

.stabstr        0x00000000     0x26ef
 *(.stabstr)
 .stabstr       0x00000000     0x26ef ./hal/UART/USART.o

.stab.excl
 *(.stab.excl)

.stab.exclstr
 *(.stab.exclstr)

.stab.index
 *(.stab.index)

.stab.indexstr
 *(.stab.indexstr)

.comment
 *(.comment)

.debug
 *(.debug)

.line
 *(.line)

.debug_srcinfo
 *(.debug_srcinfo)

.debug_sfnames
 *(.debug_sfnames)

.debug_aranges  0x00000000      0x160
 *(.debug_aranges)
 .debug_aranges
                0x00000000       0x20 d:/eclipse/embedded/winavr-20100110/bin/../lib/gcc/avr/4.3.3/avr5\libgcc.a(_fixunssfsi.o)
 .debug_aranges
                0x00000020       0x20 d:/eclipse/embedded/winavr-20100110/bin/../lib/gcc/avr/4.3.3/avr5\libgcc.a(_addsub_sf.o)
 .debug_aranges
                0x00000040       0x20 d:/eclipse/embedded/winavr-20100110/bin/../lib/gcc/avr/4.3.3/avr5\libgcc.a(_mul_sf.o)
 .debug_aranges
                0x00000060       0x20 d:/eclipse/embedded/winavr-20100110/bin/../lib/gcc/avr/4.3.3/avr5\libgcc.a(_div_sf.o)
 .debug_aranges
                0x00000080       0x20 d:/eclipse/embedded/winavr-20100110/bin/../lib/gcc/avr/4.3.3/avr5\libgcc.a(_gt_sf.o)
 .debug_aranges
                0x000000a0       0x20 d:/eclipse/embedded/winavr-20100110/bin/../lib/gcc/avr/4.3.3/avr5\libgcc.a(_ge_sf.o)
 .debug_aranges
                0x000000c0       0x20 d:/eclipse/embedded/winavr-20100110/bin/../lib/gcc/avr/4.3.3/avr5\libgcc.a(_lt_sf.o)
 .debug_aranges
                0x000000e0       0x20 d:/eclipse/embedded/winavr-20100110/bin/../lib/gcc/avr/4.3.3/avr5\libgcc.a(_sf_to_si.o)
 .debug_aranges
                0x00000100       0x20 d:/eclipse/embedded/winavr-20100110/bin/../lib/gcc/avr/4.3.3/avr5\libgcc.a(_pack_sf.o)
 .debug_aranges
                0x00000120       0x20 d:/eclipse/embedded/winavr-20100110/bin/../lib/gcc/avr/4.3.3/avr5\libgcc.a(_unpack_sf.o)
 .debug_aranges
                0x00000140       0x20 d:/eclipse/embedded/winavr-20100110/bin/../lib/gcc/avr/4.3.3/avr5\libgcc.a(_fpcmp_parts_sf.o)

.debug_pubnames
                0x00000000      0x18f
 *(.debug_pubnames)
 .debug_pubnames
                0x00000000       0x23 d:/eclipse/embedded/winavr-20100110/bin/../lib/gcc/avr/4.3.3/avr5\libgcc.a(_fixunssfsi.o)
 .debug_pubnames
                0x00000023       0x2c d:/eclipse/embedded/winavr-20100110/bin/../lib/gcc/avr/4.3.3/avr5\libgcc.a(_addsub_sf.o)
 .debug_pubnames
                0x0000004f       0x1f d:/eclipse/embedded/winavr-20100110/bin/../lib/gcc/avr/4.3.3/avr5\libgcc.a(_mul_sf.o)
 .debug_pubnames
                0x0000006e       0x1f d:/eclipse/embedded/winavr-20100110/bin/../lib/gcc/avr/4.3.3/avr5\libgcc.a(_div_sf.o)
 .debug_pubnames
                0x0000008d       0x1e d:/eclipse/embedded/winavr-20100110/bin/../lib/gcc/avr/4.3.3/avr5\libgcc.a(_gt_sf.o)
 .debug_pubnames
                0x000000ab       0x1e d:/eclipse/embedded/winavr-20100110/bin/../lib/gcc/avr/4.3.3/avr5\libgcc.a(_ge_sf.o)
 .debug_pubnames
                0x000000c9       0x1e d:/eclipse/embedded/winavr-20100110/bin/../lib/gcc/avr/4.3.3/avr5\libgcc.a(_lt_sf.o)
 .debug_pubnames
                0x000000e7       0x20 d:/eclipse/embedded/winavr-20100110/bin/../lib/gcc/avr/4.3.3/avr5\libgcc.a(_sf_to_si.o)
 .debug_pubnames
                0x00000107       0x22 d:/eclipse/embedded/winavr-20100110/bin/../lib/gcc/avr/4.3.3/avr5\libgcc.a(_thenan_sf.o)
 .debug_pubnames
                0x00000129       0x1f d:/eclipse/embedded/winavr-20100110/bin/../lib/gcc/avr/4.3.3/avr5\libgcc.a(_pack_sf.o)
 .debug_pubnames
                0x00000148       0x21 d:/eclipse/embedded/winavr-20100110/bin/../lib/gcc/avr/4.3.3/avr5\libgcc.a(_unpack_sf.o)
 .debug_pubnames
                0x00000169       0x26 d:/eclipse/embedded/winavr-20100110/bin/../lib/gcc/avr/4.3.3/avr5\libgcc.a(_fpcmp_parts_sf.o)

.debug_info     0x00000000     0x2045
 *(.debug_info)
 .debug_info    0x00000000       0xb1 d:/eclipse/embedded/winavr-20100110/bin/../lib/gcc/avr/4.3.3/avr5\libgcc.a(_fixunssfsi.o)
 .debug_info    0x000000b1      0x47a d:/eclipse/embedded/winavr-20100110/bin/../lib/gcc/avr/4.3.3/avr5\libgcc.a(_addsub_sf.o)
 .debug_info    0x0000052b      0x485 d:/eclipse/embedded/winavr-20100110/bin/../lib/gcc/avr/4.3.3/avr5\libgcc.a(_mul_sf.o)
 .debug_info    0x000009b0      0x3fc d:/eclipse/embedded/winavr-20100110/bin/../lib/gcc/avr/4.3.3/avr5\libgcc.a(_div_sf.o)
 .debug_info    0x00000dac      0x27f d:/eclipse/embedded/winavr-20100110/bin/../lib/gcc/avr/4.3.3/avr5\libgcc.a(_gt_sf.o)
 .debug_info    0x0000102b      0x27f d:/eclipse/embedded/winavr-20100110/bin/../lib/gcc/avr/4.3.3/avr5\libgcc.a(_ge_sf.o)
 .debug_info    0x000012aa      0x27f d:/eclipse/embedded/winavr-20100110/bin/../lib/gcc/avr/4.3.3/avr5\libgcc.a(_lt_sf.o)
 .debug_info    0x00001529      0x2b0 d:/eclipse/embedded/winavr-20100110/bin/../lib/gcc/avr/4.3.3/avr5\libgcc.a(_sf_to_si.o)
 .debug_info    0x000017d9      0x12c d:/eclipse/embedded/winavr-20100110/bin/../lib/gcc/avr/4.3.3/avr5\libgcc.a(_thenan_sf.o)
 .debug_info    0x00001905      0x2df d:/eclipse/embedded/winavr-20100110/bin/../lib/gcc/avr/4.3.3/avr5\libgcc.a(_pack_sf.o)
 .debug_info    0x00001be4      0x251 d:/eclipse/embedded/winavr-20100110/bin/../lib/gcc/avr/4.3.3/avr5\libgcc.a(_unpack_sf.o)
 .debug_info    0x00001e35      0x210 d:/eclipse/embedded/winavr-20100110/bin/../lib/gcc/avr/4.3.3/avr5\libgcc.a(_fpcmp_parts_sf.o)
 *(.gnu.linkonce.wi.*)

.debug_abbrev   0x00000000     0x1101
 *(.debug_abbrev)
 .debug_abbrev  0x00000000       0x5d d:/eclipse/embedded/winavr-20100110/bin/../lib/gcc/avr/4.3.3/avr5\libgcc.a(_fixunssfsi.o)
 .debug_abbrev  0x0000005d      0x1ea d:/eclipse/embedded/winavr-20100110/bin/../lib/gcc/avr/4.3.3/avr5\libgcc.a(_addsub_sf.o)
 .debug_abbrev  0x00000247      0x21b d:/eclipse/embedded/winavr-20100110/bin/../lib/gcc/avr/4.3.3/avr5\libgcc.a(_mul_sf.o)
 .debug_abbrev  0x00000462      0x216 d:/eclipse/embedded/winavr-20100110/bin/../lib/gcc/avr/4.3.3/avr5\libgcc.a(_div_sf.o)
 .debug_abbrev  0x00000678      0x15a d:/eclipse/embedded/winavr-20100110/bin/../lib/gcc/avr/4.3.3/avr5\libgcc.a(_gt_sf.o)
 .debug_abbrev  0x000007d2      0x15a d:/eclipse/embedded/winavr-20100110/bin/../lib/gcc/avr/4.3.3/avr5\libgcc.a(_ge_sf.o)
 .debug_abbrev  0x0000092c      0x15a d:/eclipse/embedded/winavr-20100110/bin/../lib/gcc/avr/4.3.3/avr5\libgcc.a(_lt_sf.o)
 .debug_abbrev  0x00000a86      0x17f d:/eclipse/embedded/winavr-20100110/bin/../lib/gcc/avr/4.3.3/avr5\libgcc.a(_sf_to_si.o)
 .debug_abbrev  0x00000c05       0xad d:/eclipse/embedded/winavr-20100110/bin/../lib/gcc/avr/4.3.3/avr5\libgcc.a(_thenan_sf.o)
 .debug_abbrev  0x00000cb2      0x1c0 d:/eclipse/embedded/winavr-20100110/bin/../lib/gcc/avr/4.3.3/avr5\libgcc.a(_pack_sf.o)
 .debug_abbrev  0x00000e72      0x154 d:/eclipse/embedded/winavr-20100110/bin/../lib/gcc/avr/4.3.3/avr5\libgcc.a(_unpack_sf.o)
 .debug_abbrev  0x00000fc6      0x13b d:/eclipse/embedded/winavr-20100110/bin/../lib/gcc/avr/4.3.3/avr5\libgcc.a(_fpcmp_parts_sf.o)

.debug_line     0x00000000      0xf82
 *(.debug_line)
 .debug_line    0x00000000       0xa7 d:/eclipse/embedded/winavr-20100110/bin/../lib/gcc/avr/4.3.3/avr5\libgcc.a(_fixunssfsi.o)
 .debug_line    0x000000a7      0x2af d:/eclipse/embedded/winavr-20100110/bin/../lib/gcc/avr/4.3.3/avr5\libgcc.a(_addsub_sf.o)
 .debug_line    0x00000356      0x239 d:/eclipse/embedded/winavr-20100110/bin/../lib/gcc/avr/4.3.3/avr5\libgcc.a(_mul_sf.o)
 .debug_line    0x0000058f      0x1d5 d:/eclipse/embedded/winavr-20100110/bin/../lib/gcc/avr/4.3.3/avr5\libgcc.a(_div_sf.o)
 .debug_line    0x00000764       0xd3 d:/eclipse/embedded/winavr-20100110/bin/../lib/gcc/avr/4.3.3/avr5\libgcc.a(_gt_sf.o)
 .debug_line    0x00000837       0xd3 d:/eclipse/embedded/winavr-20100110/bin/../lib/gcc/avr/4.3.3/avr5\libgcc.a(_ge_sf.o)
 .debug_line    0x0000090a       0xd3 d:/eclipse/embedded/winavr-20100110/bin/../lib/gcc/avr/4.3.3/avr5\libgcc.a(_lt_sf.o)
 .debug_line    0x000009dd      0x109 d:/eclipse/embedded/winavr-20100110/bin/../lib/gcc/avr/4.3.3/avr5\libgcc.a(_sf_to_si.o)
 .debug_line    0x00000ae6       0x90 d:/eclipse/embedded/winavr-20100110/bin/../lib/gcc/avr/4.3.3/avr5\libgcc.a(_thenan_sf.o)
 .debug_line    0x00000b76      0x18a d:/eclipse/embedded/winavr-20100110/bin/../lib/gcc/avr/4.3.3/avr5\libgcc.a(_pack_sf.o)
 .debug_line    0x00000d00      0x14b d:/eclipse/embedded/winavr-20100110/bin/../lib/gcc/avr/4.3.3/avr5\libgcc.a(_unpack_sf.o)
 .debug_line    0x00000e4b      0x137 d:/eclipse/embedded/winavr-20100110/bin/../lib/gcc/avr/4.3.3/avr5\libgcc.a(_fpcmp_parts_sf.o)

.debug_frame    0x00000000      0x180
 *(.debug_frame)
 .debug_frame   0x00000000       0x20 d:/eclipse/embedded/winavr-20100110/bin/../lib/gcc/avr/4.3.3/avr5\libgcc.a(_fixunssfsi.o)
 .debug_frame   0x00000020       0x40 d:/eclipse/embedded/winavr-20100110/bin/../lib/gcc/avr/4.3.3/avr5\libgcc.a(_addsub_sf.o)
 .debug_frame   0x00000060       0x20 d:/eclipse/embedded/winavr-20100110/bin/../lib/gcc/avr/4.3.3/avr5\libgcc.a(_mul_sf.o)
 .debug_frame   0x00000080       0x20 d:/eclipse/embedded/winavr-20100110/bin/../lib/gcc/avr/4.3.3/avr5\libgcc.a(_div_sf.o)
 .debug_frame   0x000000a0       0x20 d:/eclipse/embedded/winavr-20100110/bin/../lib/gcc/avr/4.3.3/avr5\libgcc.a(_gt_sf.o)
 .debug_frame   0x000000c0       0x20 d:/eclipse/embedded/winavr-20100110/bin/../lib/gcc/avr/4.3.3/avr5\libgcc.a(_ge_sf.o)
 .debug_frame   0x000000e0       0x20 d:/eclipse/embedded/winavr-20100110/bin/../lib/gcc/avr/4.3.3/avr5\libgcc.a(_lt_sf.o)
 .debug_frame   0x00000100       0x20 d:/eclipse/embedded/winavr-20100110/bin/../lib/gcc/avr/4.3.3/avr5\libgcc.a(_sf_to_si.o)
 .debug_frame   0x00000120       0x20 d:/eclipse/embedded/winavr-20100110/bin/../lib/gcc/avr/4.3.3/avr5\libgcc.a(_pack_sf.o)
 .debug_frame   0x00000140       0x20 d:/eclipse/embedded/winavr-20100110/bin/../lib/gcc/avr/4.3.3/avr5\libgcc.a(_unpack_sf.o)
 .debug_frame   0x00000160       0x20 d:/eclipse/embedded/winavr-20100110/bin/../lib/gcc/avr/4.3.3/avr5\libgcc.a(_fpcmp_parts_sf.o)

.debug_str      0x00000000      0x2c2
 *(.debug_str)
 .debug_str     0x00000000       0xbf d:/eclipse/embedded/winavr-20100110/bin/../lib/gcc/avr/4.3.3/avr5\libgcc.a(_fixunssfsi.o)
                                 0xfe (size before relaxing)
 .debug_str     0x000000bf      0x14d d:/eclipse/embedded/winavr-20100110/bin/../lib/gcc/avr/4.3.3/avr5\libgcc.a(_addsub_sf.o)
                                0x206 (size before relaxing)
 .debug_str     0x0000020c       0x27 d:/eclipse/embedded/winavr-20100110/bin/../lib/gcc/avr/4.3.3/avr5\libgcc.a(_mul_sf.o)
                                0x1bf (size before relaxing)
 .debug_str     0x00000233       0x35 d:/eclipse/embedded/winavr-20100110/bin/../lib/gcc/avr/4.3.3/avr5\libgcc.a(_div_sf.o)
                                0x1c8 (size before relaxing)
 .debug_str     0x00000268        0xf d:/eclipse/embedded/winavr-20100110/bin/../lib/gcc/avr/4.3.3/avr5\libgcc.a(_gt_sf.o)
                                0x195 (size before relaxing)
 .debug_str     0x00000277        0x8 d:/eclipse/embedded/winavr-20100110/bin/../lib/gcc/avr/4.3.3/avr5\libgcc.a(_ge_sf.o)
                                0x195 (size before relaxing)
 .debug_str     0x0000027f        0x8 d:/eclipse/embedded/winavr-20100110/bin/../lib/gcc/avr/4.3.3/avr5\libgcc.a(_lt_sf.o)
                                0x195 (size before relaxing)
 .debug_str     0x00000287        0xa d:/eclipse/embedded/winavr-20100110/bin/../lib/gcc/avr/4.3.3/avr5\libgcc.a(_sf_to_si.o)
                                0x19e (size before relaxing)
 .debug_str     0x00000000      0x103 d:/eclipse/embedded/winavr-20100110/bin/../lib/gcc/avr/4.3.3/avr5\libgcc.a(_thenan_sf.o)
 .debug_str     0x00000291       0x16 d:/eclipse/embedded/winavr-20100110/bin/../lib/gcc/avr/4.3.3/avr5\libgcc.a(_pack_sf.o)
                                0x19d (size before relaxing)
 .debug_str     0x000002a7        0xb d:/eclipse/embedded/winavr-20100110/bin/../lib/gcc/avr/4.3.3/avr5\libgcc.a(_unpack_sf.o)
                                0x17f (size before relaxing)
 .debug_str     0x000002b2       0x10 d:/eclipse/embedded/winavr-20100110/bin/../lib/gcc/avr/4.3.3/avr5\libgcc.a(_fpcmp_parts_sf.o)
                                0x163 (size before relaxing)

.debug_loc      0x00000000      0x88e
 *(.debug_loc)
 .debug_loc     0x00000000       0x34 d:/eclipse/embedded/winavr-20100110/bin/../lib/gcc/avr/4.3.3/avr5\libgcc.a(_fixunssfsi.o)
 .debug_loc     0x00000034      0x32a d:/eclipse/embedded/winavr-20100110/bin/../lib/gcc/avr/4.3.3/avr5\libgcc.a(_addsub_sf.o)
 .debug_loc     0x0000035e      0x104 d:/eclipse/embedded/winavr-20100110/bin/../lib/gcc/avr/4.3.3/avr5\libgcc.a(_mul_sf.o)
 .debug_loc     0x00000462       0xc0 d:/eclipse/embedded/winavr-20100110/bin/../lib/gcc/avr/4.3.3/avr5\libgcc.a(_div_sf.o)
 .debug_loc     0x00000522       0x3c d:/eclipse/embedded/winavr-20100110/bin/../lib/gcc/avr/4.3.3/avr5\libgcc.a(_gt_sf.o)
 .debug_loc     0x0000055e       0x3c d:/eclipse/embedded/winavr-20100110/bin/../lib/gcc/avr/4.3.3/avr5\libgcc.a(_ge_sf.o)
 .debug_loc     0x0000059a       0x3c d:/eclipse/embedded/winavr-20100110/bin/../lib/gcc/avr/4.3.3/avr5\libgcc.a(_lt_sf.o)
 .debug_loc     0x000005d6       0x7e d:/eclipse/embedded/winavr-20100110/bin/../lib/gcc/avr/4.3.3/avr5\libgcc.a(_sf_to_si.o)
 .debug_loc     0x00000654      0x13e d:/eclipse/embedded/winavr-20100110/bin/../lib/gcc/avr/4.3.3/avr5\libgcc.a(_pack_sf.o)
 .debug_loc     0x00000792       0xac d:/eclipse/embedded/winavr-20100110/bin/../lib/gcc/avr/4.3.3/avr5\libgcc.a(_unpack_sf.o)
 .debug_loc     0x0000083e       0x50 d:/eclipse/embedded/winavr-20100110/bin/../lib/gcc/avr/4.3.3/avr5\libgcc.a(_fpcmp_parts_sf.o)

.debug_macinfo
 *(.debug_macinfo)
OUTPUT(AVR_SDK.elf elf32-avr)
LOAD linker stubs

.debug_ranges   0x00000000       0x50
 .debug_ranges  0x00000000       0x50 d:/eclipse/embedded/winavr-20100110/bin/../lib/gcc/avr/4.3.3/avr5\libgcc.a(_mul_sf.o)

Cross Reference Table

Symbol                                            File
DIO_PullUp_pin                                    ./hal/DIO/DIO.o
DIO_PullUp_port                                   ./hal/DIO/DIO.o
DIO_clear_pin                                     ./hal/DIO/DIO.o
                                                  ./SERVICE/lcd.o
DIO_clear_port                                    ./hal/DIO/DIO.o
                                                  ./SERVICE/seven_seg.o
                                                  ./SERVICE/keypad.o
DIO_deinit_port                                   ./hal/DIO/DIO.o
                                                  ./SERVICE/lcd.o
DIO_init_port_input                               ./hal/DIO/DIO.o
                                                  ./SERVICE/keypad.o
DIO_init_port_output                              ./hal/DIO/DIO.o
                                                  ./SERVICE/seven_seg.o
                                                  ./SERVICE/lcd.o
DIO_read_pin                                      ./hal/DIO/DIO.o
DIO_read_port                                     ./hal/DIO/DIO.o
                                                  ./Watch.o
                                                  ./SERVICE/keypad.o
DIO_set_pin                                       ./hal/DIO/DIO.o
                                                  ./SERVICE/lcd.o
DIO_set_port                                      ./hal/DIO/DIO.o
                                                  ./SERVICE/seven_seg.o
                                                  ./SERVICE/keypad.o
DIO_write_pin                                     ./hal/DIO/DIO.o
DIO_write_port                                    ./hal/DIO/DIO.o
                                                  ./SERVICE/lcd.o
I2C_init                                          ./hal/I2C/I2C.o
TMU_Dispatch                                      ./SERVICE/TMU.o
TMU_ISR                                           ./SERVICE/TMU.o
TMU_addTimer                                      ./SERVICE/TMU.o
TMU_deinit                                        ./SERVICE/TMU.o
TMU_init                                          ./SERVICE/TMU.o
TMU_removeTimer                                   ./SERVICE/TMU.o
UART_Flush                                        ./hal/UART/USART.o
UART_dataReady                                    ./hal/UART/USART.o
UART_getError                                     ./hal/UART/USART.o
UART_init                                         ./hal/UART/USART.o
UART_readByte                                     ./hal/UART/USART.o
UART_sendByte                                     ./hal/UART/USART.o
UART_sendPacket                                   ./hal/UART/USART.o
UART_sendString                                   ./hal/UART/USART.o
__addsf3                                          d:/eclipse/embedded/winavr-20100110/bin/../lib/gcc/avr/4.3.3/avr5\libgcc.a(_addsub_sf.o)
__bad_interrupt                                   d:/eclipse/embedded/winavr-20100110/bin/../lib/gcc/avr/4.3.3/../../../../avr/lib/avr5/crtm32.o
__bss_end                                         d:/eclipse/embedded/winavr-20100110/bin/../lib/gcc/avr/4.3.3/avr5\libgcc.a(_clear_bss.o)
__bss_start                                       d:/eclipse/embedded/winavr-20100110/bin/../lib/gcc/avr/4.3.3/avr5\libgcc.a(_clear_bss.o)
__data_end                                        d:/eclipse/embedded/winavr-20100110/bin/../lib/gcc/avr/4.3.3/avr5\libgcc.a(_copy_data.o)
__data_load_start                                 d:/eclipse/embedded/winavr-20100110/bin/../lib/gcc/avr/4.3.3/avr5\libgcc.a(_copy_data.o)
__data_start                                      d:/eclipse/embedded/winavr-20100110/bin/../lib/gcc/avr/4.3.3/avr5\libgcc.a(_copy_data.o)
__divmodhi4                                       d:/eclipse/embedded/winavr-20100110/bin/../lib/gcc/avr/4.3.3/avr5\libgcc.a(_divmodhi4.o)
                                                  ./Watch.o
__divsf3                                          d:/eclipse/embedded/winavr-20100110/bin/../lib/gcc/avr/4.3.3/avr5\libgcc.a(_div_sf.o)
                                                  ./SERVICE/lcd.o
__do_clear_bss                                    d:/eclipse/embedded/winavr-20100110/bin/../lib/gcc/avr/4.3.3/avr5\libgcc.a(_clear_bss.o)
                                                  ./Watch.o
                                                  ./SERVICE/seven_seg.o
                                                  ./SERVICE/keypad.o
                                                  ./SERVICE/TMU.o
                                                  ./hal/TIMER/timer.o
__do_copy_data                                    d:/eclipse/embedded/winavr-20100110/bin/../lib/gcc/avr/4.3.3/avr5\libgcc.a(_copy_data.o)
                                                  d:/eclipse/embedded/winavr-20100110/bin/../lib/gcc/avr/4.3.3/avr5\libgcc.a(_thenan_sf.o)
                                                  ./Watch.o
                                                  ./SERVICE/seven_seg.o
                                                  ./SERVICE/lcd.o
                                                  ./SERVICE/keypad.o
__epilogue_restores__                             d:/eclipse/embedded/winavr-20100110/bin/../lib/gcc/avr/4.3.3/avr5\libgcc.a(_epilogue.o)
                                                  d:/eclipse/embedded/winavr-20100110/bin/../lib/gcc/avr/4.3.3/../../../../avr/lib/avr5\libc.a(vfprintf_std.o)
                                                  d:/eclipse/embedded/winavr-20100110/bin/../lib/gcc/avr/4.3.3/../../../../avr/lib/avr5\libc.a(sprintf.o)
                                                  d:/eclipse/embedded/winavr-20100110/bin/../lib/gcc/avr/4.3.3/avr5\libgcc.a(_sf_to_si.o)
                                                  d:/eclipse/embedded/winavr-20100110/bin/../lib/gcc/avr/4.3.3/avr5\libgcc.a(_lt_sf.o)
                                                  d:/eclipse/embedded/winavr-20100110/bin/../lib/gcc/avr/4.3.3/avr5\libgcc.a(_ge_sf.o)
                                                  d:/eclipse/embedded/winavr-20100110/bin/../lib/gcc/avr/4.3.3/avr5\libgcc.a(_gt_sf.o)
                                                  d:/eclipse/embedded/winavr-20100110/bin/../lib/gcc/avr/4.3.3/avr5\libgcc.a(_div_sf.o)
                                                  d:/eclipse/embedded/winavr-20100110/bin/../lib/gcc/avr/4.3.3/avr5\libgcc.a(_mul_sf.o)
                                                  d:/eclipse/embedded/winavr-20100110/bin/../lib/gcc/avr/4.3.3/avr5\libgcc.a(_addsub_sf.o)
__fixsfsi                                         d:/eclipse/embedded/winavr-20100110/bin/../lib/gcc/avr/4.3.3/avr5\libgcc.a(_sf_to_si.o)
                                                  d:/eclipse/embedded/winavr-20100110/bin/../lib/gcc/avr/4.3.3/avr5\libgcc.a(_fixunssfsi.o)
__fixunssfsi                                      d:/eclipse/embedded/winavr-20100110/bin/../lib/gcc/avr/4.3.3/avr5\libgcc.a(_fixunssfsi.o)
                                                  ./SERVICE/lcd.o
__fpcmp_parts_f                                   d:/eclipse/embedded/winavr-20100110/bin/../lib/gcc/avr/4.3.3/avr5\libgcc.a(_fpcmp_parts_sf.o)
                                                  d:/eclipse/embedded/winavr-20100110/bin/../lib/gcc/avr/4.3.3/avr5\libgcc.a(_lt_sf.o)
                                                  d:/eclipse/embedded/winavr-20100110/bin/../lib/gcc/avr/4.3.3/avr5\libgcc.a(_ge_sf.o)
                                                  d:/eclipse/embedded/winavr-20100110/bin/../lib/gcc/avr/4.3.3/avr5\libgcc.a(_gt_sf.o)
__gesf2                                           d:/eclipse/embedded/winavr-20100110/bin/../lib/gcc/avr/4.3.3/avr5\libgcc.a(_ge_sf.o)
                                                  d:/eclipse/embedded/winavr-20100110/bin/../lib/gcc/avr/4.3.3/avr5\libgcc.a(_fixunssfsi.o)
__gtsf2                                           d:/eclipse/embedded/winavr-20100110/bin/../lib/gcc/avr/4.3.3/avr5\libgcc.a(_gt_sf.o)
                                                  ./SERVICE/lcd.o
__heap_end                                        d:/eclipse/embedded/winavr-20100110/bin/../lib/gcc/avr/4.3.3/../../../../avr/lib/avr5/crtm32.o
__init                                            d:/eclipse/embedded/winavr-20100110/bin/../lib/gcc/avr/4.3.3/../../../../avr/lib/avr5/crtm32.o
__ltsf2                                           d:/eclipse/embedded/winavr-20100110/bin/../lib/gcc/avr/4.3.3/avr5\libgcc.a(_lt_sf.o)
                                                  ./SERVICE/lcd.o
__mulsf3                                          d:/eclipse/embedded/winavr-20100110/bin/../lib/gcc/avr/4.3.3/avr5\libgcc.a(_mul_sf.o)
                                                  ./SERVICE/lcd.o
__pack_f                                          d:/eclipse/embedded/winavr-20100110/bin/../lib/gcc/avr/4.3.3/avr5\libgcc.a(_pack_sf.o)
                                                  d:/eclipse/embedded/winavr-20100110/bin/../lib/gcc/avr/4.3.3/avr5\libgcc.a(_div_sf.o)
                                                  d:/eclipse/embedded/winavr-20100110/bin/../lib/gcc/avr/4.3.3/avr5\libgcc.a(_mul_sf.o)
                                                  d:/eclipse/embedded/winavr-20100110/bin/../lib/gcc/avr/4.3.3/avr5\libgcc.a(_addsub_sf.o)
__prologue_saves__                                d:/eclipse/embedded/winavr-20100110/bin/../lib/gcc/avr/4.3.3/avr5\libgcc.a(_prologue.o)
                                                  d:/eclipse/embedded/winavr-20100110/bin/../lib/gcc/avr/4.3.3/../../../../avr/lib/avr5\libc.a(vfprintf_std.o)
                                                  d:/eclipse/embedded/winavr-20100110/bin/../lib/gcc/avr/4.3.3/../../../../avr/lib/avr5\libc.a(sprintf.o)
                                                  d:/eclipse/embedded/winavr-20100110/bin/../lib/gcc/avr/4.3.3/avr5\libgcc.a(_sf_to_si.o)
                                                  d:/eclipse/embedded/winavr-20100110/bin/../lib/gcc/avr/4.3.3/avr5\libgcc.a(_lt_sf.o)
                                                  d:/eclipse/embedded/winavr-20100110/bin/../lib/gcc/avr/4.3.3/avr5\libgcc.a(_ge_sf.o)
                                                  d:/eclipse/embedded/winavr-20100110/bin/../lib/gcc/avr/4.3.3/avr5\libgcc.a(_gt_sf.o)
                                                  d:/eclipse/embedded/winavr-20100110/bin/../lib/gcc/avr/4.3.3/avr5\libgcc.a(_div_sf.o)
                                                  d:/eclipse/embedded/winavr-20100110/bin/../lib/gcc/avr/4.3.3/avr5\libgcc.a(_mul_sf.o)
                                                  d:/eclipse/embedded/winavr-20100110/bin/../lib/gcc/avr/4.3.3/avr5\libgcc.a(_addsub_sf.o)
__stack                                           d:/eclipse/embedded/winavr-20100110/bin/../lib/gcc/avr/4.3.3/../../../../avr/lib/avr5/crtm32.o
__subsf3                                          d:/eclipse/embedded/winavr-20100110/bin/../lib/gcc/avr/4.3.3/avr5\libgcc.a(_addsub_sf.o)
                                                  d:/eclipse/embedded/winavr-20100110/bin/../lib/gcc/avr/4.3.3/avr5\libgcc.a(_fixunssfsi.o)
__thenan_sf                                       d:/eclipse/embedded/winavr-20100110/bin/../lib/gcc/avr/4.3.3/avr5\libgcc.a(_thenan_sf.o)
                                                  d:/eclipse/embedded/winavr-20100110/bin/../lib/gcc/avr/4.3.3/avr5\libgcc.a(_div_sf.o)
                                                  d:/eclipse/embedded/winavr-20100110/bin/../lib/gcc/avr/4.3.3/avr5\libgcc.a(_mul_sf.o)
                                                  d:/eclipse/embedded/winavr-20100110/bin/../lib/gcc/avr/4.3.3/avr5\libgcc.a(_addsub_sf.o)
__udivmodhi4                                      d:/eclipse/embedded/winavr-20100110/bin/../lib/gcc/avr/4.3.3/avr5\libgcc.a(_udivmodhi4.o)
                                                  d:/eclipse/embedded/winavr-20100110/bin/../lib/gcc/avr/4.3.3/avr5\libgcc.a(_divmodhi4.o)
__udivmodsi4                                      d:/eclipse/embedded/winavr-20100110/bin/../lib/gcc/avr/4.3.3/avr5\libgcc.a(_udivmodsi4.o)
                                                  ./SERVICE/TMU.o
__ultoa_invert                                    d:/eclipse/embedded/winavr-20100110/bin/../lib/gcc/avr/4.3.3/../../../../avr/lib/avr5\libc.a(ultoa_invert.o)
                                                  d:/eclipse/embedded/winavr-20100110/bin/../lib/gcc/avr/4.3.3/../../../../avr/lib/avr5\libc.a(vfprintf_std.o)
__unpack_f                                        d:/eclipse/embedded/winavr-20100110/bin/../lib/gcc/avr/4.3.3/avr5\libgcc.a(_unpack_sf.o)
                                                  d:/eclipse/embedded/winavr-20100110/bin/../lib/gcc/avr/4.3.3/avr5\libgcc.a(_sf_to_si.o)
                                                  d:/eclipse/embedded/winavr-20100110/bin/../lib/gcc/avr/4.3.3/avr5\libgcc.a(_lt_sf.o)
                                                  d:/eclipse/embedded/winavr-20100110/bin/../lib/gcc/avr/4.3.3/avr5\libgcc.a(_ge_sf.o)
                                                  d:/eclipse/embedded/winavr-20100110/bin/../lib/gcc/avr/4.3.3/avr5\libgcc.a(_gt_sf.o)
                                                  d:/eclipse/embedded/winavr-20100110/bin/../lib/gcc/avr/4.3.3/avr5\libgcc.a(_div_sf.o)
                                                  d:/eclipse/embedded/winavr-20100110/bin/../lib/gcc/avr/4.3.3/avr5\libgcc.a(_mul_sf.o)
                                                  d:/eclipse/embedded/winavr-20100110/bin/../lib/gcc/avr/4.3.3/avr5\libgcc.a(_addsub_sf.o)
__vector_1                                        d:/eclipse/embedded/winavr-20100110/bin/../lib/gcc/avr/4.3.3/../../../../avr/lib/avr5/crtm32.o
__vector_10                                       ./hal/TIMER/timer.o
                                                  d:/eclipse/embedded/winavr-20100110/bin/../lib/gcc/avr/4.3.3/../../../../avr/lib/avr5/crtm32.o
__vector_11                                       d:/eclipse/embedded/winavr-20100110/bin/../lib/gcc/avr/4.3.3/../../../../avr/lib/avr5/crtm32.o
__vector_12                                       d:/eclipse/embedded/winavr-20100110/bin/../lib/gcc/avr/4.3.3/../../../../avr/lib/avr5/crtm32.o
__vector_13                                       d:/eclipse/embedded/winavr-20100110/bin/../lib/gcc/avr/4.3.3/../../../../avr/lib/avr5/crtm32.o
__vector_14                                       d:/eclipse/embedded/winavr-20100110/bin/../lib/gcc/avr/4.3.3/../../../../avr/lib/avr5/crtm32.o
__vector_15                                       d:/eclipse/embedded/winavr-20100110/bin/../lib/gcc/avr/4.3.3/../../../../avr/lib/avr5/crtm32.o
__vector_16                                       d:/eclipse/embedded/winavr-20100110/bin/../lib/gcc/avr/4.3.3/../../../../avr/lib/avr5/crtm32.o
__vector_17                                       d:/eclipse/embedded/winavr-20100110/bin/../lib/gcc/avr/4.3.3/../../../../avr/lib/avr5/crtm32.o
__vector_18                                       d:/eclipse/embedded/winavr-20100110/bin/../lib/gcc/avr/4.3.3/../../../../avr/lib/avr5/crtm32.o
__vector_19                                       d:/eclipse/embedded/winavr-20100110/bin/../lib/gcc/avr/4.3.3/../../../../avr/lib/avr5/crtm32.o
__vector_2                                        d:/eclipse/embedded/winavr-20100110/bin/../lib/gcc/avr/4.3.3/../../../../avr/lib/avr5/crtm32.o
__vector_20                                       d:/eclipse/embedded/winavr-20100110/bin/../lib/gcc/avr/4.3.3/../../../../avr/lib/avr5/crtm32.o
__vector_3                                        d:/eclipse/embedded/winavr-20100110/bin/../lib/gcc/avr/4.3.3/../../../../avr/lib/avr5/crtm32.o
__vector_4                                        ./hal/TIMER/timer.o
                                                  d:/eclipse/embedded/winavr-20100110/bin/../lib/gcc/avr/4.3.3/../../../../avr/lib/avr5/crtm32.o
__vector_5                                        d:/eclipse/embedded/winavr-20100110/bin/../lib/gcc/avr/4.3.3/../../../../avr/lib/avr5/crtm32.o
__vector_6                                        d:/eclipse/embedded/winavr-20100110/bin/../lib/gcc/avr/4.3.3/../../../../avr/lib/avr5/crtm32.o
__vector_7                                        d:/eclipse/embedded/winavr-20100110/bin/../lib/gcc/avr/4.3.3/../../../../avr/lib/avr5/crtm32.o
__vector_8                                        d:/eclipse/embedded/winavr-20100110/bin/../lib/gcc/avr/4.3.3/../../../../avr/lib/avr5/crtm32.o
__vector_9                                        d:/eclipse/embedded/winavr-20100110/bin/../lib/gcc/avr/4.3.3/../../../../avr/lib/avr5/crtm32.o
__vector_default                                  d:/eclipse/embedded/winavr-20100110/bin/../lib/gcc/avr/4.3.3/../../../../avr/lib/avr5/crtm32.o
__vectors                                         d:/eclipse/embedded/winavr-20100110/bin/../lib/gcc/avr/4.3.3/../../../../avr/lib/avr5/crtm32.o
_div                                              d:/eclipse/embedded/winavr-20100110/bin/../lib/gcc/avr/4.3.3/avr5\libgcc.a(_divmodhi4.o)
_exit                                             d:/eclipse/embedded/winavr-20100110/bin/../lib/gcc/avr/4.3.3/avr5\libgcc.a(_exit.o)
currMin                                           ./Watch.o
currSec                                           ./Watch.o
exit                                              d:/eclipse/embedded/winavr-20100110/bin/../lib/gcc/avr/4.3.3/avr5\libgcc.a(_exit.o)
                                                  d:/eclipse/embedded/winavr-20100110/bin/../lib/gcc/avr/4.3.3/../../../../avr/lib/avr5/crtm32.o
fputc                                             d:/eclipse/embedded/winavr-20100110/bin/../lib/gcc/avr/4.3.3/../../../../avr/lib/avr5\libc.a(fputc.o)
                                                  d:/eclipse/embedded/winavr-20100110/bin/../lib/gcc/avr/4.3.3/../../../../avr/lib/avr5\libc.a(vfprintf_std.o)
function1                                         ./Watch.o
function2                                         ./Watch.o
function3                                         ./Watch.o
hal_deinit_timer                                  ./hal/TIMER/timer.o
hal_init_timer                                    ./hal/TIMER/timer.o
                                                  ./SERVICE/TMU.o
hal_is_timer_finish                               ./hal/TIMER/timer.o
hal_read_timer                                    ./hal/TIMER/timer.o
hal_update_cmp_timer                              ./hal/TIMER/timer.o
                                                  ./SERVICE/TMU.o
hal_update_timer                                  ./hal/TIMER/timer.o
                                                  ./SERVICE/TMU.o
keypad_dispatch                                   ./SERVICE/keypad.o
                                                  ./Watch.o
keypad_get_key                                    ./SERVICE/keypad.o
                                                  ./Watch.o
keypad_init                                       ./SERVICE/keypad.o
                                                  ./Watch.o
lcd_clear                                         ./SERVICE/lcd.o
lcd_deinit                                        ./SERVICE/lcd.o
lcd_gotoxy                                        ./SERVICE/lcd.o
                                                  ./Watch.o
lcd_init                                          ./SERVICE/lcd.o
                                                  ./Watch.o
lcd_print                                         ./SERVICE/lcd.o
                                                  ./Watch.o
lcd_send_command                                  ./SERVICE/lcd.o
lcd_send_data                                     ./SERVICE/lcd.o
main                                              ./Watch.o
                                                  d:/eclipse/embedded/winavr-20100110/bin/../lib/gcc/avr/4.3.3/../../../../avr/lib/avr5/crtm32.o
minID1                                            ./Watch.o
minID10                                           ./Watch.o
secID1                                            ./Watch.o
secID10                                           ./Watch.o
seven_seg_deinit                                  ./SERVICE/seven_seg.o
seven_seg_display                                 ./SERVICE/seven_seg.o
                                                  ./Watch.o
seven_seg_init                                    ./SERVICE/seven_seg.o
seven_seg_reset                                   ./SERVICE/seven_seg.o
sprintf                                           d:/eclipse/embedded/winavr-20100110/bin/../lib/gcc/avr/4.3.3/../../../../avr/lib/avr5\libc.a(sprintf.o)
                                                  ./Watch.o
strnlen                                           d:/eclipse/embedded/winavr-20100110/bin/../lib/gcc/avr/4.3.3/../../../../avr/lib/avr5\libc.a(strnlen.o)
                                                  d:/eclipse/embedded/winavr-20100110/bin/../lib/gcc/avr/4.3.3/../../../../avr/lib/avr5\libc.a(vfprintf_std.o)
strnlen_P                                         d:/eclipse/embedded/winavr-20100110/bin/../lib/gcc/avr/4.3.3/../../../../avr/lib/avr5\libc.a(strnlen_P.o)
                                                  d:/eclipse/embedded/winavr-20100110/bin/../lib/gcc/avr/4.3.3/../../../../avr/lib/avr5\libc.a(vfprintf_std.o)
t0_isr                                            ./hal/TIMER/timer.o
t1_isr                                            ./hal/TIMER/timer.o
t2_isr                                            ./hal/TIMER/timer.o
vfprintf                                          d:/eclipse/embedded/winavr-20100110/bin/../lib/gcc/avr/4.3.3/../../../../avr/lib/avr5\libc.a(vfprintf_std.o)
                                                  d:/eclipse/embedded/winavr-20100110/bin/../lib/gcc/avr/4.3.3/../../../../avr/lib/avr5\libc.a(sprintf.o)
