Archive member included because of file (symbol)

d:/eclipse/embedded/winavr-20100110/bin/../lib/gcc/avr/4.3.3/avr5\libgcc.a(_divmodhi4.o)
                              ./Watch.o (__divmodhi4)
d:/eclipse/embedded/winavr-20100110/bin/../lib/gcc/avr/4.3.3/avr5\libgcc.a(_udivmodsi4.o)
                              ./SERVICE/TMU.o (__udivmodsi4)
d:/eclipse/embedded/winavr-20100110/bin/../lib/gcc/avr/4.3.3/avr5\libgcc.a(_exit.o)
                              d:/eclipse/embedded/winavr-20100110/bin/../lib/gcc/avr/4.3.3/../../../../avr/lib/avr5/crtm32.o (exit)
d:/eclipse/embedded/winavr-20100110/bin/../lib/gcc/avr/4.3.3/avr5\libgcc.a(_copy_data.o)
                              ./SERVICE/keypad.o (__do_copy_data)
d:/eclipse/embedded/winavr-20100110/bin/../lib/gcc/avr/4.3.3/avr5\libgcc.a(_clear_bss.o)
                              ./hal/UART/UART.o (__do_clear_bss)
d:/eclipse/embedded/winavr-20100110/bin/../lib/gcc/avr/4.3.3/avr5\libgcc.a(_fixunssfsi.o)
                              ./hal/UART/UART.o (__fixunssfsi)
d:/eclipse/embedded/winavr-20100110/bin/../lib/gcc/avr/4.3.3/avr5\libgcc.a(_floatdisf.o)
                              ./hal/UART/UART.o (__floatdisf)
d:/eclipse/embedded/winavr-20100110/bin/../lib/gcc/avr/4.3.3/avr5\libgcc.a(_divdi3.o)
                              ./hal/UART/UART.o (__divdi3)
d:/eclipse/embedded/winavr-20100110/bin/../lib/gcc/avr/4.3.3/avr5\libgcc.a(_addsub_sf.o)
                              d:/eclipse/embedded/winavr-20100110/bin/../lib/gcc/avr/4.3.3/avr5\libgcc.a(_fixunssfsi.o) (__subsf3)
d:/eclipse/embedded/winavr-20100110/bin/../lib/gcc/avr/4.3.3/avr5\libgcc.a(_mul_sf.o)
                              ./SERVICE/lcd.o (__mulsf3)
d:/eclipse/embedded/winavr-20100110/bin/../lib/gcc/avr/4.3.3/avr5\libgcc.a(_div_sf.o)
                              ./SERVICE/lcd.o (__divsf3)
d:/eclipse/embedded/winavr-20100110/bin/../lib/gcc/avr/4.3.3/avr5\libgcc.a(_gt_sf.o)
                              ./SERVICE/lcd.o (__gtsf2)
d:/eclipse/embedded/winavr-20100110/bin/../lib/gcc/avr/4.3.3/avr5\libgcc.a(_ge_sf.o)
                              d:/eclipse/embedded/winavr-20100110/bin/../lib/gcc/avr/4.3.3/avr5\libgcc.a(_fixunssfsi.o) (__gesf2)
d:/eclipse/embedded/winavr-20100110/bin/../lib/gcc/avr/4.3.3/avr5\libgcc.a(_lt_sf.o)
                              ./SERVICE/lcd.o (__ltsf2)
d:/eclipse/embedded/winavr-20100110/bin/../lib/gcc/avr/4.3.3/avr5\libgcc.a(_si_to_sf.o)
                              d:/eclipse/embedded/winavr-20100110/bin/../lib/gcc/avr/4.3.3/avr5\libgcc.a(_floatdisf.o) (__floatsisf)
d:/eclipse/embedded/winavr-20100110/bin/../lib/gcc/avr/4.3.3/avr5\libgcc.a(_sf_to_si.o)
                              d:/eclipse/embedded/winavr-20100110/bin/../lib/gcc/avr/4.3.3/avr5\libgcc.a(_fixunssfsi.o) (__fixsfsi)
d:/eclipse/embedded/winavr-20100110/bin/../lib/gcc/avr/4.3.3/avr5\libgcc.a(_thenan_sf.o)
                              d:/eclipse/embedded/winavr-20100110/bin/../lib/gcc/avr/4.3.3/avr5\libgcc.a(_addsub_sf.o) (__thenan_sf)
d:/eclipse/embedded/winavr-20100110/bin/../lib/gcc/avr/4.3.3/avr5\libgcc.a(_mulsi3.o)
                              d:/eclipse/embedded/winavr-20100110/bin/../lib/gcc/avr/4.3.3/avr5\libgcc.a(_divdi3.o) (__mulsi3)
d:/eclipse/embedded/winavr-20100110/bin/../lib/gcc/avr/4.3.3/avr5\libgcc.a(_udivmodhi4.o)
                              d:/eclipse/embedded/winavr-20100110/bin/../lib/gcc/avr/4.3.3/avr5\libgcc.a(_divmodhi4.o) (__udivmodhi4)
d:/eclipse/embedded/winavr-20100110/bin/../lib/gcc/avr/4.3.3/avr5\libgcc.a(_prologue.o)
                              d:/eclipse/embedded/winavr-20100110/bin/../lib/gcc/avr/4.3.3/avr5\libgcc.a(_floatdisf.o) (__prologue_saves__)
d:/eclipse/embedded/winavr-20100110/bin/../lib/gcc/avr/4.3.3/avr5\libgcc.a(_epilogue.o)
                              d:/eclipse/embedded/winavr-20100110/bin/../lib/gcc/avr/4.3.3/avr5\libgcc.a(_floatdisf.o) (__epilogue_restores__)
d:/eclipse/embedded/winavr-20100110/bin/../lib/gcc/avr/4.3.3/avr5\libgcc.a(_ashrdi3.o)
                              d:/eclipse/embedded/winavr-20100110/bin/../lib/gcc/avr/4.3.3/avr5\libgcc.a(_floatdisf.o) (__ashrdi3)
d:/eclipse/embedded/winavr-20100110/bin/../lib/gcc/avr/4.3.3/avr5\libgcc.a(_clz.o)
                              d:/eclipse/embedded/winavr-20100110/bin/../lib/gcc/avr/4.3.3/avr5\libgcc.a(_floatdisf.o) (__clz_tab)
d:/eclipse/embedded/winavr-20100110/bin/../lib/gcc/avr/4.3.3/avr5\libgcc.a(_clzsi2.o)
                              d:/eclipse/embedded/winavr-20100110/bin/../lib/gcc/avr/4.3.3/avr5\libgcc.a(_si_to_sf.o) (__clzsi2)
d:/eclipse/embedded/winavr-20100110/bin/../lib/gcc/avr/4.3.3/avr5\libgcc.a(_pack_sf.o)
                              d:/eclipse/embedded/winavr-20100110/bin/../lib/gcc/avr/4.3.3/avr5\libgcc.a(_addsub_sf.o) (__pack_f)
d:/eclipse/embedded/winavr-20100110/bin/../lib/gcc/avr/4.3.3/avr5\libgcc.a(_unpack_sf.o)
                              d:/eclipse/embedded/winavr-20100110/bin/../lib/gcc/avr/4.3.3/avr5\libgcc.a(_addsub_sf.o) (__unpack_f)
d:/eclipse/embedded/winavr-20100110/bin/../lib/gcc/avr/4.3.3/avr5\libgcc.a(_fpcmp_parts_sf.o)
                              d:/eclipse/embedded/winavr-20100110/bin/../lib/gcc/avr/4.3.3/avr5\libgcc.a(_gt_sf.o) (__fpcmp_parts_f)
d:/eclipse/embedded/winavr-20100110/bin/../lib/gcc/avr/4.3.3/../../../../avr/lib/avr5\libm.a(round.o)
                              ./hal/UART/UART.o (round)
d:/eclipse/embedded/winavr-20100110/bin/../lib/gcc/avr/4.3.3/../../../../avr/lib/avr5\libm.a(fp_mintl.o)
                              d:/eclipse/embedded/winavr-20100110/bin/../lib/gcc/avr/4.3.3/../../../../avr/lib/avr5\libm.a(round.o) (__fp_mintl)
d:/eclipse/embedded/winavr-20100110/bin/../lib/gcc/avr/4.3.3/../../../../avr/lib/avr5\libm.a(fp_mpack.o)
                              d:/eclipse/embedded/winavr-20100110/bin/../lib/gcc/avr/4.3.3/../../../../avr/lib/avr5\libm.a(round.o) (__fp_mpack)
d:/eclipse/embedded/winavr-20100110/bin/../lib/gcc/avr/4.3.3/../../../../avr/lib/avr5\libm.a(fp_split3.o)
                              d:/eclipse/embedded/winavr-20100110/bin/../lib/gcc/avr/4.3.3/../../../../avr/lib/avr5\libm.a(round.o) (__fp_splitA)
d:/eclipse/embedded/winavr-20100110/bin/../lib/gcc/avr/4.3.3/../../../../avr/lib/avr5\libm.a(fp_zero.o)
                              d:/eclipse/embedded/winavr-20100110/bin/../lib/gcc/avr/4.3.3/../../../../avr/lib/avr5\libm.a(round.o) (__fp_szero)

Allocating common symbols
Common symbol       size              file

lcd                 0x6               ./Watch.o
minID10             0x1               ./Watch.o
t1_isr              0x2               ./hal/TIMER/timer.o
secID1              0x1               ./Watch.o
ISR_USART_RXC       0x2               ./hal/UART/UART.o
ISR_USART_TXC       0x2               ./hal/UART/UART.o
flag                0x1               ./Watch.o
t0_isr              0x2               ./hal/TIMER/timer.o
t2_isr              0x2               ./hal/TIMER/timer.o
secID10             0x1               ./Watch.o
RX_hook_receive_complete
                    0x2               ./SERVICE/com.o
ISR_USART_DRE       0x2               ./hal/UART/UART.o
minID1              0x1               ./Watch.o

Discarded input sections

 .data          0x00000000        0x0 d:/eclipse/embedded/winavr-20100110/bin/../lib/gcc/avr/4.3.3/../../../../avr/lib/avr5/crtm32.o
 .bss           0x00000000        0x0 d:/eclipse/embedded/winavr-20100110/bin/../lib/gcc/avr/4.3.3/../../../../avr/lib/avr5/crtm32.o
 .text          0x00000000        0x0 ./hal/UART/UART.o
 .data          0x00000000        0x0 ./hal/UART/UART.o
 .bss           0x00000000        0x0 ./hal/UART/UART.o
 .text.UART_getError
                0x00000000        0x0 ./hal/UART/UART.o
 .text.UART_readByte
                0x00000000        0x0 ./hal/UART/UART.o
 .text.UART_sendByte
                0x00000000        0x0 ./hal/UART/UART.o
 .text.UART_sendString
                0x00000000        0x0 ./hal/UART/UART.o
 .text.UART_sendPacket
                0x00000000        0x0 ./hal/UART/UART.o
 .text.UART_dataReady
                0x00000000        0x0 ./hal/UART/UART.o
 .text.UART_Flush
                0x00000000        0x0 ./hal/UART/UART.o
 .text.UART_deinit
                0x00000000        0x0 ./hal/UART/UART.o
 .text          0x00000000        0x0 ./hal/TIMER/timer.o
 .data          0x00000000        0x0 ./hal/TIMER/timer.o
 .bss           0x00000000        0x0 ./hal/TIMER/timer.o
 .text.hal_init_timer
                0x00000000        0x0 ./hal/TIMER/timer.o
 .text.hal_read_timer
                0x00000000        0x0 ./hal/TIMER/timer.o
 .text.hal_update_timer
                0x00000000        0x0 ./hal/TIMER/timer.o
 .text.hal_is_timer_finish
                0x00000000        0x0 ./hal/TIMER/timer.o
 .text.hal_update_cmp_timer
                0x00000000        0x0 ./hal/TIMER/timer.o
 .text.hal_deinit_timer
                0x00000000        0x0 ./hal/TIMER/timer.o
 .text          0x00000000        0x0 ./hal/I2C/I2C.o
 .data          0x00000000        0x0 ./hal/I2C/I2C.o
 .bss           0x00000000        0x0 ./hal/I2C/I2C.o
 .text.I2C_init
                0x00000000        0x0 ./hal/I2C/I2C.o
 .text          0x00000000        0x0 ./hal/DIO/DIO.o
 .data          0x00000000        0x0 ./hal/DIO/DIO.o
 .bss           0x00000000        0x0 ./hal/DIO/DIO.o
 .text.DIO_init_port_input
                0x00000000        0x0 ./hal/DIO/DIO.o
 .text.DIO_set_port
                0x00000000        0x0 ./hal/DIO/DIO.o
 .text.DIO_clear_port
                0x00000000        0x0 ./hal/DIO/DIO.o
 .text.DIO_read_port
                0x00000000        0x0 ./hal/DIO/DIO.o
 .text.DIO_PullUp_port
                0x00000000        0x0 ./hal/DIO/DIO.o
 .text.DIO_PullUp_pin
                0x00000000        0x0 ./hal/DIO/DIO.o
 .text.DIO_deinit_port
                0x00000000        0x0 ./hal/DIO/DIO.o
 .text          0x00000000        0x0 ./SERVICE/TMU.o
 .data          0x00000000        0x0 ./SERVICE/TMU.o
 .bss           0x00000000        0x0 ./SERVICE/TMU.o
 .text.TMU_ISR  0x00000000        0x0 ./SERVICE/TMU.o
 .text.TMU_init
                0x00000000        0x0 ./SERVICE/TMU.o
 .text.TMU_addTimer
                0x00000000        0x0 ./SERVICE/TMU.o
 .text.TMU_removeTimer
                0x00000000        0x0 ./SERVICE/TMU.o
 .text.TMU_Dispatch
                0x00000000        0x0 ./SERVICE/TMU.o
 .text.TMU_deinit
                0x00000000        0x0 ./SERVICE/TMU.o
 .bss.Timer_Objects
                0x00000000        0x0 ./SERVICE/TMU.o
 .bss.timerResolution
                0x00000000        0x0 ./SERVICE/TMU.o
 .bss.timerCount
                0x00000000        0x0 ./SERVICE/TMU.o
 .bss.timerObj  0x00000000        0x0 ./SERVICE/TMU.o
 .text          0x00000000        0x0 ./SERVICE/com.o
 .data          0x00000000        0x0 ./SERVICE/com.o
 .bss           0x00000000        0x0 ./SERVICE/com.o
 .bss.RX_DataLock
                0x00000000        0x0 ./SERVICE/com.o
 .text.RX_com_reset
                0x00000000        0x0 ./SERVICE/com.o
 .text.TX_com_callback
                0x00000000        0x0 ./SERVICE/com.o
 .text.RX_com_callback
                0x00000000        0x0 ./SERVICE/com.o
 .text.chech_sum
                0x00000000        0x0 ./SERVICE/com.o
 .text.RX_com_init
                0x00000000        0x0 ./SERVICE/com.o
 .text.RX_com_receive
                0x00000000        0x0 ./SERVICE/com.o
 .text.RX_check_header
                0x00000000        0x0 ./SERVICE/com.o
 .text.RX_com_dispatch
                0x00000000        0x0 ./SERVICE/com.o
 .bss.gRX_state
                0x00000000        0x0 ./SERVICE/com.o
 .bss.gTX_state
                0x00000000        0x0 ./SERVICE/com.o
 .bss.RX_main_frame_current_idx
                0x00000000        0x0 ./SERVICE/com.o
 .bss.TX_main_frame_current_idx
                0x00000000        0x0 ./SERVICE/com.o
 .bss.RX_main_frame
                0x00000000        0x0 ./SERVICE/com.o
 .bss.RX_flag_data_received
                0x00000000        0x0 ./SERVICE/com.o
 .bss.TX_flag_data_received
                0x00000000        0x0 ./SERVICE/com.o
 COMMON         0x00000000        0x0 ./SERVICE/com.o
 .text          0x00000000        0x0 ./SERVICE/keypad.o
 .data          0x00000000        0x0 ./SERVICE/keypad.o
 .bss           0x00000000        0x0 ./SERVICE/keypad.o
 .data.chars    0x00000000        0x0 ./SERVICE/keypad.o
 .bss.last_click
                0x00000000        0x0 ./SERVICE/keypad.o
 .text.keypad_init
                0x00000000        0x0 ./SERVICE/keypad.o
 .text.read_input
                0x00000000        0x0 ./SERVICE/keypad.o
 .text.keypad_dispatch
                0x00000000        0x0 ./SERVICE/keypad.o
 .text.keypad_get_key
                0x00000000        0x0 ./SERVICE/keypad.o
 .text          0x00000000        0x0 ./SERVICE/lcd.o
 .data          0x00000000        0x0 ./SERVICE/lcd.o
 .bss           0x00000000        0x0 ./SERVICE/lcd.o
 .text.lcd_print
                0x00000000        0x0 ./SERVICE/lcd.o
 .text.lcd_clear
                0x00000000        0x0 ./SERVICE/lcd.o
 .text.lcd_deinit
                0x00000000        0x0 ./SERVICE/lcd.o
 .text          0x00000000        0x0 ./SERVICE/seven_seg.o
 .data          0x00000000        0x0 ./SERVICE/seven_seg.o
 .bss           0x00000000        0x0 ./SERVICE/seven_seg.o
 .rodata.pattern
                0x00000000        0x0 ./SERVICE/seven_seg.o
 .bss.handler_counter
                0x00000000        0x0 ./SERVICE/seven_seg.o
 .text.seven_seg_init
                0x00000000        0x0 ./SERVICE/seven_seg.o
 .text.seven_seg_display
                0x00000000        0x0 ./SERVICE/seven_seg.o
 .text.seven_seg_reset
                0x00000000        0x0 ./SERVICE/seven_seg.o
 .text.seven_seg_deinit
                0x00000000        0x0 ./SERVICE/seven_seg.o
 .bss.ga_seven_handlers
                0x00000000        0x0 ./SERVICE/seven_seg.o
 .text          0x00000000        0x0 ./ECU/E2PROM/E2PROM.o
 .data          0x00000000        0x0 ./ECU/E2PROM/E2PROM.o
 .bss           0x00000000        0x0 ./ECU/E2PROM/E2PROM.o
 .text          0x00000000        0x0 ./Watch.o
 .data          0x00000000        0x0 ./Watch.o
 .bss           0x00000000        0x0 ./Watch.o
 .data.currSec  0x00000000        0x0 ./Watch.o
 .data.currMin  0x00000000        0x0 ./Watch.o
 .text.function1
                0x00000000        0x0 ./Watch.o
 .text.function2
                0x00000000        0x0 ./Watch.o
 .text.function3
                0x00000000        0x0 ./Watch.o
 .text.tx       0x00000000        0x0 ./Watch.o
 .text          0x00000000        0x0 d:/eclipse/embedded/winavr-20100110/bin/../lib/gcc/avr/4.3.3/avr5\libgcc.a(_divmodhi4.o)
 .data          0x00000000        0x0 d:/eclipse/embedded/winavr-20100110/bin/../lib/gcc/avr/4.3.3/avr5\libgcc.a(_divmodhi4.o)
 .bss           0x00000000        0x0 d:/eclipse/embedded/winavr-20100110/bin/../lib/gcc/avr/4.3.3/avr5\libgcc.a(_divmodhi4.o)
 .text.libgcc   0x00000000        0x0 d:/eclipse/embedded/winavr-20100110/bin/../lib/gcc/avr/4.3.3/avr5\libgcc.a(_divmodhi4.o)
 .text          0x00000000        0x0 d:/eclipse/embedded/winavr-20100110/bin/../lib/gcc/avr/4.3.3/avr5\libgcc.a(_udivmodsi4.o)
 .data          0x00000000        0x0 d:/eclipse/embedded/winavr-20100110/bin/../lib/gcc/avr/4.3.3/avr5\libgcc.a(_udivmodsi4.o)
 .bss           0x00000000        0x0 d:/eclipse/embedded/winavr-20100110/bin/../lib/gcc/avr/4.3.3/avr5\libgcc.a(_udivmodsi4.o)
 .text          0x00000000        0x0 d:/eclipse/embedded/winavr-20100110/bin/../lib/gcc/avr/4.3.3/avr5\libgcc.a(_exit.o)
 .data          0x00000000        0x0 d:/eclipse/embedded/winavr-20100110/bin/../lib/gcc/avr/4.3.3/avr5\libgcc.a(_exit.o)
 .bss           0x00000000        0x0 d:/eclipse/embedded/winavr-20100110/bin/../lib/gcc/avr/4.3.3/avr5\libgcc.a(_exit.o)
 .text.libgcc   0x00000000        0x0 d:/eclipse/embedded/winavr-20100110/bin/../lib/gcc/avr/4.3.3/avr5\libgcc.a(_exit.o)
 .text          0x00000000        0x0 d:/eclipse/embedded/winavr-20100110/bin/../lib/gcc/avr/4.3.3/avr5\libgcc.a(_copy_data.o)
 .data          0x00000000        0x0 d:/eclipse/embedded/winavr-20100110/bin/../lib/gcc/avr/4.3.3/avr5\libgcc.a(_copy_data.o)
 .bss           0x00000000        0x0 d:/eclipse/embedded/winavr-20100110/bin/../lib/gcc/avr/4.3.3/avr5\libgcc.a(_copy_data.o)
 .text.libgcc   0x00000000        0x0 d:/eclipse/embedded/winavr-20100110/bin/../lib/gcc/avr/4.3.3/avr5\libgcc.a(_copy_data.o)
 .text          0x00000000        0x0 d:/eclipse/embedded/winavr-20100110/bin/../lib/gcc/avr/4.3.3/avr5\libgcc.a(_clear_bss.o)
 .data          0x00000000        0x0 d:/eclipse/embedded/winavr-20100110/bin/../lib/gcc/avr/4.3.3/avr5\libgcc.a(_clear_bss.o)
 .bss           0x00000000        0x0 d:/eclipse/embedded/winavr-20100110/bin/../lib/gcc/avr/4.3.3/avr5\libgcc.a(_clear_bss.o)
 .text.libgcc   0x00000000        0x0 d:/eclipse/embedded/winavr-20100110/bin/../lib/gcc/avr/4.3.3/avr5\libgcc.a(_clear_bss.o)
 .data          0x00000000        0x0 d:/eclipse/embedded/winavr-20100110/bin/../lib/gcc/avr/4.3.3/avr5\libgcc.a(_fixunssfsi.o)
 .bss           0x00000000        0x0 d:/eclipse/embedded/winavr-20100110/bin/../lib/gcc/avr/4.3.3/avr5\libgcc.a(_fixunssfsi.o)
 .data          0x00000000        0x0 d:/eclipse/embedded/winavr-20100110/bin/../lib/gcc/avr/4.3.3/avr5\libgcc.a(_floatdisf.o)
 .bss           0x00000000        0x0 d:/eclipse/embedded/winavr-20100110/bin/../lib/gcc/avr/4.3.3/avr5\libgcc.a(_floatdisf.o)
 .data          0x00000000        0x0 d:/eclipse/embedded/winavr-20100110/bin/../lib/gcc/avr/4.3.3/avr5\libgcc.a(_divdi3.o)
 .bss           0x00000000        0x0 d:/eclipse/embedded/winavr-20100110/bin/../lib/gcc/avr/4.3.3/avr5\libgcc.a(_divdi3.o)
 .data          0x00000000        0x0 d:/eclipse/embedded/winavr-20100110/bin/../lib/gcc/avr/4.3.3/avr5\libgcc.a(_addsub_sf.o)
 .bss           0x00000000        0x0 d:/eclipse/embedded/winavr-20100110/bin/../lib/gcc/avr/4.3.3/avr5\libgcc.a(_addsub_sf.o)
 .data          0x00000000        0x0 d:/eclipse/embedded/winavr-20100110/bin/../lib/gcc/avr/4.3.3/avr5\libgcc.a(_mul_sf.o)
 .bss           0x00000000        0x0 d:/eclipse/embedded/winavr-20100110/bin/../lib/gcc/avr/4.3.3/avr5\libgcc.a(_mul_sf.o)
 .data          0x00000000        0x0 d:/eclipse/embedded/winavr-20100110/bin/../lib/gcc/avr/4.3.3/avr5\libgcc.a(_div_sf.o)
 .bss           0x00000000        0x0 d:/eclipse/embedded/winavr-20100110/bin/../lib/gcc/avr/4.3.3/avr5\libgcc.a(_div_sf.o)
 .data          0x00000000        0x0 d:/eclipse/embedded/winavr-20100110/bin/../lib/gcc/avr/4.3.3/avr5\libgcc.a(_gt_sf.o)
 .bss           0x00000000        0x0 d:/eclipse/embedded/winavr-20100110/bin/../lib/gcc/avr/4.3.3/avr5\libgcc.a(_gt_sf.o)
 .data          0x00000000        0x0 d:/eclipse/embedded/winavr-20100110/bin/../lib/gcc/avr/4.3.3/avr5\libgcc.a(_ge_sf.o)
 .bss           0x00000000        0x0 d:/eclipse/embedded/winavr-20100110/bin/../lib/gcc/avr/4.3.3/avr5\libgcc.a(_ge_sf.o)
 .data          0x00000000        0x0 d:/eclipse/embedded/winavr-20100110/bin/../lib/gcc/avr/4.3.3/avr5\libgcc.a(_lt_sf.o)
 .bss           0x00000000        0x0 d:/eclipse/embedded/winavr-20100110/bin/../lib/gcc/avr/4.3.3/avr5\libgcc.a(_lt_sf.o)
 .data          0x00000000        0x0 d:/eclipse/embedded/winavr-20100110/bin/../lib/gcc/avr/4.3.3/avr5\libgcc.a(_si_to_sf.o)
 .bss           0x00000000        0x0 d:/eclipse/embedded/winavr-20100110/bin/../lib/gcc/avr/4.3.3/avr5\libgcc.a(_si_to_sf.o)
 .data          0x00000000        0x0 d:/eclipse/embedded/winavr-20100110/bin/../lib/gcc/avr/4.3.3/avr5\libgcc.a(_sf_to_si.o)
 .bss           0x00000000        0x0 d:/eclipse/embedded/winavr-20100110/bin/../lib/gcc/avr/4.3.3/avr5\libgcc.a(_sf_to_si.o)
 .text          0x00000000        0x0 d:/eclipse/embedded/winavr-20100110/bin/../lib/gcc/avr/4.3.3/avr5\libgcc.a(_thenan_sf.o)
 .bss           0x00000000        0x0 d:/eclipse/embedded/winavr-20100110/bin/../lib/gcc/avr/4.3.3/avr5\libgcc.a(_thenan_sf.o)
 .text          0x00000000        0x0 d:/eclipse/embedded/winavr-20100110/bin/../lib/gcc/avr/4.3.3/avr5\libgcc.a(_mulsi3.o)
 .data          0x00000000        0x0 d:/eclipse/embedded/winavr-20100110/bin/../lib/gcc/avr/4.3.3/avr5\libgcc.a(_mulsi3.o)
 .bss           0x00000000        0x0 d:/eclipse/embedded/winavr-20100110/bin/../lib/gcc/avr/4.3.3/avr5\libgcc.a(_mulsi3.o)
 .text          0x00000000        0x0 d:/eclipse/embedded/winavr-20100110/bin/../lib/gcc/avr/4.3.3/avr5\libgcc.a(_udivmodhi4.o)
 .data          0x00000000        0x0 d:/eclipse/embedded/winavr-20100110/bin/../lib/gcc/avr/4.3.3/avr5\libgcc.a(_udivmodhi4.o)
 .bss           0x00000000        0x0 d:/eclipse/embedded/winavr-20100110/bin/../lib/gcc/avr/4.3.3/avr5\libgcc.a(_udivmodhi4.o)
 .text.libgcc   0x00000000        0x0 d:/eclipse/embedded/winavr-20100110/bin/../lib/gcc/avr/4.3.3/avr5\libgcc.a(_udivmodhi4.o)
 .text          0x00000000        0x0 d:/eclipse/embedded/winavr-20100110/bin/../lib/gcc/avr/4.3.3/avr5\libgcc.a(_prologue.o)
 .data          0x00000000        0x0 d:/eclipse/embedded/winavr-20100110/bin/../lib/gcc/avr/4.3.3/avr5\libgcc.a(_prologue.o)
 .bss           0x00000000        0x0 d:/eclipse/embedded/winavr-20100110/bin/../lib/gcc/avr/4.3.3/avr5\libgcc.a(_prologue.o)
 .text          0x00000000        0x0 d:/eclipse/embedded/winavr-20100110/bin/../lib/gcc/avr/4.3.3/avr5\libgcc.a(_epilogue.o)
 .data          0x00000000        0x0 d:/eclipse/embedded/winavr-20100110/bin/../lib/gcc/avr/4.3.3/avr5\libgcc.a(_epilogue.o)
 .bss           0x00000000        0x0 d:/eclipse/embedded/winavr-20100110/bin/../lib/gcc/avr/4.3.3/avr5\libgcc.a(_epilogue.o)
 .data          0x00000000        0x0 d:/eclipse/embedded/winavr-20100110/bin/../lib/gcc/avr/4.3.3/avr5\libgcc.a(_ashrdi3.o)
 .bss           0x00000000        0x0 d:/eclipse/embedded/winavr-20100110/bin/../lib/gcc/avr/4.3.3/avr5\libgcc.a(_ashrdi3.o)
 .text          0x00000000        0x0 d:/eclipse/embedded/winavr-20100110/bin/../lib/gcc/avr/4.3.3/avr5\libgcc.a(_clz.o)
 .bss           0x00000000        0x0 d:/eclipse/embedded/winavr-20100110/bin/../lib/gcc/avr/4.3.3/avr5\libgcc.a(_clz.o)
 .data          0x00000000        0x0 d:/eclipse/embedded/winavr-20100110/bin/../lib/gcc/avr/4.3.3/avr5\libgcc.a(_clzsi2.o)
 .bss           0x00000000        0x0 d:/eclipse/embedded/winavr-20100110/bin/../lib/gcc/avr/4.3.3/avr5\libgcc.a(_clzsi2.o)
 .data          0x00000000        0x0 d:/eclipse/embedded/winavr-20100110/bin/../lib/gcc/avr/4.3.3/avr5\libgcc.a(_pack_sf.o)
 .bss           0x00000000        0x0 d:/eclipse/embedded/winavr-20100110/bin/../lib/gcc/avr/4.3.3/avr5\libgcc.a(_pack_sf.o)
 .data          0x00000000        0x0 d:/eclipse/embedded/winavr-20100110/bin/../lib/gcc/avr/4.3.3/avr5\libgcc.a(_unpack_sf.o)
 .bss           0x00000000        0x0 d:/eclipse/embedded/winavr-20100110/bin/../lib/gcc/avr/4.3.3/avr5\libgcc.a(_unpack_sf.o)
 .data          0x00000000        0x0 d:/eclipse/embedded/winavr-20100110/bin/../lib/gcc/avr/4.3.3/avr5\libgcc.a(_fpcmp_parts_sf.o)
 .bss           0x00000000        0x0 d:/eclipse/embedded/winavr-20100110/bin/../lib/gcc/avr/4.3.3/avr5\libgcc.a(_fpcmp_parts_sf.o)
 .text          0x00000000        0x0 d:/eclipse/embedded/winavr-20100110/bin/../lib/gcc/avr/4.3.3/../../../../avr/lib/avr5\libm.a(round.o)
 .data          0x00000000        0x0 d:/eclipse/embedded/winavr-20100110/bin/../lib/gcc/avr/4.3.3/../../../../avr/lib/avr5\libm.a(round.o)
 .bss           0x00000000        0x0 d:/eclipse/embedded/winavr-20100110/bin/../lib/gcc/avr/4.3.3/../../../../avr/lib/avr5\libm.a(round.o)
 .text          0x00000000        0x0 d:/eclipse/embedded/winavr-20100110/bin/../lib/gcc/avr/4.3.3/../../../../avr/lib/avr5\libm.a(fp_mintl.o)
 .data          0x00000000        0x0 d:/eclipse/embedded/winavr-20100110/bin/../lib/gcc/avr/4.3.3/../../../../avr/lib/avr5\libm.a(fp_mintl.o)
 .bss           0x00000000        0x0 d:/eclipse/embedded/winavr-20100110/bin/../lib/gcc/avr/4.3.3/../../../../avr/lib/avr5\libm.a(fp_mintl.o)
 .text          0x00000000        0x0 d:/eclipse/embedded/winavr-20100110/bin/../lib/gcc/avr/4.3.3/../../../../avr/lib/avr5\libm.a(fp_mpack.o)
 .data          0x00000000        0x0 d:/eclipse/embedded/winavr-20100110/bin/../lib/gcc/avr/4.3.3/../../../../avr/lib/avr5\libm.a(fp_mpack.o)
 .bss           0x00000000        0x0 d:/eclipse/embedded/winavr-20100110/bin/../lib/gcc/avr/4.3.3/../../../../avr/lib/avr5\libm.a(fp_mpack.o)
 .text          0x00000000        0x0 d:/eclipse/embedded/winavr-20100110/bin/../lib/gcc/avr/4.3.3/../../../../avr/lib/avr5\libm.a(fp_split3.o)
 .data          0x00000000        0x0 d:/eclipse/embedded/winavr-20100110/bin/../lib/gcc/avr/4.3.3/../../../../avr/lib/avr5\libm.a(fp_split3.o)
 .bss           0x00000000        0x0 d:/eclipse/embedded/winavr-20100110/bin/../lib/gcc/avr/4.3.3/../../../../avr/lib/avr5\libm.a(fp_split3.o)
 .text          0x00000000        0x0 d:/eclipse/embedded/winavr-20100110/bin/../lib/gcc/avr/4.3.3/../../../../avr/lib/avr5\libm.a(fp_zero.o)
 .data          0x00000000        0x0 d:/eclipse/embedded/winavr-20100110/bin/../lib/gcc/avr/4.3.3/../../../../avr/lib/avr5\libm.a(fp_zero.o)
 .bss           0x00000000        0x0 d:/eclipse/embedded/winavr-20100110/bin/../lib/gcc/avr/4.3.3/../../../../avr/lib/avr5\libm.a(fp_zero.o)

Memory Configuration

Name             Origin             Length             Attributes
text             0x00000000         0x00020000         xr
data             0x00800060         0x0000ffa0         rw !x
eeprom           0x00810000         0x00010000         rw !x
fuse             0x00820000         0x00000400         rw !x
lock             0x00830000         0x00000400         rw !x
signature        0x00840000         0x00000400         rw !x
*default*        0x00000000         0xffffffff

Linker script and memory map

LOAD d:/eclipse/embedded/winavr-20100110/bin/../lib/gcc/avr/4.3.3/../../../../avr/lib/avr5/crtm32.o
LOAD ./hal/UART/UART.o
LOAD ./hal/TIMER/timer.o
LOAD ./hal/I2C/I2C.o
LOAD ./hal/DIO/DIO.o
LOAD ./SERVICE/TMU.o
LOAD ./SERVICE/com.o
LOAD ./SERVICE/keypad.o
LOAD ./SERVICE/lcd.o
LOAD ./SERVICE/seven_seg.o
LOAD ./ECU/E2PROM/E2PROM.o
LOAD ./Watch.o
LOAD d:/eclipse/embedded/winavr-20100110/bin/../lib/gcc/avr/4.3.3/avr5\libgcc.a
LOAD d:/eclipse/embedded/winavr-20100110/bin/../lib/gcc/avr/4.3.3/../../../../avr/lib/avr5\libm.a
LOAD d:/eclipse/embedded/winavr-20100110/bin/../lib/gcc/avr/4.3.3/avr5\libgcc.a
LOAD d:/eclipse/embedded/winavr-20100110/bin/../lib/gcc/avr/4.3.3/../../../../avr/lib/avr5\libc.a
LOAD d:/eclipse/embedded/winavr-20100110/bin/../lib/gcc/avr/4.3.3/avr5\libgcc.a

.hash
 *(.hash)

.dynsym
 *(.dynsym)

.dynstr
 *(.dynstr)

.gnu.version
 *(.gnu.version)

.gnu.version_d
 *(.gnu.version_d)

.gnu.version_r
 *(.gnu.version_r)

.rel.init
 *(.rel.init)

.rela.init
 *(.rela.init)

.rel.text
 *(.rel.text)
 *(.rel.text.*)
 *(.rel.gnu.linkonce.t*)

.rela.text
 *(.rela.text)
 *(.rela.text.*)
 *(.rela.gnu.linkonce.t*)

.rel.fini
 *(.rel.fini)

.rela.fini
 *(.rela.fini)

.rel.rodata
 *(.rel.rodata)
 *(.rel.rodata.*)
 *(.rel.gnu.linkonce.r*)

.rela.rodata
 *(.rela.rodata)
 *(.rela.rodata.*)
 *(.rela.gnu.linkonce.r*)

.rel.data
 *(.rel.data)
 *(.rel.data.*)
 *(.rel.gnu.linkonce.d*)

.rela.data
 *(.rela.data)
 *(.rela.data.*)
 *(.rela.gnu.linkonce.d*)

.rel.ctors
 *(.rel.ctors)

.rela.ctors
 *(.rela.ctors)

.rel.dtors
 *(.rel.dtors)

.rela.dtors
 *(.rela.dtors)

.rel.got
 *(.rel.got)

.rela.got
 *(.rela.got)

.rel.bss
 *(.rel.bss)

.rela.bss
 *(.rela.bss)

.rel.plt
 *(.rel.plt)

.rela.plt
 *(.rela.plt)

.text           0x00000000     0x3fbe
 *(.vectors)
 .vectors       0x00000000       0x54 d:/eclipse/embedded/winavr-20100110/bin/../lib/gcc/avr/4.3.3/../../../../avr/lib/avr5/crtm32.o
                0x00000000                __vectors
                0x00000000                __vector_default
 *(.vectors)
 *(.progmem.gcc*)
 *(.progmem*)
                0x00000054                . = ALIGN (0x2)
                0x00000054                __trampolines_start = .
 *(.trampolines)
 .trampolines   0x00000054        0x0 linker stubs
 *(.trampolines*)
                0x00000054                __trampolines_end = .
 *(.jumptables)
 *(.jumptables*)
 *(.lowtext)
 *(.lowtext*)
                0x00000054                __ctors_start = .
 *(.ctors)
                0x00000054                __ctors_end = .
                0x00000054                __dtors_start = .
 *(.dtors)
                0x00000054                __dtors_end = .
 SORT(*)(.ctors)
 SORT(*)(.dtors)
 *(.init0)
 .init0         0x00000054        0x0 d:/eclipse/embedded/winavr-20100110/bin/../lib/gcc/avr/4.3.3/../../../../avr/lib/avr5/crtm32.o
                0x00000054                __init
 *(.init0)
 *(.init1)
 *(.init1)
 *(.init2)
 .init2         0x00000054        0xc d:/eclipse/embedded/winavr-20100110/bin/../lib/gcc/avr/4.3.3/../../../../avr/lib/avr5/crtm32.o
 *(.init2)
 *(.init3)
 *(.init3)
 *(.init4)
 .init4         0x00000060       0x16 d:/eclipse/embedded/winavr-20100110/bin/../lib/gcc/avr/4.3.3/avr5\libgcc.a(_copy_data.o)
                0x00000060                __do_copy_data
 .init4         0x00000076       0x10 d:/eclipse/embedded/winavr-20100110/bin/../lib/gcc/avr/4.3.3/avr5\libgcc.a(_clear_bss.o)
                0x00000076                __do_clear_bss
 *(.init4)
 *(.init5)
 *(.init5)
 *(.init6)
 *(.init6)
 *(.init7)
 *(.init7)
 *(.init8)
 *(.init8)
 *(.init9)
 .init9         0x00000086        0x8 d:/eclipse/embedded/winavr-20100110/bin/../lib/gcc/avr/4.3.3/../../../../avr/lib/avr5/crtm32.o
 *(.init9)
 *(.text)
 .text          0x0000008e        0x2 d:/eclipse/embedded/winavr-20100110/bin/../lib/gcc/avr/4.3.3/../../../../avr/lib/avr5/crtm32.o
                0x0000008e                __vector_1
                0x0000008e                __vector_12
                0x0000008e                __bad_interrupt
                0x0000008e                __vector_6
                0x0000008e                __vector_3
                0x0000008e                __vector_11
                0x0000008e                __vector_17
                0x0000008e                __vector_19
                0x0000008e                __vector_7
                0x0000008e                __vector_5
                0x0000008e                __vector_9
                0x0000008e                __vector_2
                0x0000008e                __vector_8
                0x0000008e                __vector_16
                0x0000008e                __vector_18
                0x0000008e                __vector_20
 .text          0x00000090       0x58 d:/eclipse/embedded/winavr-20100110/bin/../lib/gcc/avr/4.3.3/avr5\libgcc.a(_fixunssfsi.o)
                0x00000090                __fixunssfsi
 .text          0x000000e8      0x1f6 d:/eclipse/embedded/winavr-20100110/bin/../lib/gcc/avr/4.3.3/avr5\libgcc.a(_floatdisf.o)
                0x000000e8                __floatdisf
 .text          0x000002de     0x1050 d:/eclipse/embedded/winavr-20100110/bin/../lib/gcc/avr/4.3.3/avr5\libgcc.a(_divdi3.o)
                0x000002de                __divdi3
 .text          0x0000132e      0x344 d:/eclipse/embedded/winavr-20100110/bin/../lib/gcc/avr/4.3.3/avr5\libgcc.a(_addsub_sf.o)
                0x000015c6                __subsf3
                0x00001620                __addsf3
 .text          0x00001672      0x1ee d:/eclipse/embedded/winavr-20100110/bin/../lib/gcc/avr/4.3.3/avr5\libgcc.a(_mul_sf.o)
                0x00001672                __mulsf3
 .text          0x00001860      0x152 d:/eclipse/embedded/winavr-20100110/bin/../lib/gcc/avr/4.3.3/avr5\libgcc.a(_div_sf.o)
                0x00001860                __divsf3
 .text          0x000019b2       0x5a d:/eclipse/embedded/winavr-20100110/bin/../lib/gcc/avr/4.3.3/avr5\libgcc.a(_gt_sf.o)
                0x000019b2                __gtsf2
 .text          0x00001a0c       0x5a d:/eclipse/embedded/winavr-20100110/bin/../lib/gcc/avr/4.3.3/avr5\libgcc.a(_ge_sf.o)
                0x00001a0c                __gesf2
 .text          0x00001a66       0x5a d:/eclipse/embedded/winavr-20100110/bin/../lib/gcc/avr/4.3.3/avr5\libgcc.a(_lt_sf.o)
                0x00001a66                __ltsf2
 .text          0x00001ac0       0xb8 d:/eclipse/embedded/winavr-20100110/bin/../lib/gcc/avr/4.3.3/avr5\libgcc.a(_si_to_sf.o)
                0x00001ac0                __floatsisf
 .text          0x00001b78       0xa6 d:/eclipse/embedded/winavr-20100110/bin/../lib/gcc/avr/4.3.3/avr5\libgcc.a(_sf_to_si.o)
                0x00001b78                __fixsfsi
 .text          0x00001c1e      0x10a d:/eclipse/embedded/winavr-20100110/bin/../lib/gcc/avr/4.3.3/avr5\libgcc.a(_ashrdi3.o)
                0x00001c1e                __ashrdi3
 .text          0x00001d28       0x9e d:/eclipse/embedded/winavr-20100110/bin/../lib/gcc/avr/4.3.3/avr5\libgcc.a(_clzsi2.o)
                0x00001d28                __clzsi2
 .text          0x00001dc6      0x1aa d:/eclipse/embedded/winavr-20100110/bin/../lib/gcc/avr/4.3.3/avr5\libgcc.a(_pack_sf.o)
                0x00001dc6                __pack_f
 .text          0x00001f70       0xf0 d:/eclipse/embedded/winavr-20100110/bin/../lib/gcc/avr/4.3.3/avr5\libgcc.a(_unpack_sf.o)
                0x00001f70                __unpack_f
 .text          0x00002060       0xb2 d:/eclipse/embedded/winavr-20100110/bin/../lib/gcc/avr/4.3.3/avr5\libgcc.a(_fpcmp_parts_sf.o)
                0x00002060                __fpcmp_parts_f
                0x00002112                . = ALIGN (0x2)
 *(.text.*)
 .text.__vector_13
                0x00002112       0x34 ./hal/UART/UART.o
                0x00002112                __vector_13
 .text.__vector_15
                0x00002146       0x34 ./hal/UART/UART.o
                0x00002146                __vector_15
 .text.__vector_14
                0x0000217a       0x34 ./hal/UART/UART.o
                0x0000217a                __vector_14
 .text.UART_addISR
                0x000021ae       0x88 ./hal/UART/UART.o
                0x000021ae                UART_addISR
 .text.UART_init
                0x00002236      0x2e6 ./hal/UART/UART.o
                0x00002236                UART_init
 .text.__vector_10
                0x0000251c       0x52 ./hal/TIMER/timer.o
                0x0000251c                __vector_10
 .text.__vector_4
                0x0000256e       0x52 ./hal/TIMER/timer.o
                0x0000256e                __vector_4
 .text.DIO_init_port_output
                0x000025c0       0x34 ./hal/DIO/DIO.o
                0x000025c0                DIO_init_port_output
 .text.DIO_write_port
                0x000025f4       0x5e ./hal/DIO/DIO.o
                0x000025f4                DIO_write_port
 .text.DIO_write_pin
                0x00002652       0x86 ./hal/DIO/DIO.o
                0x00002652                DIO_write_pin
 .text.DIO_set_pin
                0x000026d8       0x4a ./hal/DIO/DIO.o
                0x000026d8                DIO_set_pin
 .text.DIO_clear_pin
                0x00002722       0x4c ./hal/DIO/DIO.o
                0x00002722                DIO_clear_pin
 .text.DIO_read_pin
                0x0000276e       0x3c ./hal/DIO/DIO.o
                0x0000276e                DIO_read_pin
 .text.lcd_init
                0x000027aa      0x406 ./SERVICE/lcd.o
                0x000027aa                lcd_init
 .text.lcd_send_command
                0x00002bb0      0x89c ./SERVICE/lcd.o
                0x00002bb0                lcd_send_command
 .text.lcd_send_data
                0x0000344c      0x8a6 ./SERVICE/lcd.o
                0x0000344c                lcd_send_data
 .text.lcd_gotoxy
                0x00003cf2       0x44 ./SERVICE/lcd.o
                0x00003cf2                lcd_gotoxy
 .text.rx       0x00003d36       0x34 ./Watch.o
                0x00003d36                rx
 .text.main     0x00003d6a       0x7c ./Watch.o
                0x00003d6a                main
 .text.libgcc   0x00003de6       0x44 d:/eclipse/embedded/winavr-20100110/bin/../lib/gcc/avr/4.3.3/avr5\libgcc.a(_udivmodsi4.o)
                0x00003de6                __udivmodsi4
 .text.libgcc   0x00003e2a       0x3e d:/eclipse/embedded/winavr-20100110/bin/../lib/gcc/avr/4.3.3/avr5\libgcc.a(_mulsi3.o)
                0x00003e2a                __mulsi3
 .text.libgcc   0x00003e68       0x38 d:/eclipse/embedded/winavr-20100110/bin/../lib/gcc/avr/4.3.3/avr5\libgcc.a(_prologue.o)
                0x00003e68                __prologue_saves__
 .text.libgcc   0x00003ea0       0x36 d:/eclipse/embedded/winavr-20100110/bin/../lib/gcc/avr/4.3.3/avr5\libgcc.a(_epilogue.o)
                0x00003ea0                __epilogue_restores__
 .text.avr-libc.fplib
                0x00003ed6       0x40 d:/eclipse/embedded/winavr-20100110/bin/../lib/gcc/avr/4.3.3/../../../../avr/lib/avr5\libm.a(round.o)
                0x00003ed6                round
 .text.avr-libc.fplib
                0x00003f16       0x36 d:/eclipse/embedded/winavr-20100110/bin/../lib/gcc/avr/4.3.3/../../../../avr/lib/avr5\libm.a(fp_mintl.o)
                0x00003f16                __fp_mintl
 .text.avr-libc.fplib
                0x00003f4c       0x1c d:/eclipse/embedded/winavr-20100110/bin/../lib/gcc/avr/4.3.3/../../../../avr/lib/avr5\libm.a(fp_mpack.o)
                0x00003f50                __fp_mpack_finite
                0x00003f4c                __fp_mpack
 .text.avr-libc.fplib
                0x00003f68       0x44 d:/eclipse/embedded/winavr-20100110/bin/../lib/gcc/avr/4.3.3/../../../../avr/lib/avr5\libm.a(fp_split3.o)
                0x00003f68                __fp_split3
                0x00003f78                __fp_splitA
 .text.avr-libc.fplib
                0x00003fac        0xe d:/eclipse/embedded/winavr-20100110/bin/../lib/gcc/avr/4.3.3/../../../../avr/lib/avr5\libm.a(fp_zero.o)
                0x00003fac                __fp_zero
                0x00003fae                __fp_szero
                0x00003fba                . = ALIGN (0x2)
 *(.fini9)
 .fini9         0x00003fba        0x0 d:/eclipse/embedded/winavr-20100110/bin/../lib/gcc/avr/4.3.3/avr5\libgcc.a(_exit.o)
                0x00003fba                exit
                0x00003fba                _exit
 *(.fini9)
 *(.fini8)
 *(.fini8)
 *(.fini7)
 *(.fini7)
 *(.fini6)
 *(.fini6)
 *(.fini5)
 *(.fini5)
 *(.fini4)
 *(.fini4)
 *(.fini3)
 *(.fini3)
 *(.fini2)
 *(.fini2)
 *(.fini1)
 *(.fini1)
 *(.fini0)
 .fini0         0x00003fba        0x4 d:/eclipse/embedded/winavr-20100110/bin/../lib/gcc/avr/4.3.3/avr5\libgcc.a(_exit.o)
 *(.fini0)
                0x00003fbe                _etext = .

.data           0x00800060      0x10a load address 0x00003fbe
                0x00800060                PROVIDE (__data_start, .)
 *(.data)
 .data          0x00800060        0x8 d:/eclipse/embedded/winavr-20100110/bin/../lib/gcc/avr/4.3.3/avr5\libgcc.a(_thenan_sf.o)
                0x00800060                __thenan_sf
 .data          0x00800068      0x100 d:/eclipse/embedded/winavr-20100110/bin/../lib/gcc/avr/4.3.3/avr5\libgcc.a(_clz.o)
                0x00800068                __clz_tab
 *(.data*)
 *(.rodata)
 *(.rodata*)
 .rodata.firstCharAdr
                0x00800168        0x2 ./SERVICE/lcd.o
 *(.gnu.linkonce.d*)
                0x0080016a                . = ALIGN (0x2)
                0x0080016a                _edata = .
                0x0080016a                PROVIDE (__data_end, .)

.bss            0x0080016a       0x17
                0x0080016a                PROVIDE (__bss_start, .)
 *(.bss)
 *(.bss*)
 *(COMMON)
 COMMON         0x0080016a        0x6 ./hal/UART/UART.o
                0x0080016a                ISR_USART_RXC
                0x0080016c                ISR_USART_TXC
                0x0080016e                ISR_USART_DRE
 COMMON         0x00800170        0x6 ./hal/TIMER/timer.o
                0x00800170                t1_isr
                0x00800172                t0_isr
                0x00800174                t2_isr
 COMMON         0x00800176        0xb ./Watch.o
                0x00800176                lcd
                0x0080017c                minID10
                0x0080017d                secID1
                0x0080017e                flag
                0x0080017f                secID10
                0x00800180                minID1
                0x00800181                PROVIDE (__bss_end, .)
                0x00003fbe                __data_load_start = LOADADDR (.data)
                0x000040c8                __data_load_end = (__data_load_start + SIZEOF (.data))

.noinit         0x00800181        0x0
                0x00800181                PROVIDE (__noinit_start, .)
 *(.noinit*)
                0x00800181                PROVIDE (__noinit_end, .)
                0x00800181                _end = .
                0x00800181                PROVIDE (__heap_start, .)

.eeprom         0x00810000        0x0
 *(.eeprom*)
                0x00810000                __eeprom_end = .

.fuse
 *(.fuse)
 *(.lfuse)
 *(.hfuse)
 *(.efuse)

.lock
 *(.lock*)

.signature
 *(.signature*)

.stab           0x00000000     0x2ba4
 *(.stab)
 .stab          0x00000000      0x624 ./hal/UART/UART.o
                                0x9d8 (size before relaxing)
 .stab          0x00000624      0x318 ./hal/TIMER/timer.o
                                0xb34 (size before relaxing)
 .stab          0x0000093c      0x1a4 ./hal/I2C/I2C.o
                                0x3cc (size before relaxing)
 .stab          0x00000ae0      0x360 ./hal/DIO/DIO.o
                                0x570 (size before relaxing)
 .stab          0x00000e40      0x27c ./SERVICE/TMU.o
                                0xa68 (size before relaxing)
 .stab          0x000010bc      0x2c4 ./SERVICE/com.o
                                0x864 (size before relaxing)
 .stab          0x00001380      0x1a4 ./SERVICE/keypad.o
                                0x3c0 (size before relaxing)
 .stab          0x00001524      0xff0 ./SERVICE/lcd.o
                               0x1404 (size before relaxing)
 .stab          0x00002514      0x198 ./SERVICE/seven_seg.o
                                0x5f4 (size before relaxing)
 .stab          0x000026ac      0x1c8 ./ECU/E2PROM/E2PROM.o
                                0x384 (size before relaxing)
 .stab          0x00002874      0x330 ./Watch.o
                                0x810 (size before relaxing)

.stabstr        0x00000000     0x2a82
 *(.stabstr)
 .stabstr       0x00000000     0x2a82 ./hal/UART/UART.o

.stab.excl
 *(.stab.excl)

.stab.exclstr
 *(.stab.exclstr)

.stab.index
 *(.stab.index)

.stab.indexstr
 *(.stab.indexstr)

.comment
 *(.comment)

.debug
 *(.debug)

.line
 *(.line)

.debug_srcinfo
 *(.debug_srcinfo)

.debug_sfnames
 *(.debug_sfnames)

.debug_aranges  0x00000000      0x200
 *(.debug_aranges)
 .debug_aranges
                0x00000000       0x20 d:/eclipse/embedded/winavr-20100110/bin/../lib/gcc/avr/4.3.3/avr5\libgcc.a(_fixunssfsi.o)
 .debug_aranges
                0x00000020       0x20 d:/eclipse/embedded/winavr-20100110/bin/../lib/gcc/avr/4.3.3/avr5\libgcc.a(_floatdisf.o)
 .debug_aranges
                0x00000040       0x20 d:/eclipse/embedded/winavr-20100110/bin/../lib/gcc/avr/4.3.3/avr5\libgcc.a(_divdi3.o)
 .debug_aranges
                0x00000060       0x20 d:/eclipse/embedded/winavr-20100110/bin/../lib/gcc/avr/4.3.3/avr5\libgcc.a(_addsub_sf.o)
 .debug_aranges
                0x00000080       0x20 d:/eclipse/embedded/winavr-20100110/bin/../lib/gcc/avr/4.3.3/avr5\libgcc.a(_mul_sf.o)
 .debug_aranges
                0x000000a0       0x20 d:/eclipse/embedded/winavr-20100110/bin/../lib/gcc/avr/4.3.3/avr5\libgcc.a(_div_sf.o)
 .debug_aranges
                0x000000c0       0x20 d:/eclipse/embedded/winavr-20100110/bin/../lib/gcc/avr/4.3.3/avr5\libgcc.a(_gt_sf.o)
 .debug_aranges
                0x000000e0       0x20 d:/eclipse/embedded/winavr-20100110/bin/../lib/gcc/avr/4.3.3/avr5\libgcc.a(_ge_sf.o)
 .debug_aranges
                0x00000100       0x20 d:/eclipse/embedded/winavr-20100110/bin/../lib/gcc/avr/4.3.3/avr5\libgcc.a(_lt_sf.o)
 .debug_aranges
                0x00000120       0x20 d:/eclipse/embedded/winavr-20100110/bin/../lib/gcc/avr/4.3.3/avr5\libgcc.a(_si_to_sf.o)
 .debug_aranges
                0x00000140       0x20 d:/eclipse/embedded/winavr-20100110/bin/../lib/gcc/avr/4.3.3/avr5\libgcc.a(_sf_to_si.o)
 .debug_aranges
                0x00000160       0x20 d:/eclipse/embedded/winavr-20100110/bin/../lib/gcc/avr/4.3.3/avr5\libgcc.a(_ashrdi3.o)
 .debug_aranges
                0x00000180       0x20 d:/eclipse/embedded/winavr-20100110/bin/../lib/gcc/avr/4.3.3/avr5\libgcc.a(_clzsi2.o)
 .debug_aranges
                0x000001a0       0x20 d:/eclipse/embedded/winavr-20100110/bin/../lib/gcc/avr/4.3.3/avr5\libgcc.a(_pack_sf.o)
 .debug_aranges
                0x000001c0       0x20 d:/eclipse/embedded/winavr-20100110/bin/../lib/gcc/avr/4.3.3/avr5\libgcc.a(_unpack_sf.o)
 .debug_aranges
                0x000001e0       0x20 d:/eclipse/embedded/winavr-20100110/bin/../lib/gcc/avr/4.3.3/avr5\libgcc.a(_fpcmp_parts_sf.o)

.debug_pubnames
                0x00000000      0x251
 *(.debug_pubnames)
 .debug_pubnames
                0x00000000       0x23 d:/eclipse/embedded/winavr-20100110/bin/../lib/gcc/avr/4.3.3/avr5\libgcc.a(_fixunssfsi.o)
 .debug_pubnames
                0x00000023       0x22 d:/eclipse/embedded/winavr-20100110/bin/../lib/gcc/avr/4.3.3/avr5\libgcc.a(_floatdisf.o)
 .debug_pubnames
                0x00000045       0x1f d:/eclipse/embedded/winavr-20100110/bin/../lib/gcc/avr/4.3.3/avr5\libgcc.a(_divdi3.o)
 .debug_pubnames
                0x00000064       0x2c d:/eclipse/embedded/winavr-20100110/bin/../lib/gcc/avr/4.3.3/avr5\libgcc.a(_addsub_sf.o)
 .debug_pubnames
                0x00000090       0x1f d:/eclipse/embedded/winavr-20100110/bin/../lib/gcc/avr/4.3.3/avr5\libgcc.a(_mul_sf.o)
 .debug_pubnames
                0x000000af       0x1f d:/eclipse/embedded/winavr-20100110/bin/../lib/gcc/avr/4.3.3/avr5\libgcc.a(_div_sf.o)
 .debug_pubnames
                0x000000ce       0x1e d:/eclipse/embedded/winavr-20100110/bin/../lib/gcc/avr/4.3.3/avr5\libgcc.a(_gt_sf.o)
 .debug_pubnames
                0x000000ec       0x1e d:/eclipse/embedded/winavr-20100110/bin/../lib/gcc/avr/4.3.3/avr5\libgcc.a(_ge_sf.o)
 .debug_pubnames
                0x0000010a       0x1e d:/eclipse/embedded/winavr-20100110/bin/../lib/gcc/avr/4.3.3/avr5\libgcc.a(_lt_sf.o)
 .debug_pubnames
                0x00000128       0x22 d:/eclipse/embedded/winavr-20100110/bin/../lib/gcc/avr/4.3.3/avr5\libgcc.a(_si_to_sf.o)
 .debug_pubnames
                0x0000014a       0x20 d:/eclipse/embedded/winavr-20100110/bin/../lib/gcc/avr/4.3.3/avr5\libgcc.a(_sf_to_si.o)
 .debug_pubnames
                0x0000016a       0x22 d:/eclipse/embedded/winavr-20100110/bin/../lib/gcc/avr/4.3.3/avr5\libgcc.a(_thenan_sf.o)
 .debug_pubnames
                0x0000018c       0x20 d:/eclipse/embedded/winavr-20100110/bin/../lib/gcc/avr/4.3.3/avr5\libgcc.a(_ashrdi3.o)
 .debug_pubnames
                0x000001ac       0x20 d:/eclipse/embedded/winavr-20100110/bin/../lib/gcc/avr/4.3.3/avr5\libgcc.a(_clz.o)
 .debug_pubnames
                0x000001cc       0x1f d:/eclipse/embedded/winavr-20100110/bin/../lib/gcc/avr/4.3.3/avr5\libgcc.a(_clzsi2.o)
 .debug_pubnames
                0x000001eb       0x1f d:/eclipse/embedded/winavr-20100110/bin/../lib/gcc/avr/4.3.3/avr5\libgcc.a(_pack_sf.o)
 .debug_pubnames
                0x0000020a       0x21 d:/eclipse/embedded/winavr-20100110/bin/../lib/gcc/avr/4.3.3/avr5\libgcc.a(_unpack_sf.o)
 .debug_pubnames
                0x0000022b       0x26 d:/eclipse/embedded/winavr-20100110/bin/../lib/gcc/avr/4.3.3/avr5\libgcc.a(_fpcmp_parts_sf.o)

.debug_info     0x00000000     0x2e4d
 *(.debug_info)
 .debug_info    0x00000000       0xb1 d:/eclipse/embedded/winavr-20100110/bin/../lib/gcc/avr/4.3.3/avr5\libgcc.a(_fixunssfsi.o)
 .debug_info    0x000000b1      0x16c d:/eclipse/embedded/winavr-20100110/bin/../lib/gcc/avr/4.3.3/avr5\libgcc.a(_floatdisf.o)
 .debug_info    0x0000021d      0x756 d:/eclipse/embedded/winavr-20100110/bin/../lib/gcc/avr/4.3.3/avr5\libgcc.a(_divdi3.o)
 .debug_info    0x00000973      0x47a d:/eclipse/embedded/winavr-20100110/bin/../lib/gcc/avr/4.3.3/avr5\libgcc.a(_addsub_sf.o)
 .debug_info    0x00000ded      0x485 d:/eclipse/embedded/winavr-20100110/bin/../lib/gcc/avr/4.3.3/avr5\libgcc.a(_mul_sf.o)
 .debug_info    0x00001272      0x3fc d:/eclipse/embedded/winavr-20100110/bin/../lib/gcc/avr/4.3.3/avr5\libgcc.a(_div_sf.o)
 .debug_info    0x0000166e      0x27f d:/eclipse/embedded/winavr-20100110/bin/../lib/gcc/avr/4.3.3/avr5\libgcc.a(_gt_sf.o)
 .debug_info    0x000018ed      0x27f d:/eclipse/embedded/winavr-20100110/bin/../lib/gcc/avr/4.3.3/avr5\libgcc.a(_ge_sf.o)
 .debug_info    0x00001b6c      0x27f d:/eclipse/embedded/winavr-20100110/bin/../lib/gcc/avr/4.3.3/avr5\libgcc.a(_lt_sf.o)
 .debug_info    0x00001deb      0x207 d:/eclipse/embedded/winavr-20100110/bin/../lib/gcc/avr/4.3.3/avr5\libgcc.a(_si_to_sf.o)
 .debug_info    0x00001ff2      0x2b0 d:/eclipse/embedded/winavr-20100110/bin/../lib/gcc/avr/4.3.3/avr5\libgcc.a(_sf_to_si.o)
 .debug_info    0x000022a2      0x12c d:/eclipse/embedded/winavr-20100110/bin/../lib/gcc/avr/4.3.3/avr5\libgcc.a(_thenan_sf.o)
 .debug_info    0x000023ce      0x17f d:/eclipse/embedded/winavr-20100110/bin/../lib/gcc/avr/4.3.3/avr5\libgcc.a(_ashrdi3.o)
 .debug_info    0x0000254d       0xa9 d:/eclipse/embedded/winavr-20100110/bin/../lib/gcc/avr/4.3.3/avr5\libgcc.a(_clz.o)
 .debug_info    0x000025f6      0x117 d:/eclipse/embedded/winavr-20100110/bin/../lib/gcc/avr/4.3.3/avr5\libgcc.a(_clzsi2.o)
 .debug_info    0x0000270d      0x2df d:/eclipse/embedded/winavr-20100110/bin/../lib/gcc/avr/4.3.3/avr5\libgcc.a(_pack_sf.o)
 .debug_info    0x000029ec      0x251 d:/eclipse/embedded/winavr-20100110/bin/../lib/gcc/avr/4.3.3/avr5\libgcc.a(_unpack_sf.o)
 .debug_info    0x00002c3d      0x210 d:/eclipse/embedded/winavr-20100110/bin/../lib/gcc/avr/4.3.3/avr5\libgcc.a(_fpcmp_parts_sf.o)
 *(.gnu.linkonce.wi.*)

.debug_abbrev   0x00000000     0x16ca
 *(.debug_abbrev)
 .debug_abbrev  0x00000000       0x5d d:/eclipse/embedded/winavr-20100110/bin/../lib/gcc/avr/4.3.3/avr5\libgcc.a(_fixunssfsi.o)
 .debug_abbrev  0x0000005d       0xc6 d:/eclipse/embedded/winavr-20100110/bin/../lib/gcc/avr/4.3.3/avr5\libgcc.a(_floatdisf.o)
 .debug_abbrev  0x00000123      0x19f d:/eclipse/embedded/winavr-20100110/bin/../lib/gcc/avr/4.3.3/avr5\libgcc.a(_divdi3.o)
 .debug_abbrev  0x000002c2      0x1ea d:/eclipse/embedded/winavr-20100110/bin/../lib/gcc/avr/4.3.3/avr5\libgcc.a(_addsub_sf.o)
 .debug_abbrev  0x000004ac      0x21b d:/eclipse/embedded/winavr-20100110/bin/../lib/gcc/avr/4.3.3/avr5\libgcc.a(_mul_sf.o)
 .debug_abbrev  0x000006c7      0x216 d:/eclipse/embedded/winavr-20100110/bin/../lib/gcc/avr/4.3.3/avr5\libgcc.a(_div_sf.o)
 .debug_abbrev  0x000008dd      0x15a d:/eclipse/embedded/winavr-20100110/bin/../lib/gcc/avr/4.3.3/avr5\libgcc.a(_gt_sf.o)
 .debug_abbrev  0x00000a37      0x15a d:/eclipse/embedded/winavr-20100110/bin/../lib/gcc/avr/4.3.3/avr5\libgcc.a(_ge_sf.o)
 .debug_abbrev  0x00000b91      0x15a d:/eclipse/embedded/winavr-20100110/bin/../lib/gcc/avr/4.3.3/avr5\libgcc.a(_lt_sf.o)
 .debug_abbrev  0x00000ceb      0x148 d:/eclipse/embedded/winavr-20100110/bin/../lib/gcc/avr/4.3.3/avr5\libgcc.a(_si_to_sf.o)
 .debug_abbrev  0x00000e33      0x17f d:/eclipse/embedded/winavr-20100110/bin/../lib/gcc/avr/4.3.3/avr5\libgcc.a(_sf_to_si.o)
 .debug_abbrev  0x00000fb2       0xad d:/eclipse/embedded/winavr-20100110/bin/../lib/gcc/avr/4.3.3/avr5\libgcc.a(_thenan_sf.o)
 .debug_abbrev  0x0000105f       0xee d:/eclipse/embedded/winavr-20100110/bin/../lib/gcc/avr/4.3.3/avr5\libgcc.a(_ashrdi3.o)
 .debug_abbrev  0x0000114d       0x6a d:/eclipse/embedded/winavr-20100110/bin/../lib/gcc/avr/4.3.3/avr5\libgcc.a(_clz.o)
 .debug_abbrev  0x000011b7       0xc4 d:/eclipse/embedded/winavr-20100110/bin/../lib/gcc/avr/4.3.3/avr5\libgcc.a(_clzsi2.o)
 .debug_abbrev  0x0000127b      0x1c0 d:/eclipse/embedded/winavr-20100110/bin/../lib/gcc/avr/4.3.3/avr5\libgcc.a(_pack_sf.o)
 .debug_abbrev  0x0000143b      0x154 d:/eclipse/embedded/winavr-20100110/bin/../lib/gcc/avr/4.3.3/avr5\libgcc.a(_unpack_sf.o)
 .debug_abbrev  0x0000158f      0x13b d:/eclipse/embedded/winavr-20100110/bin/../lib/gcc/avr/4.3.3/avr5\libgcc.a(_fpcmp_parts_sf.o)

.debug_line     0x00000000     0x15dc
 *(.debug_line)
 .debug_line    0x00000000       0xa7 d:/eclipse/embedded/winavr-20100110/bin/../lib/gcc/avr/4.3.3/avr5\libgcc.a(_fixunssfsi.o)
 .debug_line    0x000000a7      0x105 d:/eclipse/embedded/winavr-20100110/bin/../lib/gcc/avr/4.3.3/avr5\libgcc.a(_floatdisf.o)
 .debug_line    0x000001ac      0x228 d:/eclipse/embedded/winavr-20100110/bin/../lib/gcc/avr/4.3.3/avr5\libgcc.a(_divdi3.o)
 .debug_line    0x000003d4      0x2af d:/eclipse/embedded/winavr-20100110/bin/../lib/gcc/avr/4.3.3/avr5\libgcc.a(_addsub_sf.o)
 .debug_line    0x00000683      0x239 d:/eclipse/embedded/winavr-20100110/bin/../lib/gcc/avr/4.3.3/avr5\libgcc.a(_mul_sf.o)
 .debug_line    0x000008bc      0x1d5 d:/eclipse/embedded/winavr-20100110/bin/../lib/gcc/avr/4.3.3/avr5\libgcc.a(_div_sf.o)
 .debug_line    0x00000a91       0xd3 d:/eclipse/embedded/winavr-20100110/bin/../lib/gcc/avr/4.3.3/avr5\libgcc.a(_gt_sf.o)
 .debug_line    0x00000b64       0xd3 d:/eclipse/embedded/winavr-20100110/bin/../lib/gcc/avr/4.3.3/avr5\libgcc.a(_ge_sf.o)
 .debug_line    0x00000c37       0xd3 d:/eclipse/embedded/winavr-20100110/bin/../lib/gcc/avr/4.3.3/avr5\libgcc.a(_lt_sf.o)
 .debug_line    0x00000d0a      0x135 d:/eclipse/embedded/winavr-20100110/bin/../lib/gcc/avr/4.3.3/avr5\libgcc.a(_si_to_sf.o)
 .debug_line    0x00000e3f      0x109 d:/eclipse/embedded/winavr-20100110/bin/../lib/gcc/avr/4.3.3/avr5\libgcc.a(_sf_to_si.o)
 .debug_line    0x00000f48       0x90 d:/eclipse/embedded/winavr-20100110/bin/../lib/gcc/avr/4.3.3/avr5\libgcc.a(_thenan_sf.o)
 .debug_line    0x00000fd8       0xd7 d:/eclipse/embedded/winavr-20100110/bin/../lib/gcc/avr/4.3.3/avr5\libgcc.a(_ashrdi3.o)
 .debug_line    0x000010af       0x7c d:/eclipse/embedded/winavr-20100110/bin/../lib/gcc/avr/4.3.3/avr5\libgcc.a(_clz.o)
 .debug_line    0x0000112b       0xa5 d:/eclipse/embedded/winavr-20100110/bin/../lib/gcc/avr/4.3.3/avr5\libgcc.a(_clzsi2.o)
 .debug_line    0x000011d0      0x18a d:/eclipse/embedded/winavr-20100110/bin/../lib/gcc/avr/4.3.3/avr5\libgcc.a(_pack_sf.o)
 .debug_line    0x0000135a      0x14b d:/eclipse/embedded/winavr-20100110/bin/../lib/gcc/avr/4.3.3/avr5\libgcc.a(_unpack_sf.o)
 .debug_line    0x000014a5      0x137 d:/eclipse/embedded/winavr-20100110/bin/../lib/gcc/avr/4.3.3/avr5\libgcc.a(_fpcmp_parts_sf.o)

.debug_frame    0x00000000      0x220
 *(.debug_frame)
 .debug_frame   0x00000000       0x20 d:/eclipse/embedded/winavr-20100110/bin/../lib/gcc/avr/4.3.3/avr5\libgcc.a(_fixunssfsi.o)
 .debug_frame   0x00000020       0x20 d:/eclipse/embedded/winavr-20100110/bin/../lib/gcc/avr/4.3.3/avr5\libgcc.a(_floatdisf.o)
 .debug_frame   0x00000040       0x20 d:/eclipse/embedded/winavr-20100110/bin/../lib/gcc/avr/4.3.3/avr5\libgcc.a(_divdi3.o)
 .debug_frame   0x00000060       0x40 d:/eclipse/embedded/winavr-20100110/bin/../lib/gcc/avr/4.3.3/avr5\libgcc.a(_addsub_sf.o)
 .debug_frame   0x000000a0       0x20 d:/eclipse/embedded/winavr-20100110/bin/../lib/gcc/avr/4.3.3/avr5\libgcc.a(_mul_sf.o)
 .debug_frame   0x000000c0       0x20 d:/eclipse/embedded/winavr-20100110/bin/../lib/gcc/avr/4.3.3/avr5\libgcc.a(_div_sf.o)
 .debug_frame   0x000000e0       0x20 d:/eclipse/embedded/winavr-20100110/bin/../lib/gcc/avr/4.3.3/avr5\libgcc.a(_gt_sf.o)
 .debug_frame   0x00000100       0x20 d:/eclipse/embedded/winavr-20100110/bin/../lib/gcc/avr/4.3.3/avr5\libgcc.a(_ge_sf.o)
 .debug_frame   0x00000120       0x20 d:/eclipse/embedded/winavr-20100110/bin/../lib/gcc/avr/4.3.3/avr5\libgcc.a(_lt_sf.o)
 .debug_frame   0x00000140       0x20 d:/eclipse/embedded/winavr-20100110/bin/../lib/gcc/avr/4.3.3/avr5\libgcc.a(_si_to_sf.o)
 .debug_frame   0x00000160       0x20 d:/eclipse/embedded/winavr-20100110/bin/../lib/gcc/avr/4.3.3/avr5\libgcc.a(_sf_to_si.o)
 .debug_frame   0x00000180       0x20 d:/eclipse/embedded/winavr-20100110/bin/../lib/gcc/avr/4.3.3/avr5\libgcc.a(_ashrdi3.o)
 .debug_frame   0x000001a0       0x20 d:/eclipse/embedded/winavr-20100110/bin/../lib/gcc/avr/4.3.3/avr5\libgcc.a(_clzsi2.o)
 .debug_frame   0x000001c0       0x20 d:/eclipse/embedded/winavr-20100110/bin/../lib/gcc/avr/4.3.3/avr5\libgcc.a(_pack_sf.o)
 .debug_frame   0x000001e0       0x20 d:/eclipse/embedded/winavr-20100110/bin/../lib/gcc/avr/4.3.3/avr5\libgcc.a(_unpack_sf.o)
 .debug_frame   0x00000200       0x20 d:/eclipse/embedded/winavr-20100110/bin/../lib/gcc/avr/4.3.3/avr5\libgcc.a(_fpcmp_parts_sf.o)

.debug_str      0x00000000      0x39d
 *(.debug_str)
 .debug_str     0x00000000       0xbf d:/eclipse/embedded/winavr-20100110/bin/../lib/gcc/avr/4.3.3/avr5\libgcc.a(_fixunssfsi.o)
                                 0xfe (size before relaxing)
 .debug_str     0x000000bf       0x2f d:/eclipse/embedded/winavr-20100110/bin/../lib/gcc/avr/4.3.3/avr5\libgcc.a(_floatdisf.o)
                                0x12e (size before relaxing)
 .debug_str     0x000000ee       0x75 d:/eclipse/embedded/winavr-20100110/bin/../lib/gcc/avr/4.3.3/avr5\libgcc.a(_divdi3.o)
                                0x189 (size before relaxing)
 .debug_str     0x00000163      0x14d d:/eclipse/embedded/winavr-20100110/bin/../lib/gcc/avr/4.3.3/avr5\libgcc.a(_addsub_sf.o)
                                0x206 (size before relaxing)
 .debug_str     0x000002b0       0x27 d:/eclipse/embedded/winavr-20100110/bin/../lib/gcc/avr/4.3.3/avr5\libgcc.a(_mul_sf.o)
                                0x1bf (size before relaxing)
 .debug_str     0x000002d7       0x35 d:/eclipse/embedded/winavr-20100110/bin/../lib/gcc/avr/4.3.3/avr5\libgcc.a(_div_sf.o)
                                0x1c8 (size before relaxing)
 .debug_str     0x0000030c        0x8 d:/eclipse/embedded/winavr-20100110/bin/../lib/gcc/avr/4.3.3/avr5\libgcc.a(_gt_sf.o)
                                0x195 (size before relaxing)
 .debug_str     0x00000314        0x8 d:/eclipse/embedded/winavr-20100110/bin/../lib/gcc/avr/4.3.3/avr5\libgcc.a(_ge_sf.o)
                                0x195 (size before relaxing)
 .debug_str     0x0000031c        0x8 d:/eclipse/embedded/winavr-20100110/bin/../lib/gcc/avr/4.3.3/avr5\libgcc.a(_lt_sf.o)
                                0x195 (size before relaxing)
 .debug_str     0x00000324       0x18 d:/eclipse/embedded/winavr-20100110/bin/../lib/gcc/avr/4.3.3/avr5\libgcc.a(_si_to_sf.o)
                                0x17b (size before relaxing)
 .debug_str     0x0000033c        0xa d:/eclipse/embedded/winavr-20100110/bin/../lib/gcc/avr/4.3.3/avr5\libgcc.a(_sf_to_si.o)
                                0x19e (size before relaxing)
 .debug_str     0x00000000      0x103 d:/eclipse/embedded/winavr-20100110/bin/../lib/gcc/avr/4.3.3/avr5\libgcc.a(_thenan_sf.o)
 .debug_str     0x00000346       0x23 d:/eclipse/embedded/winavr-20100110/bin/../lib/gcc/avr/4.3.3/avr5\libgcc.a(_ashrdi3.o)
                                0x131 (size before relaxing)
 .debug_str     0x00000000       0xf4 d:/eclipse/embedded/winavr-20100110/bin/../lib/gcc/avr/4.3.3/avr5\libgcc.a(_clz.o)
 .debug_str     0x00000369        0x9 d:/eclipse/embedded/winavr-20100110/bin/../lib/gcc/avr/4.3.3/avr5\libgcc.a(_clzsi2.o)
                                0x111 (size before relaxing)
 .debug_str     0x00000372       0x10 d:/eclipse/embedded/winavr-20100110/bin/../lib/gcc/avr/4.3.3/avr5\libgcc.a(_pack_sf.o)
                                0x19d (size before relaxing)
 .debug_str     0x00000382        0xb d:/eclipse/embedded/winavr-20100110/bin/../lib/gcc/avr/4.3.3/avr5\libgcc.a(_unpack_sf.o)
                                0x17f (size before relaxing)
 .debug_str     0x0000038d       0x10 d:/eclipse/embedded/winavr-20100110/bin/../lib/gcc/avr/4.3.3/avr5\libgcc.a(_fpcmp_parts_sf.o)
                                0x163 (size before relaxing)

.debug_loc      0x00000000     0x1b0b
 *(.debug_loc)
 .debug_loc     0x00000000       0x34 d:/eclipse/embedded/winavr-20100110/bin/../lib/gcc/avr/4.3.3/avr5\libgcc.a(_fixunssfsi.o)
 .debug_loc     0x00000034      0x1d4 d:/eclipse/embedded/winavr-20100110/bin/../lib/gcc/avr/4.3.3/avr5\libgcc.a(_floatdisf.o)
 .debug_loc     0x00000208      0xe71 d:/eclipse/embedded/winavr-20100110/bin/../lib/gcc/avr/4.3.3/avr5\libgcc.a(_divdi3.o)
 .debug_loc     0x00001079      0x32a d:/eclipse/embedded/winavr-20100110/bin/../lib/gcc/avr/4.3.3/avr5\libgcc.a(_addsub_sf.o)
 .debug_loc     0x000013a3      0x104 d:/eclipse/embedded/winavr-20100110/bin/../lib/gcc/avr/4.3.3/avr5\libgcc.a(_mul_sf.o)
 .debug_loc     0x000014a7       0xc0 d:/eclipse/embedded/winavr-20100110/bin/../lib/gcc/avr/4.3.3/avr5\libgcc.a(_div_sf.o)
 .debug_loc     0x00001567       0x3c d:/eclipse/embedded/winavr-20100110/bin/../lib/gcc/avr/4.3.3/avr5\libgcc.a(_gt_sf.o)
 .debug_loc     0x000015a3       0x3c d:/eclipse/embedded/winavr-20100110/bin/../lib/gcc/avr/4.3.3/avr5\libgcc.a(_ge_sf.o)
 .debug_loc     0x000015df       0x3c d:/eclipse/embedded/winavr-20100110/bin/../lib/gcc/avr/4.3.3/avr5\libgcc.a(_lt_sf.o)
 .debug_loc     0x0000161b       0xac d:/eclipse/embedded/winavr-20100110/bin/../lib/gcc/avr/4.3.3/avr5\libgcc.a(_si_to_sf.o)
 .debug_loc     0x000016c7       0x7e d:/eclipse/embedded/winavr-20100110/bin/../lib/gcc/avr/4.3.3/avr5\libgcc.a(_sf_to_si.o)
 .debug_loc     0x00001745       0xf8 d:/eclipse/embedded/winavr-20100110/bin/../lib/gcc/avr/4.3.3/avr5\libgcc.a(_ashrdi3.o)
 .debug_loc     0x0000183d       0x94 d:/eclipse/embedded/winavr-20100110/bin/../lib/gcc/avr/4.3.3/avr5\libgcc.a(_clzsi2.o)
 .debug_loc     0x000018d1      0x13e d:/eclipse/embedded/winavr-20100110/bin/../lib/gcc/avr/4.3.3/avr5\libgcc.a(_pack_sf.o)
 .debug_loc     0x00001a0f       0xac d:/eclipse/embedded/winavr-20100110/bin/../lib/gcc/avr/4.3.3/avr5\libgcc.a(_unpack_sf.o)
 .debug_loc     0x00001abb       0x50 d:/eclipse/embedded/winavr-20100110/bin/../lib/gcc/avr/4.3.3/avr5\libgcc.a(_fpcmp_parts_sf.o)

.debug_macinfo
 *(.debug_macinfo)
OUTPUT(AVR_SDK.elf elf32-avr)
LOAD linker stubs

.debug_ranges   0x00000000       0x68
 .debug_ranges  0x00000000       0x18 d:/eclipse/embedded/winavr-20100110/bin/../lib/gcc/avr/4.3.3/avr5\libgcc.a(_divdi3.o)
 .debug_ranges  0x00000018       0x50 d:/eclipse/embedded/winavr-20100110/bin/../lib/gcc/avr/4.3.3/avr5\libgcc.a(_mul_sf.o)

Cross Reference Table

Symbol                                            File
DIO_PullUp_pin                                    ./hal/DIO/DIO.o
DIO_PullUp_port                                   ./hal/DIO/DIO.o
DIO_clear_pin                                     ./hal/DIO/DIO.o
                                                  ./SERVICE/lcd.o
DIO_clear_port                                    ./hal/DIO/DIO.o
                                                  ./SERVICE/seven_seg.o
                                                  ./SERVICE/keypad.o
DIO_deinit_port                                   ./hal/DIO/DIO.o
                                                  ./SERVICE/lcd.o
DIO_init_port_input                               ./hal/DIO/DIO.o
                                                  ./SERVICE/keypad.o
DIO_init_port_output                              ./hal/DIO/DIO.o
                                                  ./Watch.o
                                                  ./SERVICE/seven_seg.o
                                                  ./SERVICE/lcd.o
DIO_read_pin                                      ./hal/DIO/DIO.o
                                                  ./Watch.o
DIO_read_port                                     ./hal/DIO/DIO.o
                                                  ./SERVICE/keypad.o
DIO_set_pin                                       ./hal/DIO/DIO.o
                                                  ./Watch.o
                                                  ./SERVICE/lcd.o
DIO_set_port                                      ./hal/DIO/DIO.o
                                                  ./SERVICE/seven_seg.o
                                                  ./SERVICE/keypad.o
DIO_write_pin                                     ./hal/DIO/DIO.o
                                                  ./Watch.o
DIO_write_port                                    ./hal/DIO/DIO.o
                                                  ./SERVICE/lcd.o
I2C_init                                          ./hal/I2C/I2C.o
ISR_USART_DRE                                     ./hal/UART/UART.o
ISR_USART_RXC                                     ./hal/UART/UART.o
ISR_USART_TXC                                     ./hal/UART/UART.o
RX_check_header                                   ./SERVICE/com.o
RX_com_dispatch                                   ./SERVICE/com.o
RX_com_init                                       ./SERVICE/com.o
RX_com_receive                                    ./SERVICE/com.o
RX_hook_receive_complete                          ./SERVICE/com.o
TMU_Dispatch                                      ./SERVICE/TMU.o
TMU_ISR                                           ./SERVICE/TMU.o
TMU_addTimer                                      ./SERVICE/TMU.o
TMU_deinit                                        ./SERVICE/TMU.o
TMU_init                                          ./SERVICE/TMU.o
TMU_removeTimer                                   ./SERVICE/TMU.o
UART_Flush                                        ./hal/UART/UART.o
UART_addISR                                       ./hal/UART/UART.o
                                                  ./Watch.o
                                                  ./SERVICE/com.o
UART_dataReady                                    ./hal/UART/UART.o
                                                  ./SERVICE/com.o
UART_deinit                                       ./hal/UART/UART.o
UART_getError                                     ./hal/UART/UART.o
UART_init                                         ./hal/UART/UART.o
                                                  ./Watch.o
                                                  ./SERVICE/com.o
UART_readByte                                     ./hal/UART/UART.o
UART_sendByte                                     ./hal/UART/UART.o
UART_sendPacket                                   ./hal/UART/UART.o
UART_sendString                                   ./hal/UART/UART.o
__addsf3                                          d:/eclipse/embedded/winavr-20100110/bin/../lib/gcc/avr/4.3.3/avr5\libgcc.a(_addsub_sf.o)
__ashrdi3                                         d:/eclipse/embedded/winavr-20100110/bin/../lib/gcc/avr/4.3.3/avr5\libgcc.a(_ashrdi3.o)
                                                  d:/eclipse/embedded/winavr-20100110/bin/../lib/gcc/avr/4.3.3/avr5\libgcc.a(_floatdisf.o)
__bad_interrupt                                   d:/eclipse/embedded/winavr-20100110/bin/../lib/gcc/avr/4.3.3/../../../../avr/lib/avr5/crtm32.o
__bss_end                                         d:/eclipse/embedded/winavr-20100110/bin/../lib/gcc/avr/4.3.3/avr5\libgcc.a(_clear_bss.o)
__bss_start                                       d:/eclipse/embedded/winavr-20100110/bin/../lib/gcc/avr/4.3.3/avr5\libgcc.a(_clear_bss.o)
__clz_tab                                         d:/eclipse/embedded/winavr-20100110/bin/../lib/gcc/avr/4.3.3/avr5\libgcc.a(_clz.o)
                                                  d:/eclipse/embedded/winavr-20100110/bin/../lib/gcc/avr/4.3.3/avr5\libgcc.a(_clzsi2.o)
                                                  d:/eclipse/embedded/winavr-20100110/bin/../lib/gcc/avr/4.3.3/avr5\libgcc.a(_divdi3.o)
                                                  d:/eclipse/embedded/winavr-20100110/bin/../lib/gcc/avr/4.3.3/avr5\libgcc.a(_floatdisf.o)
__clzsi2                                          d:/eclipse/embedded/winavr-20100110/bin/../lib/gcc/avr/4.3.3/avr5\libgcc.a(_clzsi2.o)
                                                  d:/eclipse/embedded/winavr-20100110/bin/../lib/gcc/avr/4.3.3/avr5\libgcc.a(_si_to_sf.o)
__data_end                                        d:/eclipse/embedded/winavr-20100110/bin/../lib/gcc/avr/4.3.3/avr5\libgcc.a(_copy_data.o)
__data_load_start                                 d:/eclipse/embedded/winavr-20100110/bin/../lib/gcc/avr/4.3.3/avr5\libgcc.a(_copy_data.o)
__data_start                                      d:/eclipse/embedded/winavr-20100110/bin/../lib/gcc/avr/4.3.3/avr5\libgcc.a(_copy_data.o)
__divdi3                                          d:/eclipse/embedded/winavr-20100110/bin/../lib/gcc/avr/4.3.3/avr5\libgcc.a(_divdi3.o)
                                                  ./hal/UART/UART.o
__divmodhi4                                       d:/eclipse/embedded/winavr-20100110/bin/../lib/gcc/avr/4.3.3/avr5\libgcc.a(_divmodhi4.o)
                                                  ./Watch.o
__divsf3                                          d:/eclipse/embedded/winavr-20100110/bin/../lib/gcc/avr/4.3.3/avr5\libgcc.a(_div_sf.o)
                                                  ./SERVICE/lcd.o
__do_clear_bss                                    d:/eclipse/embedded/winavr-20100110/bin/../lib/gcc/avr/4.3.3/avr5\libgcc.a(_clear_bss.o)
                                                  ./Watch.o
                                                  ./SERVICE/seven_seg.o
                                                  ./SERVICE/keypad.o
                                                  ./SERVICE/com.o
                                                  ./SERVICE/TMU.o
                                                  ./hal/TIMER/timer.o
                                                  ./hal/UART/UART.o
__do_copy_data                                    d:/eclipse/embedded/winavr-20100110/bin/../lib/gcc/avr/4.3.3/avr5\libgcc.a(_copy_data.o)
                                                  d:/eclipse/embedded/winavr-20100110/bin/../lib/gcc/avr/4.3.3/avr5\libgcc.a(_clz.o)
                                                  d:/eclipse/embedded/winavr-20100110/bin/../lib/gcc/avr/4.3.3/avr5\libgcc.a(_thenan_sf.o)
                                                  ./Watch.o
                                                  ./SERVICE/seven_seg.o
                                                  ./SERVICE/lcd.o
                                                  ./SERVICE/keypad.o
__epilogue_restores__                             d:/eclipse/embedded/winavr-20100110/bin/../lib/gcc/avr/4.3.3/avr5\libgcc.a(_epilogue.o)
                                                  d:/eclipse/embedded/winavr-20100110/bin/../lib/gcc/avr/4.3.3/avr5\libgcc.a(_sf_to_si.o)
                                                  d:/eclipse/embedded/winavr-20100110/bin/../lib/gcc/avr/4.3.3/avr5\libgcc.a(_si_to_sf.o)
                                                  d:/eclipse/embedded/winavr-20100110/bin/../lib/gcc/avr/4.3.3/avr5\libgcc.a(_lt_sf.o)
                                                  d:/eclipse/embedded/winavr-20100110/bin/../lib/gcc/avr/4.3.3/avr5\libgcc.a(_ge_sf.o)
                                                  d:/eclipse/embedded/winavr-20100110/bin/../lib/gcc/avr/4.3.3/avr5\libgcc.a(_gt_sf.o)
                                                  d:/eclipse/embedded/winavr-20100110/bin/../lib/gcc/avr/4.3.3/avr5\libgcc.a(_div_sf.o)
                                                  d:/eclipse/embedded/winavr-20100110/bin/../lib/gcc/avr/4.3.3/avr5\libgcc.a(_mul_sf.o)
                                                  d:/eclipse/embedded/winavr-20100110/bin/../lib/gcc/avr/4.3.3/avr5\libgcc.a(_addsub_sf.o)
                                                  d:/eclipse/embedded/winavr-20100110/bin/../lib/gcc/avr/4.3.3/avr5\libgcc.a(_divdi3.o)
                                                  d:/eclipse/embedded/winavr-20100110/bin/../lib/gcc/avr/4.3.3/avr5\libgcc.a(_floatdisf.o)
__fixsfsi                                         d:/eclipse/embedded/winavr-20100110/bin/../lib/gcc/avr/4.3.3/avr5\libgcc.a(_sf_to_si.o)
                                                  d:/eclipse/embedded/winavr-20100110/bin/../lib/gcc/avr/4.3.3/avr5\libgcc.a(_fixunssfsi.o)
__fixunssfsi                                      d:/eclipse/embedded/winavr-20100110/bin/../lib/gcc/avr/4.3.3/avr5\libgcc.a(_fixunssfsi.o)
                                                  ./SERVICE/lcd.o
                                                  ./hal/UART/UART.o
__floatdisf                                       d:/eclipse/embedded/winavr-20100110/bin/../lib/gcc/avr/4.3.3/avr5\libgcc.a(_floatdisf.o)
                                                  ./hal/UART/UART.o
__floatsisf                                       d:/eclipse/embedded/winavr-20100110/bin/../lib/gcc/avr/4.3.3/avr5\libgcc.a(_si_to_sf.o)
                                                  d:/eclipse/embedded/winavr-20100110/bin/../lib/gcc/avr/4.3.3/avr5\libgcc.a(_floatdisf.o)
__fp_mintl                                        d:/eclipse/embedded/winavr-20100110/bin/../lib/gcc/avr/4.3.3/../../../../avr/lib/avr5\libm.a(fp_mintl.o)
                                                  d:/eclipse/embedded/winavr-20100110/bin/../lib/gcc/avr/4.3.3/../../../../avr/lib/avr5\libm.a(round.o)
__fp_mpack                                        d:/eclipse/embedded/winavr-20100110/bin/../lib/gcc/avr/4.3.3/../../../../avr/lib/avr5\libm.a(fp_mpack.o)
                                                  d:/eclipse/embedded/winavr-20100110/bin/../lib/gcc/avr/4.3.3/../../../../avr/lib/avr5\libm.a(round.o)
__fp_mpack_finite                                 d:/eclipse/embedded/winavr-20100110/bin/../lib/gcc/avr/4.3.3/../../../../avr/lib/avr5\libm.a(fp_mpack.o)
__fp_split3                                       d:/eclipse/embedded/winavr-20100110/bin/../lib/gcc/avr/4.3.3/../../../../avr/lib/avr5\libm.a(fp_split3.o)
__fp_splitA                                       d:/eclipse/embedded/winavr-20100110/bin/../lib/gcc/avr/4.3.3/../../../../avr/lib/avr5\libm.a(fp_split3.o)
                                                  d:/eclipse/embedded/winavr-20100110/bin/../lib/gcc/avr/4.3.3/../../../../avr/lib/avr5\libm.a(round.o)
__fp_szero                                        d:/eclipse/embedded/winavr-20100110/bin/../lib/gcc/avr/4.3.3/../../../../avr/lib/avr5\libm.a(fp_zero.o)
                                                  d:/eclipse/embedded/winavr-20100110/bin/../lib/gcc/avr/4.3.3/../../../../avr/lib/avr5\libm.a(round.o)
__fp_zero                                         d:/eclipse/embedded/winavr-20100110/bin/../lib/gcc/avr/4.3.3/../../../../avr/lib/avr5\libm.a(fp_zero.o)
__fpcmp_parts_f                                   d:/eclipse/embedded/winavr-20100110/bin/../lib/gcc/avr/4.3.3/avr5\libgcc.a(_fpcmp_parts_sf.o)
                                                  d:/eclipse/embedded/winavr-20100110/bin/../lib/gcc/avr/4.3.3/avr5\libgcc.a(_lt_sf.o)
                                                  d:/eclipse/embedded/winavr-20100110/bin/../lib/gcc/avr/4.3.3/avr5\libgcc.a(_ge_sf.o)
                                                  d:/eclipse/embedded/winavr-20100110/bin/../lib/gcc/avr/4.3.3/avr5\libgcc.a(_gt_sf.o)
__gesf2                                           d:/eclipse/embedded/winavr-20100110/bin/../lib/gcc/avr/4.3.3/avr5\libgcc.a(_ge_sf.o)
                                                  d:/eclipse/embedded/winavr-20100110/bin/../lib/gcc/avr/4.3.3/avr5\libgcc.a(_fixunssfsi.o)
__gtsf2                                           d:/eclipse/embedded/winavr-20100110/bin/../lib/gcc/avr/4.3.3/avr5\libgcc.a(_gt_sf.o)
                                                  ./SERVICE/lcd.o
__heap_end                                        d:/eclipse/embedded/winavr-20100110/bin/../lib/gcc/avr/4.3.3/../../../../avr/lib/avr5/crtm32.o
__init                                            d:/eclipse/embedded/winavr-20100110/bin/../lib/gcc/avr/4.3.3/../../../../avr/lib/avr5/crtm32.o
__ltsf2                                           d:/eclipse/embedded/winavr-20100110/bin/../lib/gcc/avr/4.3.3/avr5\libgcc.a(_lt_sf.o)
                                                  ./SERVICE/lcd.o
__mulsf3                                          d:/eclipse/embedded/winavr-20100110/bin/../lib/gcc/avr/4.3.3/avr5\libgcc.a(_mul_sf.o)
                                                  d:/eclipse/embedded/winavr-20100110/bin/../lib/gcc/avr/4.3.3/avr5\libgcc.a(_floatdisf.o)
                                                  ./SERVICE/lcd.o
__mulsi3                                          d:/eclipse/embedded/winavr-20100110/bin/../lib/gcc/avr/4.3.3/avr5\libgcc.a(_mulsi3.o)
                                                  d:/eclipse/embedded/winavr-20100110/bin/../lib/gcc/avr/4.3.3/avr5\libgcc.a(_divdi3.o)
__pack_f                                          d:/eclipse/embedded/winavr-20100110/bin/../lib/gcc/avr/4.3.3/avr5\libgcc.a(_pack_sf.o)
                                                  d:/eclipse/embedded/winavr-20100110/bin/../lib/gcc/avr/4.3.3/avr5\libgcc.a(_si_to_sf.o)
                                                  d:/eclipse/embedded/winavr-20100110/bin/../lib/gcc/avr/4.3.3/avr5\libgcc.a(_div_sf.o)
                                                  d:/eclipse/embedded/winavr-20100110/bin/../lib/gcc/avr/4.3.3/avr5\libgcc.a(_mul_sf.o)
                                                  d:/eclipse/embedded/winavr-20100110/bin/../lib/gcc/avr/4.3.3/avr5\libgcc.a(_addsub_sf.o)
__prologue_saves__                                d:/eclipse/embedded/winavr-20100110/bin/../lib/gcc/avr/4.3.3/avr5\libgcc.a(_prologue.o)
                                                  d:/eclipse/embedded/winavr-20100110/bin/../lib/gcc/avr/4.3.3/avr5\libgcc.a(_sf_to_si.o)
                                                  d:/eclipse/embedded/winavr-20100110/bin/../lib/gcc/avr/4.3.3/avr5\libgcc.a(_si_to_sf.o)
                                                  d:/eclipse/embedded/winavr-20100110/bin/../lib/gcc/avr/4.3.3/avr5\libgcc.a(_lt_sf.o)
                                                  d:/eclipse/embedded/winavr-20100110/bin/../lib/gcc/avr/4.3.3/avr5\libgcc.a(_ge_sf.o)
                                                  d:/eclipse/embedded/winavr-20100110/bin/../lib/gcc/avr/4.3.3/avr5\libgcc.a(_gt_sf.o)
                                                  d:/eclipse/embedded/winavr-20100110/bin/../lib/gcc/avr/4.3.3/avr5\libgcc.a(_div_sf.o)
                                                  d:/eclipse/embedded/winavr-20100110/bin/../lib/gcc/avr/4.3.3/avr5\libgcc.a(_mul_sf.o)
                                                  d:/eclipse/embedded/winavr-20100110/bin/../lib/gcc/avr/4.3.3/avr5\libgcc.a(_addsub_sf.o)
                                                  d:/eclipse/embedded/winavr-20100110/bin/../lib/gcc/avr/4.3.3/avr5\libgcc.a(_divdi3.o)
                                                  d:/eclipse/embedded/winavr-20100110/bin/../lib/gcc/avr/4.3.3/avr5\libgcc.a(_floatdisf.o)
__stack                                           d:/eclipse/embedded/winavr-20100110/bin/../lib/gcc/avr/4.3.3/../../../../avr/lib/avr5/crtm32.o
__subsf3                                          d:/eclipse/embedded/winavr-20100110/bin/../lib/gcc/avr/4.3.3/avr5\libgcc.a(_addsub_sf.o)
                                                  d:/eclipse/embedded/winavr-20100110/bin/../lib/gcc/avr/4.3.3/avr5\libgcc.a(_fixunssfsi.o)
__thenan_sf                                       d:/eclipse/embedded/winavr-20100110/bin/../lib/gcc/avr/4.3.3/avr5\libgcc.a(_thenan_sf.o)
                                                  d:/eclipse/embedded/winavr-20100110/bin/../lib/gcc/avr/4.3.3/avr5\libgcc.a(_div_sf.o)
                                                  d:/eclipse/embedded/winavr-20100110/bin/../lib/gcc/avr/4.3.3/avr5\libgcc.a(_mul_sf.o)
                                                  d:/eclipse/embedded/winavr-20100110/bin/../lib/gcc/avr/4.3.3/avr5\libgcc.a(_addsub_sf.o)
__udivmodhi4                                      d:/eclipse/embedded/winavr-20100110/bin/../lib/gcc/avr/4.3.3/avr5\libgcc.a(_udivmodhi4.o)
                                                  d:/eclipse/embedded/winavr-20100110/bin/../lib/gcc/avr/4.3.3/avr5\libgcc.a(_divmodhi4.o)
__udivmodsi4                                      d:/eclipse/embedded/winavr-20100110/bin/../lib/gcc/avr/4.3.3/avr5\libgcc.a(_udivmodsi4.o)
                                                  d:/eclipse/embedded/winavr-20100110/bin/../lib/gcc/avr/4.3.3/avr5\libgcc.a(_divdi3.o)
                                                  ./SERVICE/com.o
                                                  ./SERVICE/TMU.o
__unpack_f                                        d:/eclipse/embedded/winavr-20100110/bin/../lib/gcc/avr/4.3.3/avr5\libgcc.a(_unpack_sf.o)
                                                  d:/eclipse/embedded/winavr-20100110/bin/../lib/gcc/avr/4.3.3/avr5\libgcc.a(_sf_to_si.o)
                                                  d:/eclipse/embedded/winavr-20100110/bin/../lib/gcc/avr/4.3.3/avr5\libgcc.a(_lt_sf.o)
                                                  d:/eclipse/embedded/winavr-20100110/bin/../lib/gcc/avr/4.3.3/avr5\libgcc.a(_ge_sf.o)
                                                  d:/eclipse/embedded/winavr-20100110/bin/../lib/gcc/avr/4.3.3/avr5\libgcc.a(_gt_sf.o)
                                                  d:/eclipse/embedded/winavr-20100110/bin/../lib/gcc/avr/4.3.3/avr5\libgcc.a(_div_sf.o)
                                                  d:/eclipse/embedded/winavr-20100110/bin/../lib/gcc/avr/4.3.3/avr5\libgcc.a(_mul_sf.o)
                                                  d:/eclipse/embedded/winavr-20100110/bin/../lib/gcc/avr/4.3.3/avr5\libgcc.a(_addsub_sf.o)
__vector_1                                        d:/eclipse/embedded/winavr-20100110/bin/../lib/gcc/avr/4.3.3/../../../../avr/lib/avr5/crtm32.o
__vector_10                                       ./hal/TIMER/timer.o
                                                  d:/eclipse/embedded/winavr-20100110/bin/../lib/gcc/avr/4.3.3/../../../../avr/lib/avr5/crtm32.o
__vector_11                                       d:/eclipse/embedded/winavr-20100110/bin/../lib/gcc/avr/4.3.3/../../../../avr/lib/avr5/crtm32.o
__vector_12                                       d:/eclipse/embedded/winavr-20100110/bin/../lib/gcc/avr/4.3.3/../../../../avr/lib/avr5/crtm32.o
__vector_13                                       ./hal/UART/UART.o
                                                  d:/eclipse/embedded/winavr-20100110/bin/../lib/gcc/avr/4.3.3/../../../../avr/lib/avr5/crtm32.o
__vector_14                                       ./hal/UART/UART.o
                                                  d:/eclipse/embedded/winavr-20100110/bin/../lib/gcc/avr/4.3.3/../../../../avr/lib/avr5/crtm32.o
__vector_15                                       ./hal/UART/UART.o
                                                  d:/eclipse/embedded/winavr-20100110/bin/../lib/gcc/avr/4.3.3/../../../../avr/lib/avr5/crtm32.o
__vector_16                                       d:/eclipse/embedded/winavr-20100110/bin/../lib/gcc/avr/4.3.3/../../../../avr/lib/avr5/crtm32.o
__vector_17                                       d:/eclipse/embedded/winavr-20100110/bin/../lib/gcc/avr/4.3.3/../../../../avr/lib/avr5/crtm32.o
__vector_18                                       d:/eclipse/embedded/winavr-20100110/bin/../lib/gcc/avr/4.3.3/../../../../avr/lib/avr5/crtm32.o
__vector_19                                       d:/eclipse/embedded/winavr-20100110/bin/../lib/gcc/avr/4.3.3/../../../../avr/lib/avr5/crtm32.o
__vector_2                                        d:/eclipse/embedded/winavr-20100110/bin/../lib/gcc/avr/4.3.3/../../../../avr/lib/avr5/crtm32.o
__vector_20                                       d:/eclipse/embedded/winavr-20100110/bin/../lib/gcc/avr/4.3.3/../../../../avr/lib/avr5/crtm32.o
__vector_3                                        d:/eclipse/embedded/winavr-20100110/bin/../lib/gcc/avr/4.3.3/../../../../avr/lib/avr5/crtm32.o
__vector_4                                        ./hal/TIMER/timer.o
                                                  d:/eclipse/embedded/winavr-20100110/bin/../lib/gcc/avr/4.3.3/../../../../avr/lib/avr5/crtm32.o
__vector_5                                        d:/eclipse/embedded/winavr-20100110/bin/../lib/gcc/avr/4.3.3/../../../../avr/lib/avr5/crtm32.o
__vector_6                                        d:/eclipse/embedded/winavr-20100110/bin/../lib/gcc/avr/4.3.3/../../../../avr/lib/avr5/crtm32.o
__vector_7                                        d:/eclipse/embedded/winavr-20100110/bin/../lib/gcc/avr/4.3.3/../../../../avr/lib/avr5/crtm32.o
__vector_8                                        d:/eclipse/embedded/winavr-20100110/bin/../lib/gcc/avr/4.3.3/../../../../avr/lib/avr5/crtm32.o
__vector_9                                        d:/eclipse/embedded/winavr-20100110/bin/../lib/gcc/avr/4.3.3/../../../../avr/lib/avr5/crtm32.o
__vector_default                                  d:/eclipse/embedded/winavr-20100110/bin/../lib/gcc/avr/4.3.3/../../../../avr/lib/avr5/crtm32.o
__vectors                                         d:/eclipse/embedded/winavr-20100110/bin/../lib/gcc/avr/4.3.3/../../../../avr/lib/avr5/crtm32.o
_div                                              d:/eclipse/embedded/winavr-20100110/bin/../lib/gcc/avr/4.3.3/avr5\libgcc.a(_divmodhi4.o)
_exit                                             d:/eclipse/embedded/winavr-20100110/bin/../lib/gcc/avr/4.3.3/avr5\libgcc.a(_exit.o)
chech_sum                                         ./SERVICE/com.o
currMin                                           ./Watch.o
currSec                                           ./Watch.o
exit                                              d:/eclipse/embedded/winavr-20100110/bin/../lib/gcc/avr/4.3.3/avr5\libgcc.a(_exit.o)
                                                  d:/eclipse/embedded/winavr-20100110/bin/../lib/gcc/avr/4.3.3/../../../../avr/lib/avr5/crtm32.o
flag                                              ./Watch.o
function1                                         ./Watch.o
function2                                         ./Watch.o
function3                                         ./Watch.o
hal_deinit_timer                                  ./hal/TIMER/timer.o
hal_init_timer                                    ./hal/TIMER/timer.o
                                                  ./SERVICE/TMU.o
hal_is_timer_finish                               ./hal/TIMER/timer.o
hal_read_timer                                    ./hal/TIMER/timer.o
hal_update_cmp_timer                              ./hal/TIMER/timer.o
                                                  ./SERVICE/TMU.o
hal_update_timer                                  ./hal/TIMER/timer.o
                                                  ./SERVICE/TMU.o
keypad_dispatch                                   ./SERVICE/keypad.o
keypad_get_key                                    ./SERVICE/keypad.o
keypad_init                                       ./SERVICE/keypad.o
lcd                                               ./Watch.o
lcd_clear                                         ./SERVICE/lcd.o
lcd_deinit                                        ./SERVICE/lcd.o
lcd_gotoxy                                        ./SERVICE/lcd.o
                                                  ./Watch.o
lcd_init                                          ./SERVICE/lcd.o
                                                  ./Watch.o
lcd_print                                         ./SERVICE/lcd.o
lcd_send_command                                  ./SERVICE/lcd.o
lcd_send_data                                     ./SERVICE/lcd.o
                                                  ./Watch.o
main                                              ./Watch.o
                                                  d:/eclipse/embedded/winavr-20100110/bin/../lib/gcc/avr/4.3.3/../../../../avr/lib/avr5/crtm32.o
minID1                                            ./Watch.o
minID10                                           ./Watch.o
round                                             d:/eclipse/embedded/winavr-20100110/bin/../lib/gcc/avr/4.3.3/../../../../avr/lib/avr5\libm.a(round.o)
                                                  ./hal/UART/UART.o
rx                                                ./Watch.o
secID1                                            ./Watch.o
secID10                                           ./Watch.o
seven_seg_deinit                                  ./SERVICE/seven_seg.o
seven_seg_display                                 ./SERVICE/seven_seg.o
                                                  ./Watch.o
seven_seg_init                                    ./SERVICE/seven_seg.o
seven_seg_reset                                   ./SERVICE/seven_seg.o
t0_isr                                            ./hal/TIMER/timer.o
t1_isr                                            ./hal/TIMER/timer.o
t2_isr                                            ./hal/TIMER/timer.o
tx                                                ./Watch.o
