Archive member included because of file (symbol)

e:/eclipse/embedded/winavr-20100110/bin/../lib/gcc/avr/4.3.3/avr5\libgcc.a(_divmodhi4.o)
                              ./Watch.o (__divmodhi4)
e:/eclipse/embedded/winavr-20100110/bin/../lib/gcc/avr/4.3.3/avr5\libgcc.a(_udivmodsi4.o)
                              ./TMU.o (__udivmodsi4)
e:/eclipse/embedded/winavr-20100110/bin/../lib/gcc/avr/4.3.3/avr5\libgcc.a(_exit.o)
                              e:/eclipse/embedded/winavr-20100110/bin/../lib/gcc/avr/4.3.3/../../../../avr/lib/avr5/crtm32.o (exit)
e:/eclipse/embedded/winavr-20100110/bin/../lib/gcc/avr/4.3.3/avr5\libgcc.a(_copy_data.o)
                              ./Watch.o (__do_copy_data)
e:/eclipse/embedded/winavr-20100110/bin/../lib/gcc/avr/4.3.3/avr5\libgcc.a(_clear_bss.o)
                              ./hal/TIMER/timer.o (__do_clear_bss)
e:/eclipse/embedded/winavr-20100110/bin/../lib/gcc/avr/4.3.3/avr5\libgcc.a(_fixunssfsi.o)
                              ./lcd.o (__fixunssfsi)
e:/eclipse/embedded/winavr-20100110/bin/../lib/gcc/avr/4.3.3/avr5\libgcc.a(_addsub_sf.o)
                              e:/eclipse/embedded/winavr-20100110/bin/../lib/gcc/avr/4.3.3/avr5\libgcc.a(_fixunssfsi.o) (__subsf3)
e:/eclipse/embedded/winavr-20100110/bin/../lib/gcc/avr/4.3.3/avr5\libgcc.a(_mul_sf.o)
                              ./lcd.o (__mulsf3)
e:/eclipse/embedded/winavr-20100110/bin/../lib/gcc/avr/4.3.3/avr5\libgcc.a(_div_sf.o)
                              ./lcd.o (__divsf3)
e:/eclipse/embedded/winavr-20100110/bin/../lib/gcc/avr/4.3.3/avr5\libgcc.a(_gt_sf.o)
                              ./lcd.o (__gtsf2)
e:/eclipse/embedded/winavr-20100110/bin/../lib/gcc/avr/4.3.3/avr5\libgcc.a(_ge_sf.o)
                              e:/eclipse/embedded/winavr-20100110/bin/../lib/gcc/avr/4.3.3/avr5\libgcc.a(_fixunssfsi.o) (__gesf2)
e:/eclipse/embedded/winavr-20100110/bin/../lib/gcc/avr/4.3.3/avr5\libgcc.a(_lt_sf.o)
                              ./lcd.o (__ltsf2)
e:/eclipse/embedded/winavr-20100110/bin/../lib/gcc/avr/4.3.3/avr5\libgcc.a(_sf_to_si.o)
                              e:/eclipse/embedded/winavr-20100110/bin/../lib/gcc/avr/4.3.3/avr5\libgcc.a(_fixunssfsi.o) (__fixsfsi)
e:/eclipse/embedded/winavr-20100110/bin/../lib/gcc/avr/4.3.3/avr5\libgcc.a(_thenan_sf.o)
                              e:/eclipse/embedded/winavr-20100110/bin/../lib/gcc/avr/4.3.3/avr5\libgcc.a(_addsub_sf.o) (__thenan_sf)
e:/eclipse/embedded/winavr-20100110/bin/../lib/gcc/avr/4.3.3/avr5\libgcc.a(_udivmodhi4.o)
                              e:/eclipse/embedded/winavr-20100110/bin/../lib/gcc/avr/4.3.3/avr5\libgcc.a(_divmodhi4.o) (__udivmodhi4)
e:/eclipse/embedded/winavr-20100110/bin/../lib/gcc/avr/4.3.3/avr5\libgcc.a(_prologue.o)
                              e:/eclipse/embedded/winavr-20100110/bin/../lib/gcc/avr/4.3.3/avr5\libgcc.a(_addsub_sf.o) (__prologue_saves__)
e:/eclipse/embedded/winavr-20100110/bin/../lib/gcc/avr/4.3.3/avr5\libgcc.a(_epilogue.o)
                              e:/eclipse/embedded/winavr-20100110/bin/../lib/gcc/avr/4.3.3/avr5\libgcc.a(_addsub_sf.o) (__epilogue_restores__)
e:/eclipse/embedded/winavr-20100110/bin/../lib/gcc/avr/4.3.3/avr5\libgcc.a(_pack_sf.o)
                              e:/eclipse/embedded/winavr-20100110/bin/../lib/gcc/avr/4.3.3/avr5\libgcc.a(_addsub_sf.o) (__pack_f)
e:/eclipse/embedded/winavr-20100110/bin/../lib/gcc/avr/4.3.3/avr5\libgcc.a(_unpack_sf.o)
                              e:/eclipse/embedded/winavr-20100110/bin/../lib/gcc/avr/4.3.3/avr5\libgcc.a(_addsub_sf.o) (__unpack_f)
e:/eclipse/embedded/winavr-20100110/bin/../lib/gcc/avr/4.3.3/avr5\libgcc.a(_fpcmp_parts_sf.o)
                              e:/eclipse/embedded/winavr-20100110/bin/../lib/gcc/avr/4.3.3/avr5\libgcc.a(_gt_sf.o) (__fpcmp_parts_f)

Allocating common symbols
Common symbol       size              file

minID10             0x1               ./Watch.o
t1_isr              0x2               ./hal/TIMER/timer.o
secID1              0x1               ./Watch.o
t0_isr              0x2               ./hal/TIMER/timer.o
t2_isr              0x2               ./hal/TIMER/timer.o
secID10             0x1               ./Watch.o
minID1              0x1               ./Watch.o

Discarded input sections

 .data          0x00000000        0x0 e:/eclipse/embedded/winavr-20100110/bin/../lib/gcc/avr/4.3.3/../../../../avr/lib/avr5/crtm32.o
 .bss           0x00000000        0x0 e:/eclipse/embedded/winavr-20100110/bin/../lib/gcc/avr/4.3.3/../../../../avr/lib/avr5/crtm32.o
 .text          0x00000000        0x0 ./hal/UART/USART.o
 .data          0x00000000        0x0 ./hal/UART/USART.o
 .bss           0x00000000        0x0 ./hal/UART/USART.o
 .text.UART_init
                0x00000000        0x0 ./hal/UART/USART.o
 .text.UART_getError
                0x00000000        0x0 ./hal/UART/USART.o
 .text.UART_readByte
                0x00000000        0x0 ./hal/UART/USART.o
 .text.UART_sendByte
                0x00000000        0x0 ./hal/UART/USART.o
 .text.UART_sendString
                0x00000000        0x0 ./hal/UART/USART.o
 .text.UART_sendPacket
                0x00000000        0x0 ./hal/UART/USART.o
 .text.UART_dataReady
                0x00000000        0x0 ./hal/UART/USART.o
 .text.UART_Flush
                0x00000000        0x0 ./hal/UART/USART.o
 .text          0x00000000        0x0 ./hal/TIMER/timer.o
 .data          0x00000000        0x0 ./hal/TIMER/timer.o
 .bss           0x00000000        0x0 ./hal/TIMER/timer.o
 .text.hal_read_timer
                0x00000000        0x0 ./hal/TIMER/timer.o
 .text.hal_is_timer_finish
                0x00000000        0x0 ./hal/TIMER/timer.o
 .text.hal_deinit_timer
                0x00000000        0x0 ./hal/TIMER/timer.o
 .text          0x00000000        0x0 ./hal/I2C/I2C.o
 .data          0x00000000        0x0 ./hal/I2C/I2C.o
 .bss           0x00000000        0x0 ./hal/I2C/I2C.o
 .text.I2C_init
                0x00000000        0x0 ./hal/I2C/I2C.o
 .text          0x00000000        0x0 ./hal/DIO/DIO.o
 .data          0x00000000        0x0 ./hal/DIO/DIO.o
 .bss           0x00000000        0x0 ./hal/DIO/DIO.o
 .text.DIO_init_port_input
                0x00000000        0x0 ./hal/DIO/DIO.o
 .text.DIO_write_port
                0x00000000        0x0 ./hal/DIO/DIO.o
 .text.DIO_write_pin
                0x00000000        0x0 ./hal/DIO/DIO.o
 .text.DIO_set_pin
                0x00000000        0x0 ./hal/DIO/DIO.o
 .text.DIO_clear_pin
                0x00000000        0x0 ./hal/DIO/DIO.o
 .text.DIO_read_port
                0x00000000        0x0 ./hal/DIO/DIO.o
 .text.DIO_read_pin
                0x00000000        0x0 ./hal/DIO/DIO.o
 .text.DIO_PullUp_port
                0x00000000        0x0 ./hal/DIO/DIO.o
 .text.DIO_PullUp_pin
                0x00000000        0x0 ./hal/DIO/DIO.o
 .text.DIO_deinit_port
                0x00000000        0x0 ./hal/DIO/DIO.o
 .text          0x00000000        0x0 ./ECU/E2PROM/E2PROM.o
 .data          0x00000000        0x0 ./ECU/E2PROM/E2PROM.o
 .bss           0x00000000        0x0 ./ECU/E2PROM/E2PROM.o
 .text          0x00000000        0x0 ./TMU.o
 .data          0x00000000        0x0 ./TMU.o
 .bss           0x00000000        0x0 ./TMU.o
 .text.TMU_removeTimer
                0x00000000        0x0 ./TMU.o
 .text.TMU_deinit
                0x00000000        0x0 ./TMU.o
 .text          0x00000000        0x0 ./Watch.o
 .data          0x00000000        0x0 ./Watch.o
 .bss           0x00000000        0x0 ./Watch.o
 .text          0x00000000        0x0 ./keypad.o
 .data          0x00000000        0x0 ./keypad.o
 .bss           0x00000000        0x0 ./keypad.o
 .text.keypad_init
                0x00000000        0x0 ./keypad.o
 .text.read_input
                0x00000000        0x0 ./keypad.o
 .text.keypad_dispatch
                0x00000000        0x0 ./keypad.o
 .text.keypad_get_key
                0x00000000        0x0 ./keypad.o
 .bss.last_click
                0x00000000        0x0 ./keypad.o
 .text          0x00000000        0x0 ./lcd.o
 .data          0x00000000        0x0 ./lcd.o
 .bss           0x00000000        0x0 ./lcd.o
 .text.lcd_init
                0x00000000        0x0 ./lcd.o
 .text.lcd_send_command
                0x00000000        0x0 ./lcd.o
 .text.lcd_send_data
                0x00000000        0x0 ./lcd.o
 .rodata.firstCharAdr
                0x00000000        0x0 ./lcd.o
 .text.lcd_gotoxy
                0x00000000        0x0 ./lcd.o
 .text.lcd_print
                0x00000000        0x0 ./lcd.o
 .text.lcd_clear
                0x00000000        0x0 ./lcd.o
 .text.lcd_deinit
                0x00000000        0x0 ./lcd.o
 .text          0x00000000        0x0 ./seven_seg.o
 .data          0x00000000        0x0 ./seven_seg.o
 .bss           0x00000000        0x0 ./seven_seg.o
 .text.seven_seg_reset
                0x00000000        0x0 ./seven_seg.o
 .text.seven_seg_deinit
                0x00000000        0x0 ./seven_seg.o
 .text          0x00000000        0x0 e:/eclipse/embedded/winavr-20100110/bin/../lib/gcc/avr/4.3.3/avr5\libgcc.a(_divmodhi4.o)
 .data          0x00000000        0x0 e:/eclipse/embedded/winavr-20100110/bin/../lib/gcc/avr/4.3.3/avr5\libgcc.a(_divmodhi4.o)
 .bss           0x00000000        0x0 e:/eclipse/embedded/winavr-20100110/bin/../lib/gcc/avr/4.3.3/avr5\libgcc.a(_divmodhi4.o)
 .text          0x00000000        0x0 e:/eclipse/embedded/winavr-20100110/bin/../lib/gcc/avr/4.3.3/avr5\libgcc.a(_udivmodsi4.o)
 .data          0x00000000        0x0 e:/eclipse/embedded/winavr-20100110/bin/../lib/gcc/avr/4.3.3/avr5\libgcc.a(_udivmodsi4.o)
 .bss           0x00000000        0x0 e:/eclipse/embedded/winavr-20100110/bin/../lib/gcc/avr/4.3.3/avr5\libgcc.a(_udivmodsi4.o)
 .text          0x00000000        0x0 e:/eclipse/embedded/winavr-20100110/bin/../lib/gcc/avr/4.3.3/avr5\libgcc.a(_exit.o)
 .data          0x00000000        0x0 e:/eclipse/embedded/winavr-20100110/bin/../lib/gcc/avr/4.3.3/avr5\libgcc.a(_exit.o)
 .bss           0x00000000        0x0 e:/eclipse/embedded/winavr-20100110/bin/../lib/gcc/avr/4.3.3/avr5\libgcc.a(_exit.o)
 .text.libgcc   0x00000000        0x0 e:/eclipse/embedded/winavr-20100110/bin/../lib/gcc/avr/4.3.3/avr5\libgcc.a(_exit.o)
 .text          0x00000000        0x0 e:/eclipse/embedded/winavr-20100110/bin/../lib/gcc/avr/4.3.3/avr5\libgcc.a(_copy_data.o)
 .data          0x00000000        0x0 e:/eclipse/embedded/winavr-20100110/bin/../lib/gcc/avr/4.3.3/avr5\libgcc.a(_copy_data.o)
 .bss           0x00000000        0x0 e:/eclipse/embedded/winavr-20100110/bin/../lib/gcc/avr/4.3.3/avr5\libgcc.a(_copy_data.o)
 .text.libgcc   0x00000000        0x0 e:/eclipse/embedded/winavr-20100110/bin/../lib/gcc/avr/4.3.3/avr5\libgcc.a(_copy_data.o)
 .text          0x00000000        0x0 e:/eclipse/embedded/winavr-20100110/bin/../lib/gcc/avr/4.3.3/avr5\libgcc.a(_clear_bss.o)
 .data          0x00000000        0x0 e:/eclipse/embedded/winavr-20100110/bin/../lib/gcc/avr/4.3.3/avr5\libgcc.a(_clear_bss.o)
 .bss           0x00000000        0x0 e:/eclipse/embedded/winavr-20100110/bin/../lib/gcc/avr/4.3.3/avr5\libgcc.a(_clear_bss.o)
 .text.libgcc   0x00000000        0x0 e:/eclipse/embedded/winavr-20100110/bin/../lib/gcc/avr/4.3.3/avr5\libgcc.a(_clear_bss.o)
 .text          0x00000000        0x0 e:/eclipse/embedded/winavr-20100110/bin/../lib/gcc/avr/4.3.3/avr5\libgcc.a(_fixunssfsi.o)
 .data          0x00000000        0x0 e:/eclipse/embedded/winavr-20100110/bin/../lib/gcc/avr/4.3.3/avr5\libgcc.a(_fixunssfsi.o)
 .bss           0x00000000        0x0 e:/eclipse/embedded/winavr-20100110/bin/../lib/gcc/avr/4.3.3/avr5\libgcc.a(_fixunssfsi.o)
 .text          0x00000000        0x0 e:/eclipse/embedded/winavr-20100110/bin/../lib/gcc/avr/4.3.3/avr5\libgcc.a(_addsub_sf.o)
 .data          0x00000000        0x0 e:/eclipse/embedded/winavr-20100110/bin/../lib/gcc/avr/4.3.3/avr5\libgcc.a(_addsub_sf.o)
 .bss           0x00000000        0x0 e:/eclipse/embedded/winavr-20100110/bin/../lib/gcc/avr/4.3.3/avr5\libgcc.a(_addsub_sf.o)
 .text          0x00000000        0x0 e:/eclipse/embedded/winavr-20100110/bin/../lib/gcc/avr/4.3.3/avr5\libgcc.a(_mul_sf.o)
 .data          0x00000000        0x0 e:/eclipse/embedded/winavr-20100110/bin/../lib/gcc/avr/4.3.3/avr5\libgcc.a(_mul_sf.o)
 .bss           0x00000000        0x0 e:/eclipse/embedded/winavr-20100110/bin/../lib/gcc/avr/4.3.3/avr5\libgcc.a(_mul_sf.o)
 .text          0x00000000        0x0 e:/eclipse/embedded/winavr-20100110/bin/../lib/gcc/avr/4.3.3/avr5\libgcc.a(_div_sf.o)
 .data          0x00000000        0x0 e:/eclipse/embedded/winavr-20100110/bin/../lib/gcc/avr/4.3.3/avr5\libgcc.a(_div_sf.o)
 .bss           0x00000000        0x0 e:/eclipse/embedded/winavr-20100110/bin/../lib/gcc/avr/4.3.3/avr5\libgcc.a(_div_sf.o)
 .text          0x00000000        0x0 e:/eclipse/embedded/winavr-20100110/bin/../lib/gcc/avr/4.3.3/avr5\libgcc.a(_gt_sf.o)
 .data          0x00000000        0x0 e:/eclipse/embedded/winavr-20100110/bin/../lib/gcc/avr/4.3.3/avr5\libgcc.a(_gt_sf.o)
 .bss           0x00000000        0x0 e:/eclipse/embedded/winavr-20100110/bin/../lib/gcc/avr/4.3.3/avr5\libgcc.a(_gt_sf.o)
 .text          0x00000000        0x0 e:/eclipse/embedded/winavr-20100110/bin/../lib/gcc/avr/4.3.3/avr5\libgcc.a(_ge_sf.o)
 .data          0x00000000        0x0 e:/eclipse/embedded/winavr-20100110/bin/../lib/gcc/avr/4.3.3/avr5\libgcc.a(_ge_sf.o)
 .bss           0x00000000        0x0 e:/eclipse/embedded/winavr-20100110/bin/../lib/gcc/avr/4.3.3/avr5\libgcc.a(_ge_sf.o)
 .text          0x00000000        0x0 e:/eclipse/embedded/winavr-20100110/bin/../lib/gcc/avr/4.3.3/avr5\libgcc.a(_lt_sf.o)
 .data          0x00000000        0x0 e:/eclipse/embedded/winavr-20100110/bin/../lib/gcc/avr/4.3.3/avr5\libgcc.a(_lt_sf.o)
 .bss           0x00000000        0x0 e:/eclipse/embedded/winavr-20100110/bin/../lib/gcc/avr/4.3.3/avr5\libgcc.a(_lt_sf.o)
 .text          0x00000000        0x0 e:/eclipse/embedded/winavr-20100110/bin/../lib/gcc/avr/4.3.3/avr5\libgcc.a(_sf_to_si.o)
 .data          0x00000000        0x0 e:/eclipse/embedded/winavr-20100110/bin/../lib/gcc/avr/4.3.3/avr5\libgcc.a(_sf_to_si.o)
 .bss           0x00000000        0x0 e:/eclipse/embedded/winavr-20100110/bin/../lib/gcc/avr/4.3.3/avr5\libgcc.a(_sf_to_si.o)
 .text          0x00000000        0x0 e:/eclipse/embedded/winavr-20100110/bin/../lib/gcc/avr/4.3.3/avr5\libgcc.a(_thenan_sf.o)
 .data          0x00000000        0x0 e:/eclipse/embedded/winavr-20100110/bin/../lib/gcc/avr/4.3.3/avr5\libgcc.a(_thenan_sf.o)
 .bss           0x00000000        0x0 e:/eclipse/embedded/winavr-20100110/bin/../lib/gcc/avr/4.3.3/avr5\libgcc.a(_thenan_sf.o)
 .text          0x00000000        0x0 e:/eclipse/embedded/winavr-20100110/bin/../lib/gcc/avr/4.3.3/avr5\libgcc.a(_udivmodhi4.o)
 .data          0x00000000        0x0 e:/eclipse/embedded/winavr-20100110/bin/../lib/gcc/avr/4.3.3/avr5\libgcc.a(_udivmodhi4.o)
 .bss           0x00000000        0x0 e:/eclipse/embedded/winavr-20100110/bin/../lib/gcc/avr/4.3.3/avr5\libgcc.a(_udivmodhi4.o)
 .text          0x00000000        0x0 e:/eclipse/embedded/winavr-20100110/bin/../lib/gcc/avr/4.3.3/avr5\libgcc.a(_prologue.o)
 .data          0x00000000        0x0 e:/eclipse/embedded/winavr-20100110/bin/../lib/gcc/avr/4.3.3/avr5\libgcc.a(_prologue.o)
 .bss           0x00000000        0x0 e:/eclipse/embedded/winavr-20100110/bin/../lib/gcc/avr/4.3.3/avr5\libgcc.a(_prologue.o)
 .text.libgcc   0x00000000        0x0 e:/eclipse/embedded/winavr-20100110/bin/../lib/gcc/avr/4.3.3/avr5\libgcc.a(_prologue.o)
 .text          0x00000000        0x0 e:/eclipse/embedded/winavr-20100110/bin/../lib/gcc/avr/4.3.3/avr5\libgcc.a(_epilogue.o)
 .data          0x00000000        0x0 e:/eclipse/embedded/winavr-20100110/bin/../lib/gcc/avr/4.3.3/avr5\libgcc.a(_epilogue.o)
 .bss           0x00000000        0x0 e:/eclipse/embedded/winavr-20100110/bin/../lib/gcc/avr/4.3.3/avr5\libgcc.a(_epilogue.o)
 .text.libgcc   0x00000000        0x0 e:/eclipse/embedded/winavr-20100110/bin/../lib/gcc/avr/4.3.3/avr5\libgcc.a(_epilogue.o)
 .text          0x00000000        0x0 e:/eclipse/embedded/winavr-20100110/bin/../lib/gcc/avr/4.3.3/avr5\libgcc.a(_pack_sf.o)
 .data          0x00000000        0x0 e:/eclipse/embedded/winavr-20100110/bin/../lib/gcc/avr/4.3.3/avr5\libgcc.a(_pack_sf.o)
 .bss           0x00000000        0x0 e:/eclipse/embedded/winavr-20100110/bin/../lib/gcc/avr/4.3.3/avr5\libgcc.a(_pack_sf.o)
 .text          0x00000000        0x0 e:/eclipse/embedded/winavr-20100110/bin/../lib/gcc/avr/4.3.3/avr5\libgcc.a(_unpack_sf.o)
 .data          0x00000000        0x0 e:/eclipse/embedded/winavr-20100110/bin/../lib/gcc/avr/4.3.3/avr5\libgcc.a(_unpack_sf.o)
 .bss           0x00000000        0x0 e:/eclipse/embedded/winavr-20100110/bin/../lib/gcc/avr/4.3.3/avr5\libgcc.a(_unpack_sf.o)
 .text          0x00000000        0x0 e:/eclipse/embedded/winavr-20100110/bin/../lib/gcc/avr/4.3.3/avr5\libgcc.a(_fpcmp_parts_sf.o)
 .data          0x00000000        0x0 e:/eclipse/embedded/winavr-20100110/bin/../lib/gcc/avr/4.3.3/avr5\libgcc.a(_fpcmp_parts_sf.o)
 .bss           0x00000000        0x0 e:/eclipse/embedded/winavr-20100110/bin/../lib/gcc/avr/4.3.3/avr5\libgcc.a(_fpcmp_parts_sf.o)

Memory Configuration

Name             Origin             Length             Attributes
text             0x00000000         0x00020000         xr
data             0x00800060         0x0000ffa0         rw !x
eeprom           0x00810000         0x00010000         rw !x
fuse             0x00820000         0x00000400         rw !x
lock             0x00830000         0x00000400         rw !x
signature        0x00840000         0x00000400         rw !x
*default*        0x00000000         0xffffffff

Linker script and memory map

LOAD e:/eclipse/embedded/winavr-20100110/bin/../lib/gcc/avr/4.3.3/../../../../avr/lib/avr5/crtm32.o
LOAD ./hal/UART/USART.o
LOAD ./hal/TIMER/timer.o
LOAD ./hal/I2C/I2C.o
LOAD ./hal/DIO/DIO.o
LOAD ./ECU/E2PROM/E2PROM.o
LOAD ./TMU.o
LOAD ./Watch.o
LOAD ./keypad.o
LOAD ./lcd.o
LOAD ./seven_seg.o
LOAD e:/eclipse/embedded/winavr-20100110/bin/../lib/gcc/avr/4.3.3/avr5\libgcc.a
LOAD e:/eclipse/embedded/winavr-20100110/bin/../lib/gcc/avr/4.3.3/../../../../avr/lib/avr5\libm.a
LOAD e:/eclipse/embedded/winavr-20100110/bin/../lib/gcc/avr/4.3.3/avr5\libgcc.a
LOAD e:/eclipse/embedded/winavr-20100110/bin/../lib/gcc/avr/4.3.3/../../../../avr/lib/avr5\libc.a
LOAD e:/eclipse/embedded/winavr-20100110/bin/../lib/gcc/avr/4.3.3/avr5\libgcc.a

.hash
 *(.hash)

.dynsym
 *(.dynsym)

.dynstr
 *(.dynstr)

.gnu.version
 *(.gnu.version)

.gnu.version_d
 *(.gnu.version_d)

.gnu.version_r
 *(.gnu.version_r)

.rel.init
 *(.rel.init)

.rela.init
 *(.rela.init)

.rel.text
 *(.rel.text)
 *(.rel.text.*)
 *(.rel.gnu.linkonce.t*)

.rela.text
 *(.rela.text)
 *(.rela.text.*)
 *(.rela.gnu.linkonce.t*)

.rel.fini
 *(.rel.fini)

.rela.fini
 *(.rela.fini)

.rel.rodata
 *(.rel.rodata)
 *(.rel.rodata.*)
 *(.rel.gnu.linkonce.r*)

.rela.rodata
 *(.rela.rodata)
 *(.rela.rodata.*)
 *(.rela.gnu.linkonce.r*)

.rel.data
 *(.rel.data)
 *(.rel.data.*)
 *(.rel.gnu.linkonce.d*)

.rela.data
 *(.rela.data)
 *(.rela.data.*)
 *(.rela.gnu.linkonce.d*)

.rel.ctors
 *(.rel.ctors)

.rela.ctors
 *(.rela.ctors)

.rel.dtors
 *(.rel.dtors)

.rela.dtors
 *(.rela.dtors)

.rel.got
 *(.rel.got)

.rela.got
 *(.rela.got)

.rel.bss
 *(.rel.bss)

.rela.bss
 *(.rela.bss)

.rel.plt
 *(.rel.plt)

.rela.plt
 *(.rela.plt)

.text           0x00000000      0xbaa
 *(.vectors)
 .vectors       0x00000000       0x54 e:/eclipse/embedded/winavr-20100110/bin/../lib/gcc/avr/4.3.3/../../../../avr/lib/avr5/crtm32.o
                0x00000000                __vectors
                0x00000000                __vector_default
 *(.vectors)
 *(.progmem.gcc*)
 *(.progmem*)
                0x00000054                . = ALIGN (0x2)
                0x00000054                __trampolines_start = .
 *(.trampolines)
 .trampolines   0x00000054        0x0 linker stubs
 *(.trampolines*)
                0x00000054                __trampolines_end = .
 *(.jumptables)
 *(.jumptables*)
 *(.lowtext)
 *(.lowtext*)
                0x00000054                __ctors_start = .
 *(.ctors)
                0x00000054                __ctors_end = .
                0x00000054                __dtors_start = .
 *(.dtors)
                0x00000054                __dtors_end = .
 SORT(*)(.ctors)
 SORT(*)(.dtors)
 *(.init0)
 .init0         0x00000054        0x0 e:/eclipse/embedded/winavr-20100110/bin/../lib/gcc/avr/4.3.3/../../../../avr/lib/avr5/crtm32.o
                0x00000054                __init
 *(.init0)
 *(.init1)
 *(.init1)
 *(.init2)
 .init2         0x00000054        0xc e:/eclipse/embedded/winavr-20100110/bin/../lib/gcc/avr/4.3.3/../../../../avr/lib/avr5/crtm32.o
 *(.init2)
 *(.init3)
 *(.init3)
 *(.init4)
 .init4         0x00000060       0x16 e:/eclipse/embedded/winavr-20100110/bin/../lib/gcc/avr/4.3.3/avr5\libgcc.a(_copy_data.o)
                0x00000060                __do_copy_data
 .init4         0x00000076       0x10 e:/eclipse/embedded/winavr-20100110/bin/../lib/gcc/avr/4.3.3/avr5\libgcc.a(_clear_bss.o)
                0x00000076                __do_clear_bss
 *(.init4)
 *(.init5)
 *(.init5)
 *(.init6)
 *(.init6)
 *(.init7)
 *(.init7)
 *(.init8)
 *(.init8)
 *(.init9)
 .init9         0x00000086        0x4 e:/eclipse/embedded/winavr-20100110/bin/../lib/gcc/avr/4.3.3/../../../../avr/lib/avr5/crtm32.o
 *(.init9)
 *(.text)
 .text          0x0000008a        0x2 e:/eclipse/embedded/winavr-20100110/bin/../lib/gcc/avr/4.3.3/../../../../avr/lib/avr5/crtm32.o
                0x0000008a                __vector_1
                0x0000008a                __vector_12
                0x0000008a                __bad_interrupt
                0x0000008a                __vector_6
                0x0000008a                __vector_3
                0x0000008a                __vector_11
                0x0000008a                __vector_13
                0x0000008a                __vector_17
                0x0000008a                __vector_19
                0x0000008a                __vector_7
                0x0000008a                __vector_5
                0x0000008a                __vector_9
                0x0000008a                __vector_2
                0x0000008a                __vector_15
                0x0000008a                __vector_8
                0x0000008a                __vector_14
                0x0000008a                __vector_16
                0x0000008a                __vector_18
                0x0000008a                __vector_20
                0x0000008c                . = ALIGN (0x2)
 *(.text.*)
 .text.__vector_10
                0x0000008c       0x24 ./hal/TIMER/timer.o
                0x0000008c                __vector_10
 .text.__vector_4
                0x000000b0       0x24 ./hal/TIMER/timer.o
                0x000000b0                __vector_4
 .text.hal_init_timer
                0x000000d4      0x25e ./hal/TIMER/timer.o
                0x000000d4                hal_init_timer
 .text.hal_update_timer
                0x00000332       0x76 ./hal/TIMER/timer.o
                0x00000332                hal_update_timer
 .text.hal_update_cmp_timer
                0x000003a8       0x76 ./hal/TIMER/timer.o
                0x000003a8                hal_update_cmp_timer
 .text.DIO_init_port_output
                0x0000041e       0x34 ./hal/DIO/DIO.o
                0x0000041e                DIO_init_port_output
 .text.DIO_set_port
                0x00000452       0x34 ./hal/DIO/DIO.o
                0x00000452                DIO_set_port
 .text.DIO_clear_port
                0x00000486       0x38 ./hal/DIO/DIO.o
                0x00000486                DIO_clear_port
 .text.TMU_ISR  0x000004be       0x74 ./TMU.o
                0x000004be                TMU_ISR
 .text.TMU_init
                0x00000532       0x84 ./TMU.o
                0x00000532                TMU_init
 .text.TMU_addTimer
                0x000005b6       0xee ./TMU.o
                0x000005b6                TMU_addTimer
 .text.TMU_Dispatch
                0x000006a4      0x134 ./TMU.o
                0x000006a4                TMU_Dispatch
 .text.function1
                0x000007d8       0x6e ./Watch.o
                0x000007d8                function1
 .text.function2
                0x00000846       0x36 ./Watch.o
                0x00000846                function2
 .text.function3
                0x0000087c       0x60 ./Watch.o
                0x0000087c                function3
 .text.main     0x000008dc       0x84 ./Watch.o
                0x000008dc                main
 .text.seven_seg_init
                0x00000960       0xb8 ./seven_seg.o
                0x00000960                seven_seg_init
 .text.seven_seg_display
                0x00000a18       0xfc ./seven_seg.o
                0x00000a18                seven_seg_display
 .text.libgcc   0x00000b14       0x26 e:/eclipse/embedded/winavr-20100110/bin/../lib/gcc/avr/4.3.3/avr5\libgcc.a(_divmodhi4.o)
                0x00000b14                __divmodhi4
                0x00000b14                _div
 .text.libgcc   0x00000b3a       0x44 e:/eclipse/embedded/winavr-20100110/bin/../lib/gcc/avr/4.3.3/avr5\libgcc.a(_udivmodsi4.o)
                0x00000b3a                __udivmodsi4
 .text.libgcc   0x00000b7e       0x28 e:/eclipse/embedded/winavr-20100110/bin/../lib/gcc/avr/4.3.3/avr5\libgcc.a(_udivmodhi4.o)
                0x00000b7e                __udivmodhi4
                0x00000ba6                . = ALIGN (0x2)
 *(.fini9)
 .fini9         0x00000ba6        0x0 e:/eclipse/embedded/winavr-20100110/bin/../lib/gcc/avr/4.3.3/avr5\libgcc.a(_exit.o)
                0x00000ba6                exit
                0x00000ba6                _exit
 *(.fini9)
 *(.fini8)
 *(.fini8)
 *(.fini7)
 *(.fini7)
 *(.fini6)
 *(.fini6)
 *(.fini5)
 *(.fini5)
 *(.fini4)
 *(.fini4)
 *(.fini3)
 *(.fini3)
 *(.fini2)
 *(.fini2)
 *(.fini1)
 *(.fini1)
 *(.fini0)
 .fini0         0x00000ba6        0x4 e:/eclipse/embedded/winavr-20100110/bin/../lib/gcc/avr/4.3.3/avr5\libgcc.a(_exit.o)
 *(.fini0)
                0x00000baa                _etext = .

.data           0x00800060        0xe load address 0x00000baa
                0x00800060                PROVIDE (__data_start, .)
 *(.data)
 *(.data*)
 .data.currSec  0x00800060        0x2 ./Watch.o
                0x00800060                currSec
 .data.currMin  0x00800062        0x2 ./Watch.o
                0x00800062                currMin
 *(.rodata)
 *(.rodata*)
 .rodata.pattern
                0x00800064        0xa ./seven_seg.o
 *(.gnu.linkonce.d*)
                0x0080006e                . = ALIGN (0x2)
                0x0080006e                _edata = .
                0x0080006e                PROVIDE (__data_end, .)

.bss            0x0080006e       0x25
                0x0080006e                PROVIDE (__bss_start, .)
 *(.bss)
 *(.bss*)
 .bss.Timer_Objects
                0x0080006e        0x6 ./TMU.o
 .bss.timerResolution
                0x00800074        0x4 ./TMU.o
 .bss.timerCount
                0x00800078        0x1 ./TMU.o
 .bss.timerObj  0x00800079        0x7 ./TMU.o
 .bss.handler_counter
                0x00800080        0x1 ./seven_seg.o
 .bss.ga_seven_handlers
                0x00800081        0x8 ./seven_seg.o
 *(COMMON)
 COMMON         0x00800089        0x6 ./hal/TIMER/timer.o
                0x00800089                t1_isr
                0x0080008b                t0_isr
                0x0080008d                t2_isr
 COMMON         0x0080008f        0x4 ./Watch.o
                0x0080008f                minID10
                0x00800090                secID1
                0x00800091                secID10
                0x00800092                minID1
                0x00800093                PROVIDE (__bss_end, .)
                0x00000baa                __data_load_start = LOADADDR (.data)
                0x00000bb8                __data_load_end = (__data_load_start + SIZEOF (.data))

.noinit         0x00800093        0x0
                0x00800093                PROVIDE (__noinit_start, .)
 *(.noinit*)
                0x00800093                PROVIDE (__noinit_end, .)
                0x00800093                _end = .
                0x00800093                PROVIDE (__heap_start, .)

.eeprom         0x00810000        0x0
 *(.eeprom*)
                0x00810000                __eeprom_end = .

.fuse
 *(.fuse)
 *(.lfuse)
 *(.hfuse)
 *(.efuse)

.lock
 *(.lock*)

.signature
 *(.signature*)

.stab           0x00000000     0x1fbc
 *(.stab)
 .stab          0x00000000      0x390 ./hal/UART/USART.o
                                0x720 (size before relaxing)
 .stab          0x00000390      0x528 ./hal/TIMER/timer.o
                                0x99c (size before relaxing)
 .stab          0x000008b8      0x18c ./hal/I2C/I2C.o
                                0x3b4 (size before relaxing)
 .stab          0x00000a44      0x240 ./hal/DIO/DIO.o
                                0x558 (size before relaxing)
 .stab          0x00000c84      0x1b0 ./ECU/E2PROM/E2PROM.o
                                0x36c (size before relaxing)
 .stab          0x00000e34      0x66c ./TMU.o
                                0xa50 (size before relaxing)
 .stab          0x000014a0      0x4b0 ./Watch.o
                                0x714 (size before relaxing)
 .stab          0x00001950      0x174 ./keypad.o
                                0x3f0 (size before relaxing)
 .stab          0x00001ac4      0x180 ./lcd.o
                               0x13ec (size before relaxing)
 .stab          0x00001c44      0x378 ./seven_seg.o
                                0x5dc (size before relaxing)

.stabstr        0x00000000     0x2283
 *(.stabstr)
 .stabstr       0x00000000     0x2283 ./hal/UART/USART.o

.stab.excl
 *(.stab.excl)

.stab.exclstr
 *(.stab.exclstr)

.stab.index
 *(.stab.index)

.stab.indexstr
 *(.stab.indexstr)

.comment
 *(.comment)

.debug
 *(.debug)

.line
 *(.line)

.debug_srcinfo
 *(.debug_srcinfo)

.debug_sfnames
 *(.debug_sfnames)

.debug_aranges  0x00000000      0x160
 *(.debug_aranges)
 .debug_aranges
                0x00000000       0x20 e:/eclipse/embedded/winavr-20100110/bin/../lib/gcc/avr/4.3.3/avr5\libgcc.a(_fixunssfsi.o)
 .debug_aranges
                0x00000020       0x20 e:/eclipse/embedded/winavr-20100110/bin/../lib/gcc/avr/4.3.3/avr5\libgcc.a(_addsub_sf.o)
 .debug_aranges
                0x00000040       0x20 e:/eclipse/embedded/winavr-20100110/bin/../lib/gcc/avr/4.3.3/avr5\libgcc.a(_mul_sf.o)
 .debug_aranges
                0x00000060       0x20 e:/eclipse/embedded/winavr-20100110/bin/../lib/gcc/avr/4.3.3/avr5\libgcc.a(_div_sf.o)
 .debug_aranges
                0x00000080       0x20 e:/eclipse/embedded/winavr-20100110/bin/../lib/gcc/avr/4.3.3/avr5\libgcc.a(_gt_sf.o)
 .debug_aranges
                0x000000a0       0x20 e:/eclipse/embedded/winavr-20100110/bin/../lib/gcc/avr/4.3.3/avr5\libgcc.a(_ge_sf.o)
 .debug_aranges
                0x000000c0       0x20 e:/eclipse/embedded/winavr-20100110/bin/../lib/gcc/avr/4.3.3/avr5\libgcc.a(_lt_sf.o)
 .debug_aranges
                0x000000e0       0x20 e:/eclipse/embedded/winavr-20100110/bin/../lib/gcc/avr/4.3.3/avr5\libgcc.a(_sf_to_si.o)
 .debug_aranges
                0x00000100       0x20 e:/eclipse/embedded/winavr-20100110/bin/../lib/gcc/avr/4.3.3/avr5\libgcc.a(_pack_sf.o)
 .debug_aranges
                0x00000120       0x20 e:/eclipse/embedded/winavr-20100110/bin/../lib/gcc/avr/4.3.3/avr5\libgcc.a(_unpack_sf.o)
 .debug_aranges
                0x00000140       0x20 e:/eclipse/embedded/winavr-20100110/bin/../lib/gcc/avr/4.3.3/avr5\libgcc.a(_fpcmp_parts_sf.o)

.debug_pubnames
                0x00000000      0x18f
 *(.debug_pubnames)
 .debug_pubnames
                0x00000000       0x23 e:/eclipse/embedded/winavr-20100110/bin/../lib/gcc/avr/4.3.3/avr5\libgcc.a(_fixunssfsi.o)
 .debug_pubnames
                0x00000023       0x2c e:/eclipse/embedded/winavr-20100110/bin/../lib/gcc/avr/4.3.3/avr5\libgcc.a(_addsub_sf.o)
 .debug_pubnames
                0x0000004f       0x1f e:/eclipse/embedded/winavr-20100110/bin/../lib/gcc/avr/4.3.3/avr5\libgcc.a(_mul_sf.o)
 .debug_pubnames
                0x0000006e       0x1f e:/eclipse/embedded/winavr-20100110/bin/../lib/gcc/avr/4.3.3/avr5\libgcc.a(_div_sf.o)
 .debug_pubnames
                0x0000008d       0x1e e:/eclipse/embedded/winavr-20100110/bin/../lib/gcc/avr/4.3.3/avr5\libgcc.a(_gt_sf.o)
 .debug_pubnames
                0x000000ab       0x1e e:/eclipse/embedded/winavr-20100110/bin/../lib/gcc/avr/4.3.3/avr5\libgcc.a(_ge_sf.o)
 .debug_pubnames
                0x000000c9       0x1e e:/eclipse/embedded/winavr-20100110/bin/../lib/gcc/avr/4.3.3/avr5\libgcc.a(_lt_sf.o)
 .debug_pubnames
                0x000000e7       0x20 e:/eclipse/embedded/winavr-20100110/bin/../lib/gcc/avr/4.3.3/avr5\libgcc.a(_sf_to_si.o)
 .debug_pubnames
                0x00000107       0x22 e:/eclipse/embedded/winavr-20100110/bin/../lib/gcc/avr/4.3.3/avr5\libgcc.a(_thenan_sf.o)
 .debug_pubnames
                0x00000129       0x1f e:/eclipse/embedded/winavr-20100110/bin/../lib/gcc/avr/4.3.3/avr5\libgcc.a(_pack_sf.o)
 .debug_pubnames
                0x00000148       0x21 e:/eclipse/embedded/winavr-20100110/bin/../lib/gcc/avr/4.3.3/avr5\libgcc.a(_unpack_sf.o)
 .debug_pubnames
                0x00000169       0x26 e:/eclipse/embedded/winavr-20100110/bin/../lib/gcc/avr/4.3.3/avr5\libgcc.a(_fpcmp_parts_sf.o)

.debug_info     0x00000000     0x2045
 *(.debug_info)
 .debug_info    0x00000000       0xb1 e:/eclipse/embedded/winavr-20100110/bin/../lib/gcc/avr/4.3.3/avr5\libgcc.a(_fixunssfsi.o)
 .debug_info    0x000000b1      0x47a e:/eclipse/embedded/winavr-20100110/bin/../lib/gcc/avr/4.3.3/avr5\libgcc.a(_addsub_sf.o)
 .debug_info    0x0000052b      0x485 e:/eclipse/embedded/winavr-20100110/bin/../lib/gcc/avr/4.3.3/avr5\libgcc.a(_mul_sf.o)
 .debug_info    0x000009b0      0x3fc e:/eclipse/embedded/winavr-20100110/bin/../lib/gcc/avr/4.3.3/avr5\libgcc.a(_div_sf.o)
 .debug_info    0x00000dac      0x27f e:/eclipse/embedded/winavr-20100110/bin/../lib/gcc/avr/4.3.3/avr5\libgcc.a(_gt_sf.o)
 .debug_info    0x0000102b      0x27f e:/eclipse/embedded/winavr-20100110/bin/../lib/gcc/avr/4.3.3/avr5\libgcc.a(_ge_sf.o)
 .debug_info    0x000012aa      0x27f e:/eclipse/embedded/winavr-20100110/bin/../lib/gcc/avr/4.3.3/avr5\libgcc.a(_lt_sf.o)
 .debug_info    0x00001529      0x2b0 e:/eclipse/embedded/winavr-20100110/bin/../lib/gcc/avr/4.3.3/avr5\libgcc.a(_sf_to_si.o)
 .debug_info    0x000017d9      0x12c e:/eclipse/embedded/winavr-20100110/bin/../lib/gcc/avr/4.3.3/avr5\libgcc.a(_thenan_sf.o)
 .debug_info    0x00001905      0x2df e:/eclipse/embedded/winavr-20100110/bin/../lib/gcc/avr/4.3.3/avr5\libgcc.a(_pack_sf.o)
 .debug_info    0x00001be4      0x251 e:/eclipse/embedded/winavr-20100110/bin/../lib/gcc/avr/4.3.3/avr5\libgcc.a(_unpack_sf.o)
 .debug_info    0x00001e35      0x210 e:/eclipse/embedded/winavr-20100110/bin/../lib/gcc/avr/4.3.3/avr5\libgcc.a(_fpcmp_parts_sf.o)
 *(.gnu.linkonce.wi.*)

.debug_abbrev   0x00000000     0x1101
 *(.debug_abbrev)
 .debug_abbrev  0x00000000       0x5d e:/eclipse/embedded/winavr-20100110/bin/../lib/gcc/avr/4.3.3/avr5\libgcc.a(_fixunssfsi.o)
 .debug_abbrev  0x0000005d      0x1ea e:/eclipse/embedded/winavr-20100110/bin/../lib/gcc/avr/4.3.3/avr5\libgcc.a(_addsub_sf.o)
 .debug_abbrev  0x00000247      0x21b e:/eclipse/embedded/winavr-20100110/bin/../lib/gcc/avr/4.3.3/avr5\libgcc.a(_mul_sf.o)
 .debug_abbrev  0x00000462      0x216 e:/eclipse/embedded/winavr-20100110/bin/../lib/gcc/avr/4.3.3/avr5\libgcc.a(_div_sf.o)
 .debug_abbrev  0x00000678      0x15a e:/eclipse/embedded/winavr-20100110/bin/../lib/gcc/avr/4.3.3/avr5\libgcc.a(_gt_sf.o)
 .debug_abbrev  0x000007d2      0x15a e:/eclipse/embedded/winavr-20100110/bin/../lib/gcc/avr/4.3.3/avr5\libgcc.a(_ge_sf.o)
 .debug_abbrev  0x0000092c      0x15a e:/eclipse/embedded/winavr-20100110/bin/../lib/gcc/avr/4.3.3/avr5\libgcc.a(_lt_sf.o)
 .debug_abbrev  0x00000a86      0x17f e:/eclipse/embedded/winavr-20100110/bin/../lib/gcc/avr/4.3.3/avr5\libgcc.a(_sf_to_si.o)
 .debug_abbrev  0x00000c05       0xad e:/eclipse/embedded/winavr-20100110/bin/../lib/gcc/avr/4.3.3/avr5\libgcc.a(_thenan_sf.o)
 .debug_abbrev  0x00000cb2      0x1c0 e:/eclipse/embedded/winavr-20100110/bin/../lib/gcc/avr/4.3.3/avr5\libgcc.a(_pack_sf.o)
 .debug_abbrev  0x00000e72      0x154 e:/eclipse/embedded/winavr-20100110/bin/../lib/gcc/avr/4.3.3/avr5\libgcc.a(_unpack_sf.o)
 .debug_abbrev  0x00000fc6      0x13b e:/eclipse/embedded/winavr-20100110/bin/../lib/gcc/avr/4.3.3/avr5\libgcc.a(_fpcmp_parts_sf.o)

.debug_line     0x00000000      0xf82
 *(.debug_line)
 .debug_line    0x00000000       0xa7 e:/eclipse/embedded/winavr-20100110/bin/../lib/gcc/avr/4.3.3/avr5\libgcc.a(_fixunssfsi.o)
 .debug_line    0x000000a7      0x2af e:/eclipse/embedded/winavr-20100110/bin/../lib/gcc/avr/4.3.3/avr5\libgcc.a(_addsub_sf.o)
 .debug_line    0x00000356      0x239 e:/eclipse/embedded/winavr-20100110/bin/../lib/gcc/avr/4.3.3/avr5\libgcc.a(_mul_sf.o)
 .debug_line    0x0000058f      0x1d5 e:/eclipse/embedded/winavr-20100110/bin/../lib/gcc/avr/4.3.3/avr5\libgcc.a(_div_sf.o)
 .debug_line    0x00000764       0xd3 e:/eclipse/embedded/winavr-20100110/bin/../lib/gcc/avr/4.3.3/avr5\libgcc.a(_gt_sf.o)
 .debug_line    0x00000837       0xd3 e:/eclipse/embedded/winavr-20100110/bin/../lib/gcc/avr/4.3.3/avr5\libgcc.a(_ge_sf.o)
 .debug_line    0x0000090a       0xd3 e:/eclipse/embedded/winavr-20100110/bin/../lib/gcc/avr/4.3.3/avr5\libgcc.a(_lt_sf.o)
 .debug_line    0x000009dd      0x109 e:/eclipse/embedded/winavr-20100110/bin/../lib/gcc/avr/4.3.3/avr5\libgcc.a(_sf_to_si.o)
 .debug_line    0x00000ae6       0x90 e:/eclipse/embedded/winavr-20100110/bin/../lib/gcc/avr/4.3.3/avr5\libgcc.a(_thenan_sf.o)
 .debug_line    0x00000b76      0x18a e:/eclipse/embedded/winavr-20100110/bin/../lib/gcc/avr/4.3.3/avr5\libgcc.a(_pack_sf.o)
 .debug_line    0x00000d00      0x14b e:/eclipse/embedded/winavr-20100110/bin/../lib/gcc/avr/4.3.3/avr5\libgcc.a(_unpack_sf.o)
 .debug_line    0x00000e4b      0x137 e:/eclipse/embedded/winavr-20100110/bin/../lib/gcc/avr/4.3.3/avr5\libgcc.a(_fpcmp_parts_sf.o)

.debug_frame    0x00000000      0x180
 *(.debug_frame)
 .debug_frame   0x00000000       0x20 e:/eclipse/embedded/winavr-20100110/bin/../lib/gcc/avr/4.3.3/avr5\libgcc.a(_fixunssfsi.o)
 .debug_frame   0x00000020       0x40 e:/eclipse/embedded/winavr-20100110/bin/../lib/gcc/avr/4.3.3/avr5\libgcc.a(_addsub_sf.o)
 .debug_frame   0x00000060       0x20 e:/eclipse/embedded/winavr-20100110/bin/../lib/gcc/avr/4.3.3/avr5\libgcc.a(_mul_sf.o)
 .debug_frame   0x00000080       0x20 e:/eclipse/embedded/winavr-20100110/bin/../lib/gcc/avr/4.3.3/avr5\libgcc.a(_div_sf.o)
 .debug_frame   0x000000a0       0x20 e:/eclipse/embedded/winavr-20100110/bin/../lib/gcc/avr/4.3.3/avr5\libgcc.a(_gt_sf.o)
 .debug_frame   0x000000c0       0x20 e:/eclipse/embedded/winavr-20100110/bin/../lib/gcc/avr/4.3.3/avr5\libgcc.a(_ge_sf.o)
 .debug_frame   0x000000e0       0x20 e:/eclipse/embedded/winavr-20100110/bin/../lib/gcc/avr/4.3.3/avr5\libgcc.a(_lt_sf.o)
 .debug_frame   0x00000100       0x20 e:/eclipse/embedded/winavr-20100110/bin/../lib/gcc/avr/4.3.3/avr5\libgcc.a(_sf_to_si.o)
 .debug_frame   0x00000120       0x20 e:/eclipse/embedded/winavr-20100110/bin/../lib/gcc/avr/4.3.3/avr5\libgcc.a(_pack_sf.o)
 .debug_frame   0x00000140       0x20 e:/eclipse/embedded/winavr-20100110/bin/../lib/gcc/avr/4.3.3/avr5\libgcc.a(_unpack_sf.o)
 .debug_frame   0x00000160       0x20 e:/eclipse/embedded/winavr-20100110/bin/../lib/gcc/avr/4.3.3/avr5\libgcc.a(_fpcmp_parts_sf.o)

.debug_str      0x00000000      0x2c2
 *(.debug_str)
 .debug_str     0x00000000       0xbf e:/eclipse/embedded/winavr-20100110/bin/../lib/gcc/avr/4.3.3/avr5\libgcc.a(_fixunssfsi.o)
                                 0xfe (size before relaxing)
 .debug_str     0x000000bf      0x14d e:/eclipse/embedded/winavr-20100110/bin/../lib/gcc/avr/4.3.3/avr5\libgcc.a(_addsub_sf.o)
                                0x206 (size before relaxing)
 .debug_str     0x0000020c       0x27 e:/eclipse/embedded/winavr-20100110/bin/../lib/gcc/avr/4.3.3/avr5\libgcc.a(_mul_sf.o)
                                0x1bf (size before relaxing)
 .debug_str     0x00000233       0x35 e:/eclipse/embedded/winavr-20100110/bin/../lib/gcc/avr/4.3.3/avr5\libgcc.a(_div_sf.o)
                                0x1c8 (size before relaxing)
 .debug_str     0x00000268        0xf e:/eclipse/embedded/winavr-20100110/bin/../lib/gcc/avr/4.3.3/avr5\libgcc.a(_gt_sf.o)
                                0x195 (size before relaxing)
 .debug_str     0x00000277        0x8 e:/eclipse/embedded/winavr-20100110/bin/../lib/gcc/avr/4.3.3/avr5\libgcc.a(_ge_sf.o)
                                0x195 (size before relaxing)
 .debug_str     0x0000027f        0x8 e:/eclipse/embedded/winavr-20100110/bin/../lib/gcc/avr/4.3.3/avr5\libgcc.a(_lt_sf.o)
                                0x195 (size before relaxing)
 .debug_str     0x00000287        0xa e:/eclipse/embedded/winavr-20100110/bin/../lib/gcc/avr/4.3.3/avr5\libgcc.a(_sf_to_si.o)
                                0x19e (size before relaxing)
 .debug_str     0x00000000      0x103 e:/eclipse/embedded/winavr-20100110/bin/../lib/gcc/avr/4.3.3/avr5\libgcc.a(_thenan_sf.o)
 .debug_str     0x00000291       0x16 e:/eclipse/embedded/winavr-20100110/bin/../lib/gcc/avr/4.3.3/avr5\libgcc.a(_pack_sf.o)
                                0x19d (size before relaxing)
 .debug_str     0x000002a7        0xb e:/eclipse/embedded/winavr-20100110/bin/../lib/gcc/avr/4.3.3/avr5\libgcc.a(_unpack_sf.o)
                                0x17f (size before relaxing)
 .debug_str     0x000002b2       0x10 e:/eclipse/embedded/winavr-20100110/bin/../lib/gcc/avr/4.3.3/avr5\libgcc.a(_fpcmp_parts_sf.o)
                                0x163 (size before relaxing)

.debug_loc      0x00000000      0x88e
 *(.debug_loc)
 .debug_loc     0x00000000       0x34 e:/eclipse/embedded/winavr-20100110/bin/../lib/gcc/avr/4.3.3/avr5\libgcc.a(_fixunssfsi.o)
 .debug_loc     0x00000034      0x32a e:/eclipse/embedded/winavr-20100110/bin/../lib/gcc/avr/4.3.3/avr5\libgcc.a(_addsub_sf.o)
 .debug_loc     0x0000035e      0x104 e:/eclipse/embedded/winavr-20100110/bin/../lib/gcc/avr/4.3.3/avr5\libgcc.a(_mul_sf.o)
 .debug_loc     0x00000462       0xc0 e:/eclipse/embedded/winavr-20100110/bin/../lib/gcc/avr/4.3.3/avr5\libgcc.a(_div_sf.o)
 .debug_loc     0x00000522       0x3c e:/eclipse/embedded/winavr-20100110/bin/../lib/gcc/avr/4.3.3/avr5\libgcc.a(_gt_sf.o)
 .debug_loc     0x0000055e       0x3c e:/eclipse/embedded/winavr-20100110/bin/../lib/gcc/avr/4.3.3/avr5\libgcc.a(_ge_sf.o)
 .debug_loc     0x0000059a       0x3c e:/eclipse/embedded/winavr-20100110/bin/../lib/gcc/avr/4.3.3/avr5\libgcc.a(_lt_sf.o)
 .debug_loc     0x000005d6       0x7e e:/eclipse/embedded/winavr-20100110/bin/../lib/gcc/avr/4.3.3/avr5\libgcc.a(_sf_to_si.o)
 .debug_loc     0x00000654      0x13e e:/eclipse/embedded/winavr-20100110/bin/../lib/gcc/avr/4.3.3/avr5\libgcc.a(_pack_sf.o)
 .debug_loc     0x00000792       0xac e:/eclipse/embedded/winavr-20100110/bin/../lib/gcc/avr/4.3.3/avr5\libgcc.a(_unpack_sf.o)
 .debug_loc     0x0000083e       0x50 e:/eclipse/embedded/winavr-20100110/bin/../lib/gcc/avr/4.3.3/avr5\libgcc.a(_fpcmp_parts_sf.o)

.debug_macinfo
 *(.debug_macinfo)
OUTPUT(watch.elf elf32-avr)
LOAD linker stubs

.debug_ranges   0x00000000       0x50
 .debug_ranges  0x00000000       0x50 e:/eclipse/embedded/winavr-20100110/bin/../lib/gcc/avr/4.3.3/avr5\libgcc.a(_mul_sf.o)

Cross Reference Table

Symbol                                            File
DIO_PullUp_pin                                    ./hal/DIO/DIO.o
DIO_PullUp_port                                   ./hal/DIO/DIO.o
DIO_clear_pin                                     ./hal/DIO/DIO.o
                                                  ./lcd.o
                                                  ./keypad.o
DIO_clear_port                                    ./hal/DIO/DIO.o
                                                  ./seven_seg.o
                                                  ./keypad.o
DIO_deinit_port                                   ./hal/DIO/DIO.o
                                                  ./lcd.o
DIO_init_port_input                               ./hal/DIO/DIO.o
                                                  ./keypad.o
DIO_init_port_output                              ./hal/DIO/DIO.o
                                                  ./seven_seg.o
                                                  ./lcd.o
                                                  ./keypad.o
DIO_read_pin                                      ./hal/DIO/DIO.o
                                                  ./keypad.o
DIO_read_port                                     ./hal/DIO/DIO.o
                                                  ./keypad.o
DIO_set_pin                                       ./hal/DIO/DIO.o
                                                  ./lcd.o
                                                  ./keypad.o
DIO_set_port                                      ./hal/DIO/DIO.o
                                                  ./seven_seg.o
                                                  ./keypad.o
DIO_write_pin                                     ./hal/DIO/DIO.o
DIO_write_port                                    ./hal/DIO/DIO.o
                                                  ./lcd.o
I2C_init                                          ./hal/I2C/I2C.o
TMU_Dispatch                                      ./TMU.o
                                                  ./Watch.o
TMU_ISR                                           ./TMU.o
TMU_addTimer                                      ./TMU.o
                                                  ./Watch.o
TMU_deinit                                        ./TMU.o
TMU_init                                          ./TMU.o
                                                  ./Watch.o
TMU_removeTimer                                   ./TMU.o
UART_Flush                                        ./hal/UART/USART.o
UART_dataReady                                    ./hal/UART/USART.o
UART_getError                                     ./hal/UART/USART.o
UART_init                                         ./hal/UART/USART.o
UART_readByte                                     ./hal/UART/USART.o
UART_sendByte                                     ./hal/UART/USART.o
UART_sendPacket                                   ./hal/UART/USART.o
UART_sendString                                   ./hal/UART/USART.o
__addsf3                                          e:/eclipse/embedded/winavr-20100110/bin/../lib/gcc/avr/4.3.3/avr5\libgcc.a(_addsub_sf.o)
__bad_interrupt                                   e:/eclipse/embedded/winavr-20100110/bin/../lib/gcc/avr/4.3.3/../../../../avr/lib/avr5/crtm32.o
__bss_end                                         e:/eclipse/embedded/winavr-20100110/bin/../lib/gcc/avr/4.3.3/avr5\libgcc.a(_clear_bss.o)
__bss_start                                       e:/eclipse/embedded/winavr-20100110/bin/../lib/gcc/avr/4.3.3/avr5\libgcc.a(_clear_bss.o)
__data_end                                        e:/eclipse/embedded/winavr-20100110/bin/../lib/gcc/avr/4.3.3/avr5\libgcc.a(_copy_data.o)
__data_load_start                                 e:/eclipse/embedded/winavr-20100110/bin/../lib/gcc/avr/4.3.3/avr5\libgcc.a(_copy_data.o)
__data_start                                      e:/eclipse/embedded/winavr-20100110/bin/../lib/gcc/avr/4.3.3/avr5\libgcc.a(_copy_data.o)
__divmodhi4                                       e:/eclipse/embedded/winavr-20100110/bin/../lib/gcc/avr/4.3.3/avr5\libgcc.a(_divmodhi4.o)
                                                  ./Watch.o
__divsf3                                          e:/eclipse/embedded/winavr-20100110/bin/../lib/gcc/avr/4.3.3/avr5\libgcc.a(_div_sf.o)
                                                  ./lcd.o
__do_clear_bss                                    e:/eclipse/embedded/winavr-20100110/bin/../lib/gcc/avr/4.3.3/avr5\libgcc.a(_clear_bss.o)
                                                  ./seven_seg.o
                                                  ./keypad.o
                                                  ./Watch.o
                                                  ./TMU.o
                                                  ./hal/TIMER/timer.o
__do_copy_data                                    e:/eclipse/embedded/winavr-20100110/bin/../lib/gcc/avr/4.3.3/avr5\libgcc.a(_copy_data.o)
                                                  e:/eclipse/embedded/winavr-20100110/bin/../lib/gcc/avr/4.3.3/avr5\libgcc.a(_thenan_sf.o)
                                                  ./seven_seg.o
                                                  ./lcd.o
                                                  ./Watch.o
__epilogue_restores__                             e:/eclipse/embedded/winavr-20100110/bin/../lib/gcc/avr/4.3.3/avr5\libgcc.a(_epilogue.o)
                                                  e:/eclipse/embedded/winavr-20100110/bin/../lib/gcc/avr/4.3.3/avr5\libgcc.a(_sf_to_si.o)
                                                  e:/eclipse/embedded/winavr-20100110/bin/../lib/gcc/avr/4.3.3/avr5\libgcc.a(_lt_sf.o)
                                                  e:/eclipse/embedded/winavr-20100110/bin/../lib/gcc/avr/4.3.3/avr5\libgcc.a(_ge_sf.o)
                                                  e:/eclipse/embedded/winavr-20100110/bin/../lib/gcc/avr/4.3.3/avr5\libgcc.a(_gt_sf.o)
                                                  e:/eclipse/embedded/winavr-20100110/bin/../lib/gcc/avr/4.3.3/avr5\libgcc.a(_div_sf.o)
                                                  e:/eclipse/embedded/winavr-20100110/bin/../lib/gcc/avr/4.3.3/avr5\libgcc.a(_mul_sf.o)
                                                  e:/eclipse/embedded/winavr-20100110/bin/../lib/gcc/avr/4.3.3/avr5\libgcc.a(_addsub_sf.o)
__fixsfsi                                         e:/eclipse/embedded/winavr-20100110/bin/../lib/gcc/avr/4.3.3/avr5\libgcc.a(_sf_to_si.o)
                                                  e:/eclipse/embedded/winavr-20100110/bin/../lib/gcc/avr/4.3.3/avr5\libgcc.a(_fixunssfsi.o)
__fixunssfsi                                      e:/eclipse/embedded/winavr-20100110/bin/../lib/gcc/avr/4.3.3/avr5\libgcc.a(_fixunssfsi.o)
                                                  ./lcd.o
__fpcmp_parts_f                                   e:/eclipse/embedded/winavr-20100110/bin/../lib/gcc/avr/4.3.3/avr5\libgcc.a(_fpcmp_parts_sf.o)
                                                  e:/eclipse/embedded/winavr-20100110/bin/../lib/gcc/avr/4.3.3/avr5\libgcc.a(_lt_sf.o)
                                                  e:/eclipse/embedded/winavr-20100110/bin/../lib/gcc/avr/4.3.3/avr5\libgcc.a(_ge_sf.o)
                                                  e:/eclipse/embedded/winavr-20100110/bin/../lib/gcc/avr/4.3.3/avr5\libgcc.a(_gt_sf.o)
__gesf2                                           e:/eclipse/embedded/winavr-20100110/bin/../lib/gcc/avr/4.3.3/avr5\libgcc.a(_ge_sf.o)
                                                  e:/eclipse/embedded/winavr-20100110/bin/../lib/gcc/avr/4.3.3/avr5\libgcc.a(_fixunssfsi.o)
__gtsf2                                           e:/eclipse/embedded/winavr-20100110/bin/../lib/gcc/avr/4.3.3/avr5\libgcc.a(_gt_sf.o)
                                                  ./lcd.o
__heap_end                                        e:/eclipse/embedded/winavr-20100110/bin/../lib/gcc/avr/4.3.3/../../../../avr/lib/avr5/crtm32.o
__init                                            e:/eclipse/embedded/winavr-20100110/bin/../lib/gcc/avr/4.3.3/../../../../avr/lib/avr5/crtm32.o
__ltsf2                                           e:/eclipse/embedded/winavr-20100110/bin/../lib/gcc/avr/4.3.3/avr5\libgcc.a(_lt_sf.o)
                                                  ./lcd.o
__mulsf3                                          e:/eclipse/embedded/winavr-20100110/bin/../lib/gcc/avr/4.3.3/avr5\libgcc.a(_mul_sf.o)
                                                  ./lcd.o
__pack_f                                          e:/eclipse/embedded/winavr-20100110/bin/../lib/gcc/avr/4.3.3/avr5\libgcc.a(_pack_sf.o)
                                                  e:/eclipse/embedded/winavr-20100110/bin/../lib/gcc/avr/4.3.3/avr5\libgcc.a(_div_sf.o)
                                                  e:/eclipse/embedded/winavr-20100110/bin/../lib/gcc/avr/4.3.3/avr5\libgcc.a(_mul_sf.o)
                                                  e:/eclipse/embedded/winavr-20100110/bin/../lib/gcc/avr/4.3.3/avr5\libgcc.a(_addsub_sf.o)
__prologue_saves__                                e:/eclipse/embedded/winavr-20100110/bin/../lib/gcc/avr/4.3.3/avr5\libgcc.a(_prologue.o)
                                                  e:/eclipse/embedded/winavr-20100110/bin/../lib/gcc/avr/4.3.3/avr5\libgcc.a(_sf_to_si.o)
                                                  e:/eclipse/embedded/winavr-20100110/bin/../lib/gcc/avr/4.3.3/avr5\libgcc.a(_lt_sf.o)
                                                  e:/eclipse/embedded/winavr-20100110/bin/../lib/gcc/avr/4.3.3/avr5\libgcc.a(_ge_sf.o)
                                                  e:/eclipse/embedded/winavr-20100110/bin/../lib/gcc/avr/4.3.3/avr5\libgcc.a(_gt_sf.o)
                                                  e:/eclipse/embedded/winavr-20100110/bin/../lib/gcc/avr/4.3.3/avr5\libgcc.a(_div_sf.o)
                                                  e:/eclipse/embedded/winavr-20100110/bin/../lib/gcc/avr/4.3.3/avr5\libgcc.a(_mul_sf.o)
                                                  e:/eclipse/embedded/winavr-20100110/bin/../lib/gcc/avr/4.3.3/avr5\libgcc.a(_addsub_sf.o)
__stack                                           e:/eclipse/embedded/winavr-20100110/bin/../lib/gcc/avr/4.3.3/../../../../avr/lib/avr5/crtm32.o
__subsf3                                          e:/eclipse/embedded/winavr-20100110/bin/../lib/gcc/avr/4.3.3/avr5\libgcc.a(_addsub_sf.o)
                                                  e:/eclipse/embedded/winavr-20100110/bin/../lib/gcc/avr/4.3.3/avr5\libgcc.a(_fixunssfsi.o)
__thenan_sf                                       e:/eclipse/embedded/winavr-20100110/bin/../lib/gcc/avr/4.3.3/avr5\libgcc.a(_thenan_sf.o)
                                                  e:/eclipse/embedded/winavr-20100110/bin/../lib/gcc/avr/4.3.3/avr5\libgcc.a(_div_sf.o)
                                                  e:/eclipse/embedded/winavr-20100110/bin/../lib/gcc/avr/4.3.3/avr5\libgcc.a(_mul_sf.o)
                                                  e:/eclipse/embedded/winavr-20100110/bin/../lib/gcc/avr/4.3.3/avr5\libgcc.a(_addsub_sf.o)
__udivmodhi4                                      e:/eclipse/embedded/winavr-20100110/bin/../lib/gcc/avr/4.3.3/avr5\libgcc.a(_udivmodhi4.o)
                                                  e:/eclipse/embedded/winavr-20100110/bin/../lib/gcc/avr/4.3.3/avr5\libgcc.a(_divmodhi4.o)
__udivmodsi4                                      e:/eclipse/embedded/winavr-20100110/bin/../lib/gcc/avr/4.3.3/avr5\libgcc.a(_udivmodsi4.o)
                                                  ./TMU.o
__unpack_f                                        e:/eclipse/embedded/winavr-20100110/bin/../lib/gcc/avr/4.3.3/avr5\libgcc.a(_unpack_sf.o)
                                                  e:/eclipse/embedded/winavr-20100110/bin/../lib/gcc/avr/4.3.3/avr5\libgcc.a(_sf_to_si.o)
                                                  e:/eclipse/embedded/winavr-20100110/bin/../lib/gcc/avr/4.3.3/avr5\libgcc.a(_lt_sf.o)
                                                  e:/eclipse/embedded/winavr-20100110/bin/../lib/gcc/avr/4.3.3/avr5\libgcc.a(_ge_sf.o)
                                                  e:/eclipse/embedded/winavr-20100110/bin/../lib/gcc/avr/4.3.3/avr5\libgcc.a(_gt_sf.o)
                                                  e:/eclipse/embedded/winavr-20100110/bin/../lib/gcc/avr/4.3.3/avr5\libgcc.a(_div_sf.o)
                                                  e:/eclipse/embedded/winavr-20100110/bin/../lib/gcc/avr/4.3.3/avr5\libgcc.a(_mul_sf.o)
                                                  e:/eclipse/embedded/winavr-20100110/bin/../lib/gcc/avr/4.3.3/avr5\libgcc.a(_addsub_sf.o)
__vector_1                                        e:/eclipse/embedded/winavr-20100110/bin/../lib/gcc/avr/4.3.3/../../../../avr/lib/avr5/crtm32.o
__vector_10                                       ./hal/TIMER/timer.o
                                                  e:/eclipse/embedded/winavr-20100110/bin/../lib/gcc/avr/4.3.3/../../../../avr/lib/avr5/crtm32.o
__vector_11                                       e:/eclipse/embedded/winavr-20100110/bin/../lib/gcc/avr/4.3.3/../../../../avr/lib/avr5/crtm32.o
__vector_12                                       e:/eclipse/embedded/winavr-20100110/bin/../lib/gcc/avr/4.3.3/../../../../avr/lib/avr5/crtm32.o
__vector_13                                       e:/eclipse/embedded/winavr-20100110/bin/../lib/gcc/avr/4.3.3/../../../../avr/lib/avr5/crtm32.o
__vector_14                                       e:/eclipse/embedded/winavr-20100110/bin/../lib/gcc/avr/4.3.3/../../../../avr/lib/avr5/crtm32.o
__vector_15                                       e:/eclipse/embedded/winavr-20100110/bin/../lib/gcc/avr/4.3.3/../../../../avr/lib/avr5/crtm32.o
__vector_16                                       e:/eclipse/embedded/winavr-20100110/bin/../lib/gcc/avr/4.3.3/../../../../avr/lib/avr5/crtm32.o
__vector_17                                       e:/eclipse/embedded/winavr-20100110/bin/../lib/gcc/avr/4.3.3/../../../../avr/lib/avr5/crtm32.o
__vector_18                                       e:/eclipse/embedded/winavr-20100110/bin/../lib/gcc/avr/4.3.3/../../../../avr/lib/avr5/crtm32.o
__vector_19                                       e:/eclipse/embedded/winavr-20100110/bin/../lib/gcc/avr/4.3.3/../../../../avr/lib/avr5/crtm32.o
__vector_2                                        e:/eclipse/embedded/winavr-20100110/bin/../lib/gcc/avr/4.3.3/../../../../avr/lib/avr5/crtm32.o
__vector_20                                       e:/eclipse/embedded/winavr-20100110/bin/../lib/gcc/avr/4.3.3/../../../../avr/lib/avr5/crtm32.o
__vector_3                                        e:/eclipse/embedded/winavr-20100110/bin/../lib/gcc/avr/4.3.3/../../../../avr/lib/avr5/crtm32.o
__vector_4                                        ./hal/TIMER/timer.o
                                                  e:/eclipse/embedded/winavr-20100110/bin/../lib/gcc/avr/4.3.3/../../../../avr/lib/avr5/crtm32.o
__vector_5                                        e:/eclipse/embedded/winavr-20100110/bin/../lib/gcc/avr/4.3.3/../../../../avr/lib/avr5/crtm32.o
__vector_6                                        e:/eclipse/embedded/winavr-20100110/bin/../lib/gcc/avr/4.3.3/../../../../avr/lib/avr5/crtm32.o
__vector_7                                        e:/eclipse/embedded/winavr-20100110/bin/../lib/gcc/avr/4.3.3/../../../../avr/lib/avr5/crtm32.o
__vector_8                                        e:/eclipse/embedded/winavr-20100110/bin/../lib/gcc/avr/4.3.3/../../../../avr/lib/avr5/crtm32.o
__vector_9                                        e:/eclipse/embedded/winavr-20100110/bin/../lib/gcc/avr/4.3.3/../../../../avr/lib/avr5/crtm32.o
__vector_default                                  e:/eclipse/embedded/winavr-20100110/bin/../lib/gcc/avr/4.3.3/../../../../avr/lib/avr5/crtm32.o
__vectors                                         e:/eclipse/embedded/winavr-20100110/bin/../lib/gcc/avr/4.3.3/../../../../avr/lib/avr5/crtm32.o
_div                                              e:/eclipse/embedded/winavr-20100110/bin/../lib/gcc/avr/4.3.3/avr5\libgcc.a(_divmodhi4.o)
_exit                                             e:/eclipse/embedded/winavr-20100110/bin/../lib/gcc/avr/4.3.3/avr5\libgcc.a(_exit.o)
currMin                                           ./Watch.o
currSec                                           ./Watch.o
exit                                              e:/eclipse/embedded/winavr-20100110/bin/../lib/gcc/avr/4.3.3/avr5\libgcc.a(_exit.o)
                                                  e:/eclipse/embedded/winavr-20100110/bin/../lib/gcc/avr/4.3.3/../../../../avr/lib/avr5/crtm32.o
function1                                         ./Watch.o
function2                                         ./Watch.o
function3                                         ./Watch.o
hal_deinit_timer                                  ./hal/TIMER/timer.o
hal_init_timer                                    ./hal/TIMER/timer.o
                                                  ./TMU.o
hal_is_timer_finish                               ./hal/TIMER/timer.o
hal_read_timer                                    ./hal/TIMER/timer.o
hal_update_cmp_timer                              ./hal/TIMER/timer.o
                                                  ./TMU.o
hal_update_timer                                  ./hal/TIMER/timer.o
                                                  ./TMU.o
keypad_dispatch                                   ./keypad.o
keypad_get_key                                    ./keypad.o
keypad_init                                       ./keypad.o
lcd_clear                                         ./lcd.o
lcd_deinit                                        ./lcd.o
lcd_gotoxy                                        ./lcd.o
lcd_init                                          ./lcd.o
lcd_print                                         ./lcd.o
lcd_send_command                                  ./lcd.o
lcd_send_data                                     ./lcd.o
main                                              ./Watch.o
                                                  e:/eclipse/embedded/winavr-20100110/bin/../lib/gcc/avr/4.3.3/../../../../avr/lib/avr5/crtm32.o
minID1                                            ./Watch.o
minID10                                           ./Watch.o
secID1                                            ./Watch.o
secID10                                           ./Watch.o
seven_seg_deinit                                  ./seven_seg.o
seven_seg_display                                 ./seven_seg.o
                                                  ./Watch.o
seven_seg_init                                    ./seven_seg.o
                                                  ./Watch.o
seven_seg_reset                                   ./seven_seg.o
t0_isr                                            ./hal/TIMER/timer.o
t1_isr                                            ./hal/TIMER/timer.o
t2_isr                                            ./hal/TIMER/timer.o
