Archive member included because of file (symbol)

e:/eclipse/embedded/winavr-20100110/bin/../lib/gcc/avr/4.3.3/avr5\libgcc.a(_divmodhi4.o)
                              ./Watch.o (__divmodhi4)
e:/eclipse/embedded/winavr-20100110/bin/../lib/gcc/avr/4.3.3/avr5\libgcc.a(_udivmodsi4.o)
                              ./SERVICE/TMU.o (__udivmodsi4)
e:/eclipse/embedded/winavr-20100110/bin/../lib/gcc/avr/4.3.3/avr5\libgcc.a(_exit.o)
                              e:/eclipse/embedded/winavr-20100110/bin/../lib/gcc/avr/4.3.3/../../../../avr/lib/avr5/crtm32.o (exit)
e:/eclipse/embedded/winavr-20100110/bin/../lib/gcc/avr/4.3.3/avr5\libgcc.a(_copy_data.o)
                              ./SERVICE/lcd.o (__do_copy_data)
e:/eclipse/embedded/winavr-20100110/bin/../lib/gcc/avr/4.3.3/avr5\libgcc.a(_clear_bss.o)
                              ./SERVICE/TMU.o (__do_clear_bss)
e:/eclipse/embedded/winavr-20100110/bin/../lib/gcc/avr/4.3.3/avr5\libgcc.a(_fixunssfsi.o)
                              ./SERVICE/lcd.o (__fixunssfsi)
e:/eclipse/embedded/winavr-20100110/bin/../lib/gcc/avr/4.3.3/avr5\libgcc.a(_addsub_sf.o)
                              e:/eclipse/embedded/winavr-20100110/bin/../lib/gcc/avr/4.3.3/avr5\libgcc.a(_fixunssfsi.o) (__subsf3)
e:/eclipse/embedded/winavr-20100110/bin/../lib/gcc/avr/4.3.3/avr5\libgcc.a(_mul_sf.o)
                              ./SERVICE/lcd.o (__mulsf3)
e:/eclipse/embedded/winavr-20100110/bin/../lib/gcc/avr/4.3.3/avr5\libgcc.a(_div_sf.o)
                              ./SERVICE/lcd.o (__divsf3)
e:/eclipse/embedded/winavr-20100110/bin/../lib/gcc/avr/4.3.3/avr5\libgcc.a(_gt_sf.o)
                              ./SERVICE/lcd.o (__gtsf2)
e:/eclipse/embedded/winavr-20100110/bin/../lib/gcc/avr/4.3.3/avr5\libgcc.a(_ge_sf.o)
                              e:/eclipse/embedded/winavr-20100110/bin/../lib/gcc/avr/4.3.3/avr5\libgcc.a(_fixunssfsi.o) (__gesf2)
e:/eclipse/embedded/winavr-20100110/bin/../lib/gcc/avr/4.3.3/avr5\libgcc.a(_lt_sf.o)
                              ./SERVICE/lcd.o (__ltsf2)
e:/eclipse/embedded/winavr-20100110/bin/../lib/gcc/avr/4.3.3/avr5\libgcc.a(_sf_to_si.o)
                              e:/eclipse/embedded/winavr-20100110/bin/../lib/gcc/avr/4.3.3/avr5\libgcc.a(_fixunssfsi.o) (__fixsfsi)
e:/eclipse/embedded/winavr-20100110/bin/../lib/gcc/avr/4.3.3/avr5\libgcc.a(_thenan_sf.o)
                              e:/eclipse/embedded/winavr-20100110/bin/../lib/gcc/avr/4.3.3/avr5\libgcc.a(_addsub_sf.o) (__thenan_sf)
e:/eclipse/embedded/winavr-20100110/bin/../lib/gcc/avr/4.3.3/avr5\libgcc.a(_udivmodhi4.o)
                              e:/eclipse/embedded/winavr-20100110/bin/../lib/gcc/avr/4.3.3/avr5\libgcc.a(_divmodhi4.o) (__udivmodhi4)
e:/eclipse/embedded/winavr-20100110/bin/../lib/gcc/avr/4.3.3/avr5\libgcc.a(_prologue.o)
                              e:/eclipse/embedded/winavr-20100110/bin/../lib/gcc/avr/4.3.3/avr5\libgcc.a(_addsub_sf.o) (__prologue_saves__)
e:/eclipse/embedded/winavr-20100110/bin/../lib/gcc/avr/4.3.3/avr5\libgcc.a(_epilogue.o)
                              e:/eclipse/embedded/winavr-20100110/bin/../lib/gcc/avr/4.3.3/avr5\libgcc.a(_addsub_sf.o) (__epilogue_restores__)
e:/eclipse/embedded/winavr-20100110/bin/../lib/gcc/avr/4.3.3/avr5\libgcc.a(_pack_sf.o)
                              e:/eclipse/embedded/winavr-20100110/bin/../lib/gcc/avr/4.3.3/avr5\libgcc.a(_addsub_sf.o) (__pack_f)
e:/eclipse/embedded/winavr-20100110/bin/../lib/gcc/avr/4.3.3/avr5\libgcc.a(_unpack_sf.o)
                              e:/eclipse/embedded/winavr-20100110/bin/../lib/gcc/avr/4.3.3/avr5\libgcc.a(_addsub_sf.o) (__unpack_f)
e:/eclipse/embedded/winavr-20100110/bin/../lib/gcc/avr/4.3.3/avr5\libgcc.a(_fpcmp_parts_sf.o)
                              e:/eclipse/embedded/winavr-20100110/bin/../lib/gcc/avr/4.3.3/avr5\libgcc.a(_gt_sf.o) (__fpcmp_parts_f)

Allocating common symbols
Common symbol       size              file

minID10             0x1               ./Watch.o
t1_isr              0x2               ./hal/TIMER/timer.o
secID1              0x1               ./Watch.o
ISR_USART_RXC       0x2               ./hal/UART/USART.o
ISR_USART_TXC       0x2               ./hal/UART/USART.o
t0_isr              0x2               ./hal/TIMER/timer.o
t2_isr              0x2               ./hal/TIMER/timer.o
secID10             0x1               ./Watch.o
RX_hook_receive_complete
                    0x2               ./SERVICE/com.o
minID1              0x1               ./Watch.o

Discarded input sections

 .data          0x00000000        0x0 e:/eclipse/embedded/winavr-20100110/bin/../lib/gcc/avr/4.3.3/../../../../avr/lib/avr5/crtm32.o
 .bss           0x00000000        0x0 e:/eclipse/embedded/winavr-20100110/bin/../lib/gcc/avr/4.3.3/../../../../avr/lib/avr5/crtm32.o
 .text          0x00000000        0x0 ./SERVICE/TMU.o
 .data          0x00000000        0x0 ./SERVICE/TMU.o
 .bss           0x00000000        0x0 ./SERVICE/TMU.o
 .text.TMU_ISR  0x00000000        0x0 ./SERVICE/TMU.o
 .text.TMU_init
                0x00000000        0x0 ./SERVICE/TMU.o
 .text.TMU_addTimer
                0x00000000        0x0 ./SERVICE/TMU.o
 .text.TMU_removeTimer
                0x00000000        0x0 ./SERVICE/TMU.o
 .text.TMU_Dispatch
                0x00000000        0x0 ./SERVICE/TMU.o
 .text.TMU_deinit
                0x00000000        0x0 ./SERVICE/TMU.o
 .bss.Timer_Objects
                0x00000000        0x0 ./SERVICE/TMU.o
 .bss.timerResolution
                0x00000000        0x0 ./SERVICE/TMU.o
 .bss.timerCount
                0x00000000        0x0 ./SERVICE/TMU.o
 .bss.timerObj  0x00000000        0x0 ./SERVICE/TMU.o
 .text          0x00000000        0x0 ./SERVICE/com.o
 .data          0x00000000        0x0 ./SERVICE/com.o
 .bss           0x00000000        0x0 ./SERVICE/com.o
 .bss.RX_DataLock
                0x00000000        0x0 ./SERVICE/com.o
 .text.RX_com_reset
                0x00000000        0x0 ./SERVICE/com.o
 .text.RX_com_init
                0x00000000        0x0 ./SERVICE/com.o
 .text.RX_com_callback
                0x00000000        0x0 ./SERVICE/com.o
 .text.RX_check_header
                0x00000000        0x0 ./SERVICE/com.o
 .text.RX_com_dispatch
                0x00000000        0x0 ./SERVICE/com.o
 .bss.gRX_state
                0x00000000        0x0 ./SERVICE/com.o
 .bss.RX_main_frame_current_idx
                0x00000000        0x0 ./SERVICE/com.o
 .bss.RX_main_frame
                0x00000000        0x0 ./SERVICE/com.o
 .bss.RX_flag_data_received
                0x00000000        0x0 ./SERVICE/com.o
 COMMON         0x00000000        0x0 ./SERVICE/com.o
 .text          0x00000000        0x0 ./SERVICE/keypad.o
 .data          0x00000000        0x0 ./SERVICE/keypad.o
 .bss           0x00000000        0x0 ./SERVICE/keypad.o
 .text.keypad_init
                0x00000000        0x0 ./SERVICE/keypad.o
 .text.read_input
                0x00000000        0x0 ./SERVICE/keypad.o
 .text.keypad_dispatch
                0x00000000        0x0 ./SERVICE/keypad.o
 .text.keypad_get_key
                0x00000000        0x0 ./SERVICE/keypad.o
 .bss.last_click
                0x00000000        0x0 ./SERVICE/keypad.o
 .text          0x00000000        0x0 ./SERVICE/lcd.o
 .data          0x00000000        0x0 ./SERVICE/lcd.o
 .bss           0x00000000        0x0 ./SERVICE/lcd.o
 .text.lcd_init
                0x00000000        0x0 ./SERVICE/lcd.o
 .text.lcd_send_command
                0x00000000        0x0 ./SERVICE/lcd.o
 .text.lcd_send_data
                0x00000000        0x0 ./SERVICE/lcd.o
 .rodata.firstCharAdr
                0x00000000        0x0 ./SERVICE/lcd.o
 .text.lcd_gotoxy
                0x00000000        0x0 ./SERVICE/lcd.o
 .text.lcd_print
                0x00000000        0x0 ./SERVICE/lcd.o
 .text.lcd_clear
                0x00000000        0x0 ./SERVICE/lcd.o
 .text.lcd_deinit
                0x00000000        0x0 ./SERVICE/lcd.o
 .text          0x00000000        0x0 ./SERVICE/seven_seg.o
 .data          0x00000000        0x0 ./SERVICE/seven_seg.o
 .bss           0x00000000        0x0 ./SERVICE/seven_seg.o
 .rodata.pattern
                0x00000000        0x0 ./SERVICE/seven_seg.o
 .bss.handler_counter
                0x00000000        0x0 ./SERVICE/seven_seg.o
 .text.seven_seg_init
                0x00000000        0x0 ./SERVICE/seven_seg.o
 .text.seven_seg_display
                0x00000000        0x0 ./SERVICE/seven_seg.o
 .text.seven_seg_reset
                0x00000000        0x0 ./SERVICE/seven_seg.o
 .text.seven_seg_deinit
                0x00000000        0x0 ./SERVICE/seven_seg.o
 .bss.ga_seven_handlers
                0x00000000        0x0 ./SERVICE/seven_seg.o
 .text          0x00000000        0x0 ./hal/UART/USART.o
 .data          0x00000000        0x0 ./hal/UART/USART.o
 .bss           0x00000000        0x0 ./hal/UART/USART.o
 .text.UART_getError
                0x00000000        0x0 ./hal/UART/USART.o
 .text.UART_readByte
                0x00000000        0x0 ./hal/UART/USART.o
 .text.UART_sendString
                0x00000000        0x0 ./hal/UART/USART.o
 .text.UART_sendPacket
                0x00000000        0x0 ./hal/UART/USART.o
 .text.UART_dataReady
                0x00000000        0x0 ./hal/UART/USART.o
 .text.UART_deinit
                0x00000000        0x0 ./hal/UART/USART.o
 .text          0x00000000        0x0 ./hal/TIMER/timer.o
 .data          0x00000000        0x0 ./hal/TIMER/timer.o
 .bss           0x00000000        0x0 ./hal/TIMER/timer.o
 .text.hal_init_timer
                0x00000000        0x0 ./hal/TIMER/timer.o
 .text.hal_read_timer
                0x00000000        0x0 ./hal/TIMER/timer.o
 .text.hal_update_timer
                0x00000000        0x0 ./hal/TIMER/timer.o
 .text.hal_is_timer_finish
                0x00000000        0x0 ./hal/TIMER/timer.o
 .text.hal_update_cmp_timer
                0x00000000        0x0 ./hal/TIMER/timer.o
 .text.hal_deinit_timer
                0x00000000        0x0 ./hal/TIMER/timer.o
 .text          0x00000000        0x0 ./hal/I2C/I2C.o
 .data          0x00000000        0x0 ./hal/I2C/I2C.o
 .bss           0x00000000        0x0 ./hal/I2C/I2C.o
 .text.I2C_init
                0x00000000        0x0 ./hal/I2C/I2C.o
 .text          0x00000000        0x0 ./hal/DIO/DIO.o
 .data          0x00000000        0x0 ./hal/DIO/DIO.o
 .bss           0x00000000        0x0 ./hal/DIO/DIO.o
 .text.DIO_write_port
                0x00000000        0x0 ./hal/DIO/DIO.o
 .text.DIO_set_port
                0x00000000        0x0 ./hal/DIO/DIO.o
 .text.DIO_clear_port
                0x00000000        0x0 ./hal/DIO/DIO.o
 .text.DIO_set_pin
                0x00000000        0x0 ./hal/DIO/DIO.o
 .text.DIO_clear_pin
                0x00000000        0x0 ./hal/DIO/DIO.o
 .text.DIO_read_port
                0x00000000        0x0 ./hal/DIO/DIO.o
 .text.DIO_PullUp_port
                0x00000000        0x0 ./hal/DIO/DIO.o
 .text.DIO_PullUp_pin
                0x00000000        0x0 ./hal/DIO/DIO.o
 .text.DIO_deinit_port
                0x00000000        0x0 ./hal/DIO/DIO.o
 .text          0x00000000        0x0 ./ECU/E2PROM/E2PROM.o
 .data          0x00000000        0x0 ./ECU/E2PROM/E2PROM.o
 .bss           0x00000000        0x0 ./ECU/E2PROM/E2PROM.o
 .text          0x00000000        0x0 ./Watch.o
 .data          0x00000000        0x0 ./Watch.o
 .bss           0x00000000        0x0 ./Watch.o
 .data.currSec  0x00000000        0x0 ./Watch.o
 .data.currMin  0x00000000        0x0 ./Watch.o
 .text.function1
                0x00000000        0x0 ./Watch.o
 .text.function2
                0x00000000        0x0 ./Watch.o
 .text.function3
                0x00000000        0x0 ./Watch.o
 COMMON         0x00000000        0x0 ./Watch.o
 .text          0x00000000        0x0 e:/eclipse/embedded/winavr-20100110/bin/../lib/gcc/avr/4.3.3/avr5\libgcc.a(_divmodhi4.o)
 .data          0x00000000        0x0 e:/eclipse/embedded/winavr-20100110/bin/../lib/gcc/avr/4.3.3/avr5\libgcc.a(_divmodhi4.o)
 .bss           0x00000000        0x0 e:/eclipse/embedded/winavr-20100110/bin/../lib/gcc/avr/4.3.3/avr5\libgcc.a(_divmodhi4.o)
 .text.libgcc   0x00000000        0x0 e:/eclipse/embedded/winavr-20100110/bin/../lib/gcc/avr/4.3.3/avr5\libgcc.a(_divmodhi4.o)
 .text          0x00000000        0x0 e:/eclipse/embedded/winavr-20100110/bin/../lib/gcc/avr/4.3.3/avr5\libgcc.a(_udivmodsi4.o)
 .data          0x00000000        0x0 e:/eclipse/embedded/winavr-20100110/bin/../lib/gcc/avr/4.3.3/avr5\libgcc.a(_udivmodsi4.o)
 .bss           0x00000000        0x0 e:/eclipse/embedded/winavr-20100110/bin/../lib/gcc/avr/4.3.3/avr5\libgcc.a(_udivmodsi4.o)
 .text.libgcc   0x00000000        0x0 e:/eclipse/embedded/winavr-20100110/bin/../lib/gcc/avr/4.3.3/avr5\libgcc.a(_udivmodsi4.o)
 .text          0x00000000        0x0 e:/eclipse/embedded/winavr-20100110/bin/../lib/gcc/avr/4.3.3/avr5\libgcc.a(_exit.o)
 .data          0x00000000        0x0 e:/eclipse/embedded/winavr-20100110/bin/../lib/gcc/avr/4.3.3/avr5\libgcc.a(_exit.o)
 .bss           0x00000000        0x0 e:/eclipse/embedded/winavr-20100110/bin/../lib/gcc/avr/4.3.3/avr5\libgcc.a(_exit.o)
 .text.libgcc   0x00000000        0x0 e:/eclipse/embedded/winavr-20100110/bin/../lib/gcc/avr/4.3.3/avr5\libgcc.a(_exit.o)
 .text          0x00000000        0x0 e:/eclipse/embedded/winavr-20100110/bin/../lib/gcc/avr/4.3.3/avr5\libgcc.a(_copy_data.o)
 .data          0x00000000        0x0 e:/eclipse/embedded/winavr-20100110/bin/../lib/gcc/avr/4.3.3/avr5\libgcc.a(_copy_data.o)
 .bss           0x00000000        0x0 e:/eclipse/embedded/winavr-20100110/bin/../lib/gcc/avr/4.3.3/avr5\libgcc.a(_copy_data.o)
 .text.libgcc   0x00000000        0x0 e:/eclipse/embedded/winavr-20100110/bin/../lib/gcc/avr/4.3.3/avr5\libgcc.a(_copy_data.o)
 .text          0x00000000        0x0 e:/eclipse/embedded/winavr-20100110/bin/../lib/gcc/avr/4.3.3/avr5\libgcc.a(_clear_bss.o)
 .data          0x00000000        0x0 e:/eclipse/embedded/winavr-20100110/bin/../lib/gcc/avr/4.3.3/avr5\libgcc.a(_clear_bss.o)
 .bss           0x00000000        0x0 e:/eclipse/embedded/winavr-20100110/bin/../lib/gcc/avr/4.3.3/avr5\libgcc.a(_clear_bss.o)
 .text.libgcc   0x00000000        0x0 e:/eclipse/embedded/winavr-20100110/bin/../lib/gcc/avr/4.3.3/avr5\libgcc.a(_clear_bss.o)
 .text          0x00000000        0x0 e:/eclipse/embedded/winavr-20100110/bin/../lib/gcc/avr/4.3.3/avr5\libgcc.a(_fixunssfsi.o)
 .data          0x00000000        0x0 e:/eclipse/embedded/winavr-20100110/bin/../lib/gcc/avr/4.3.3/avr5\libgcc.a(_fixunssfsi.o)
 .bss           0x00000000        0x0 e:/eclipse/embedded/winavr-20100110/bin/../lib/gcc/avr/4.3.3/avr5\libgcc.a(_fixunssfsi.o)
 .text          0x00000000        0x0 e:/eclipse/embedded/winavr-20100110/bin/../lib/gcc/avr/4.3.3/avr5\libgcc.a(_addsub_sf.o)
 .data          0x00000000        0x0 e:/eclipse/embedded/winavr-20100110/bin/../lib/gcc/avr/4.3.3/avr5\libgcc.a(_addsub_sf.o)
 .bss           0x00000000        0x0 e:/eclipse/embedded/winavr-20100110/bin/../lib/gcc/avr/4.3.3/avr5\libgcc.a(_addsub_sf.o)
 .text          0x00000000        0x0 e:/eclipse/embedded/winavr-20100110/bin/../lib/gcc/avr/4.3.3/avr5\libgcc.a(_mul_sf.o)
 .data          0x00000000        0x0 e:/eclipse/embedded/winavr-20100110/bin/../lib/gcc/avr/4.3.3/avr5\libgcc.a(_mul_sf.o)
 .bss           0x00000000        0x0 e:/eclipse/embedded/winavr-20100110/bin/../lib/gcc/avr/4.3.3/avr5\libgcc.a(_mul_sf.o)
 .text          0x00000000        0x0 e:/eclipse/embedded/winavr-20100110/bin/../lib/gcc/avr/4.3.3/avr5\libgcc.a(_div_sf.o)
 .data          0x00000000        0x0 e:/eclipse/embedded/winavr-20100110/bin/../lib/gcc/avr/4.3.3/avr5\libgcc.a(_div_sf.o)
 .bss           0x00000000        0x0 e:/eclipse/embedded/winavr-20100110/bin/../lib/gcc/avr/4.3.3/avr5\libgcc.a(_div_sf.o)
 .text          0x00000000        0x0 e:/eclipse/embedded/winavr-20100110/bin/../lib/gcc/avr/4.3.3/avr5\libgcc.a(_gt_sf.o)
 .data          0x00000000        0x0 e:/eclipse/embedded/winavr-20100110/bin/../lib/gcc/avr/4.3.3/avr5\libgcc.a(_gt_sf.o)
 .bss           0x00000000        0x0 e:/eclipse/embedded/winavr-20100110/bin/../lib/gcc/avr/4.3.3/avr5\libgcc.a(_gt_sf.o)
 .text          0x00000000        0x0 e:/eclipse/embedded/winavr-20100110/bin/../lib/gcc/avr/4.3.3/avr5\libgcc.a(_ge_sf.o)
 .data          0x00000000        0x0 e:/eclipse/embedded/winavr-20100110/bin/../lib/gcc/avr/4.3.3/avr5\libgcc.a(_ge_sf.o)
 .bss           0x00000000        0x0 e:/eclipse/embedded/winavr-20100110/bin/../lib/gcc/avr/4.3.3/avr5\libgcc.a(_ge_sf.o)
 .text          0x00000000        0x0 e:/eclipse/embedded/winavr-20100110/bin/../lib/gcc/avr/4.3.3/avr5\libgcc.a(_lt_sf.o)
 .data          0x00000000        0x0 e:/eclipse/embedded/winavr-20100110/bin/../lib/gcc/avr/4.3.3/avr5\libgcc.a(_lt_sf.o)
 .bss           0x00000000        0x0 e:/eclipse/embedded/winavr-20100110/bin/../lib/gcc/avr/4.3.3/avr5\libgcc.a(_lt_sf.o)
 .text          0x00000000        0x0 e:/eclipse/embedded/winavr-20100110/bin/../lib/gcc/avr/4.3.3/avr5\libgcc.a(_sf_to_si.o)
 .data          0x00000000        0x0 e:/eclipse/embedded/winavr-20100110/bin/../lib/gcc/avr/4.3.3/avr5\libgcc.a(_sf_to_si.o)
 .bss           0x00000000        0x0 e:/eclipse/embedded/winavr-20100110/bin/../lib/gcc/avr/4.3.3/avr5\libgcc.a(_sf_to_si.o)
 .text          0x00000000        0x0 e:/eclipse/embedded/winavr-20100110/bin/../lib/gcc/avr/4.3.3/avr5\libgcc.a(_thenan_sf.o)
 .data          0x00000000        0x0 e:/eclipse/embedded/winavr-20100110/bin/../lib/gcc/avr/4.3.3/avr5\libgcc.a(_thenan_sf.o)
 .bss           0x00000000        0x0 e:/eclipse/embedded/winavr-20100110/bin/../lib/gcc/avr/4.3.3/avr5\libgcc.a(_thenan_sf.o)
 .text          0x00000000        0x0 e:/eclipse/embedded/winavr-20100110/bin/../lib/gcc/avr/4.3.3/avr5\libgcc.a(_udivmodhi4.o)
 .data          0x00000000        0x0 e:/eclipse/embedded/winavr-20100110/bin/../lib/gcc/avr/4.3.3/avr5\libgcc.a(_udivmodhi4.o)
 .bss           0x00000000        0x0 e:/eclipse/embedded/winavr-20100110/bin/../lib/gcc/avr/4.3.3/avr5\libgcc.a(_udivmodhi4.o)
 .text.libgcc   0x00000000        0x0 e:/eclipse/embedded/winavr-20100110/bin/../lib/gcc/avr/4.3.3/avr5\libgcc.a(_udivmodhi4.o)
 .text          0x00000000        0x0 e:/eclipse/embedded/winavr-20100110/bin/../lib/gcc/avr/4.3.3/avr5\libgcc.a(_prologue.o)
 .data          0x00000000        0x0 e:/eclipse/embedded/winavr-20100110/bin/../lib/gcc/avr/4.3.3/avr5\libgcc.a(_prologue.o)
 .bss           0x00000000        0x0 e:/eclipse/embedded/winavr-20100110/bin/../lib/gcc/avr/4.3.3/avr5\libgcc.a(_prologue.o)
 .text.libgcc   0x00000000        0x0 e:/eclipse/embedded/winavr-20100110/bin/../lib/gcc/avr/4.3.3/avr5\libgcc.a(_prologue.o)
 .text          0x00000000        0x0 e:/eclipse/embedded/winavr-20100110/bin/../lib/gcc/avr/4.3.3/avr5\libgcc.a(_epilogue.o)
 .data          0x00000000        0x0 e:/eclipse/embedded/winavr-20100110/bin/../lib/gcc/avr/4.3.3/avr5\libgcc.a(_epilogue.o)
 .bss           0x00000000        0x0 e:/eclipse/embedded/winavr-20100110/bin/../lib/gcc/avr/4.3.3/avr5\libgcc.a(_epilogue.o)
 .text.libgcc   0x00000000        0x0 e:/eclipse/embedded/winavr-20100110/bin/../lib/gcc/avr/4.3.3/avr5\libgcc.a(_epilogue.o)
 .text          0x00000000        0x0 e:/eclipse/embedded/winavr-20100110/bin/../lib/gcc/avr/4.3.3/avr5\libgcc.a(_pack_sf.o)
 .data          0x00000000        0x0 e:/eclipse/embedded/winavr-20100110/bin/../lib/gcc/avr/4.3.3/avr5\libgcc.a(_pack_sf.o)
 .bss           0x00000000        0x0 e:/eclipse/embedded/winavr-20100110/bin/../lib/gcc/avr/4.3.3/avr5\libgcc.a(_pack_sf.o)
 .text          0x00000000        0x0 e:/eclipse/embedded/winavr-20100110/bin/../lib/gcc/avr/4.3.3/avr5\libgcc.a(_unpack_sf.o)
 .data          0x00000000        0x0 e:/eclipse/embedded/winavr-20100110/bin/../lib/gcc/avr/4.3.3/avr5\libgcc.a(_unpack_sf.o)
 .bss           0x00000000        0x0 e:/eclipse/embedded/winavr-20100110/bin/../lib/gcc/avr/4.3.3/avr5\libgcc.a(_unpack_sf.o)
 .text          0x00000000        0x0 e:/eclipse/embedded/winavr-20100110/bin/../lib/gcc/avr/4.3.3/avr5\libgcc.a(_fpcmp_parts_sf.o)
 .data          0x00000000        0x0 e:/eclipse/embedded/winavr-20100110/bin/../lib/gcc/avr/4.3.3/avr5\libgcc.a(_fpcmp_parts_sf.o)
 .bss           0x00000000        0x0 e:/eclipse/embedded/winavr-20100110/bin/../lib/gcc/avr/4.3.3/avr5\libgcc.a(_fpcmp_parts_sf.o)

Memory Configuration

Name             Origin             Length             Attributes
text             0x00000000         0x00020000         xr
data             0x00800060         0x0000ffa0         rw !x
eeprom           0x00810000         0x00010000         rw !x
fuse             0x00820000         0x00000400         rw !x
lock             0x00830000         0x00000400         rw !x
signature        0x00840000         0x00000400         rw !x
*default*        0x00000000         0xffffffff

Linker script and memory map

LOAD e:/eclipse/embedded/winavr-20100110/bin/../lib/gcc/avr/4.3.3/../../../../avr/lib/avr5/crtm32.o
LOAD ./SERVICE/TMU.o
LOAD ./SERVICE/com.o
LOAD ./SERVICE/keypad.o
LOAD ./SERVICE/lcd.o
LOAD ./SERVICE/seven_seg.o
LOAD ./hal/UART/USART.o
LOAD ./hal/TIMER/timer.o
LOAD ./hal/I2C/I2C.o
LOAD ./hal/DIO/DIO.o
LOAD ./ECU/E2PROM/E2PROM.o
LOAD ./Watch.o
LOAD e:/eclipse/embedded/winavr-20100110/bin/../lib/gcc/avr/4.3.3/avr5\libgcc.a
LOAD e:/eclipse/embedded/winavr-20100110/bin/../lib/gcc/avr/4.3.3/../../../../avr/lib/avr5\libm.a
LOAD e:/eclipse/embedded/winavr-20100110/bin/../lib/gcc/avr/4.3.3/avr5\libgcc.a
LOAD e:/eclipse/embedded/winavr-20100110/bin/../lib/gcc/avr/4.3.3/../../../../avr/lib/avr5\libc.a
LOAD e:/eclipse/embedded/winavr-20100110/bin/../lib/gcc/avr/4.3.3/avr5\libgcc.a

.hash
 *(.hash)

.dynsym
 *(.dynsym)

.dynstr
 *(.dynstr)

.gnu.version
 *(.gnu.version)

.gnu.version_d
 *(.gnu.version_d)

.gnu.version_r
 *(.gnu.version_r)

.rel.init
 *(.rel.init)

.rela.init
 *(.rela.init)

.rel.text
 *(.rel.text)
 *(.rel.text.*)
 *(.rel.gnu.linkonce.t*)

.rela.text
 *(.rela.text)
 *(.rela.text.*)
 *(.rela.gnu.linkonce.t*)

.rel.fini
 *(.rel.fini)

.rela.fini
 *(.rela.fini)

.rel.rodata
 *(.rel.rodata)
 *(.rel.rodata.*)
 *(.rel.gnu.linkonce.r*)

.rela.rodata
 *(.rela.rodata)
 *(.rela.rodata.*)
 *(.rela.gnu.linkonce.r*)

.rel.data
 *(.rel.data)
 *(.rel.data.*)
 *(.rel.gnu.linkonce.d*)

.rela.data
 *(.rela.data)
 *(.rela.data.*)
 *(.rela.gnu.linkonce.d*)

.rel.ctors
 *(.rel.ctors)

.rela.ctors
 *(.rela.ctors)

.rel.dtors
 *(.rel.dtors)

.rela.dtors
 *(.rela.dtors)

.rel.got
 *(.rel.got)

.rela.got
 *(.rela.got)

.rel.bss
 *(.rel.bss)

.rela.bss
 *(.rela.bss)

.rel.plt
 *(.rel.plt)

.rela.plt
 *(.rela.plt)

.text           0x00000000      0x470
 *(.vectors)
 .vectors       0x00000000       0x54 e:/eclipse/embedded/winavr-20100110/bin/../lib/gcc/avr/4.3.3/../../../../avr/lib/avr5/crtm32.o
                0x00000000                __vectors
                0x00000000                __vector_default
 *(.vectors)
 *(.progmem.gcc*)
 *(.progmem*)
                0x00000054                . = ALIGN (0x2)
                0x00000054                __trampolines_start = .
 *(.trampolines)
 .trampolines   0x00000054        0x0 linker stubs
 *(.trampolines*)
                0x00000054                __trampolines_end = .
 *(.jumptables)
 *(.jumptables*)
 *(.lowtext)
 *(.lowtext*)
                0x00000054                __ctors_start = .
 *(.ctors)
                0x00000054                __ctors_end = .
                0x00000054                __dtors_start = .
 *(.dtors)
                0x00000054                __dtors_end = .
 SORT(*)(.ctors)
 SORT(*)(.dtors)
 *(.init0)
 .init0         0x00000054        0x0 e:/eclipse/embedded/winavr-20100110/bin/../lib/gcc/avr/4.3.3/../../../../avr/lib/avr5/crtm32.o
                0x00000054                __init
 *(.init0)
 *(.init1)
 *(.init1)
 *(.init2)
 .init2         0x00000054        0xc e:/eclipse/embedded/winavr-20100110/bin/../lib/gcc/avr/4.3.3/../../../../avr/lib/avr5/crtm32.o
 *(.init2)
 *(.init3)
 *(.init3)
 *(.init4)
 .init4         0x00000060       0x16 e:/eclipse/embedded/winavr-20100110/bin/../lib/gcc/avr/4.3.3/avr5\libgcc.a(_copy_data.o)
                0x00000060                __do_copy_data
 .init4         0x00000076       0x10 e:/eclipse/embedded/winavr-20100110/bin/../lib/gcc/avr/4.3.3/avr5\libgcc.a(_clear_bss.o)
                0x00000076                __do_clear_bss
 *(.init4)
 *(.init5)
 *(.init5)
 *(.init6)
 *(.init6)
 *(.init7)
 *(.init7)
 *(.init8)
 *(.init8)
 *(.init9)
 .init9         0x00000086        0x4 e:/eclipse/embedded/winavr-20100110/bin/../lib/gcc/avr/4.3.3/../../../../avr/lib/avr5/crtm32.o
 *(.init9)
 *(.text)
 .text          0x0000008a        0x2 e:/eclipse/embedded/winavr-20100110/bin/../lib/gcc/avr/4.3.3/../../../../avr/lib/avr5/crtm32.o
                0x0000008a                __vector_1
                0x0000008a                __vector_12
                0x0000008a                __bad_interrupt
                0x0000008a                __vector_6
                0x0000008a                __vector_3
                0x0000008a                __vector_11
                0x0000008a                __vector_17
                0x0000008a                __vector_19
                0x0000008a                __vector_7
                0x0000008a                __vector_5
                0x0000008a                __vector_9
                0x0000008a                __vector_2
                0x0000008a                __vector_8
                0x0000008a                __vector_14
                0x0000008a                __vector_16
                0x0000008a                __vector_18
                0x0000008a                __vector_20
                0x0000008c                . = ALIGN (0x2)
 *(.text.*)
 .text.__vector_13
                0x0000008c       0x26 ./hal/UART/USART.o
                0x0000008c                __vector_13
 .text.__vector_15
                0x000000b2       0x26 ./hal/UART/USART.o
                0x000000b2                __vector_15
 .text.UART_addISR
                0x000000d8       0x66 ./hal/UART/USART.o
                0x000000d8                UART_addISR
 .text.UART_init
                0x0000013e       0x5e ./hal/UART/USART.o
                0x0000013e                UART_init
 .text.UART_sendByte
                0x0000019c       0x32 ./hal/UART/USART.o
                0x0000019c                UART_sendByte
 .text.UART_Flush
                0x000001ce       0x26 ./hal/UART/USART.o
                0x000001ce                UART_Flush
 .text.__vector_10
                0x000001f4       0x52 ./hal/TIMER/timer.o
                0x000001f4                __vector_10
 .text.__vector_4
                0x00000246       0x52 ./hal/TIMER/timer.o
                0x00000246                __vector_4
 .text.DIO_init_port_output
                0x00000298       0x34 ./hal/DIO/DIO.o
                0x00000298                DIO_init_port_output
 .text.DIO_init_port_input
                0x000002cc       0x38 ./hal/DIO/DIO.o
                0x000002cc                DIO_init_port_input
 .text.DIO_write_pin
                0x00000304       0x86 ./hal/DIO/DIO.o
                0x00000304                DIO_write_pin
 .text.DIO_read_pin
                0x0000038a       0x3c ./hal/DIO/DIO.o
                0x0000038a                DIO_read_pin
 .text.tx       0x000003c6       0x2a ./Watch.o
                0x000003c6                tx
 .text.rx       0x000003f0       0x2a ./Watch.o
                0x000003f0                rx
 .text.main     0x0000041a       0x52 ./Watch.o
                0x0000041a                main
                0x0000046c                . = ALIGN (0x2)
 *(.fini9)
 .fini9         0x0000046c        0x0 e:/eclipse/embedded/winavr-20100110/bin/../lib/gcc/avr/4.3.3/avr5\libgcc.a(_exit.o)
                0x0000046c                exit
                0x0000046c                _exit
 *(.fini9)
 *(.fini8)
 *(.fini8)
 *(.fini7)
 *(.fini7)
 *(.fini6)
 *(.fini6)
 *(.fini5)
 *(.fini5)
 *(.fini4)
 *(.fini4)
 *(.fini3)
 *(.fini3)
 *(.fini2)
 *(.fini2)
 *(.fini1)
 *(.fini1)
 *(.fini0)
 .fini0         0x0000046c        0x4 e:/eclipse/embedded/winavr-20100110/bin/../lib/gcc/avr/4.3.3/avr5\libgcc.a(_exit.o)
 *(.fini0)
                0x00000470                _etext = .

.data           0x00800060        0x0 load address 0x00000470
                0x00800060                PROVIDE (__data_start, .)
 *(.data)
 *(.data*)
 *(.rodata)
 *(.rodata*)
 *(.gnu.linkonce.d*)
                0x00800060                . = ALIGN (0x2)
                0x00800060                _edata = .
                0x00800060                PROVIDE (__data_end, .)

.bss            0x00800060        0xa
                0x00800060                PROVIDE (__bss_start, .)
 *(.bss)
 *(.bss*)
 *(COMMON)
 COMMON         0x00800060        0x4 ./hal/UART/USART.o
                0x00800060                ISR_USART_RXC
                0x00800062                ISR_USART_TXC
 COMMON         0x00800064        0x6 ./hal/TIMER/timer.o
                0x00800064                t1_isr
                0x00800066                t0_isr
                0x00800068                t2_isr
                0x0080006a                PROVIDE (__bss_end, .)
                0x00000470                __data_load_start = LOADADDR (.data)
                0x00000470                __data_load_end = (__data_load_start + SIZEOF (.data))

.noinit         0x0080006a        0x0
                0x0080006a                PROVIDE (__noinit_start, .)
 *(.noinit*)
                0x0080006a                PROVIDE (__noinit_end, .)
                0x0080006a                _end = .
                0x0080006a                PROVIDE (__heap_start, .)

.eeprom         0x00810000        0x0
 *(.eeprom*)
                0x00810000                __eeprom_end = .

.fuse
 *(.fuse)
 *(.lfuse)
 *(.hfuse)
 *(.efuse)

.lock
 *(.lock*)

.signature
 *(.signature*)

.stab           0x00000000     0x1bc0
 *(.stab)
 .stab          0x00000000      0x420 ./SERVICE/TMU.o
                                0xa50 (size before relaxing)
 .stab          0x00000420      0x228 ./SERVICE/com.o
                                0x600 (size before relaxing)
 .stab          0x00000648      0x18c ./SERVICE/keypad.o
                                0x3f0 (size before relaxing)
 .stab          0x000007d4      0x1d4 ./SERVICE/lcd.o
                               0x13ec (size before relaxing)
 .stab          0x000009a8      0x180 ./SERVICE/seven_seg.o
                                0x5dc (size before relaxing)
 .stab          0x00000b28      0x444 ./hal/UART/USART.o
                                0x8c4 (size before relaxing)
 .stab          0x00000f6c      0x300 ./hal/TIMER/timer.o
                                0xb1c (size before relaxing)
 .stab          0x0000126c      0x18c ./hal/I2C/I2C.o
                                0x3b4 (size before relaxing)
 .stab          0x000013f8      0x2a0 ./hal/DIO/DIO.o
                                0x558 (size before relaxing)
 .stab          0x00001698      0x1b0 ./ECU/E2PROM/E2PROM.o
                                0x36c (size before relaxing)
 .stab          0x00001848      0x378 ./Watch.o
                                0x750 (size before relaxing)

.stabstr        0x00000000     0x27f2
 *(.stabstr)
 .stabstr       0x00000000     0x27f2 ./SERVICE/TMU.o

.stab.excl
 *(.stab.excl)

.stab.exclstr
 *(.stab.exclstr)

.stab.index
 *(.stab.index)

.stab.indexstr
 *(.stab.indexstr)

.comment
 *(.comment)

.debug
 *(.debug)

.line
 *(.line)

.debug_srcinfo
 *(.debug_srcinfo)

.debug_sfnames
 *(.debug_sfnames)

.debug_aranges  0x00000000      0x160
 *(.debug_aranges)
 .debug_aranges
                0x00000000       0x20 e:/eclipse/embedded/winavr-20100110/bin/../lib/gcc/avr/4.3.3/avr5\libgcc.a(_fixunssfsi.o)
 .debug_aranges
                0x00000020       0x20 e:/eclipse/embedded/winavr-20100110/bin/../lib/gcc/avr/4.3.3/avr5\libgcc.a(_addsub_sf.o)
 .debug_aranges
                0x00000040       0x20 e:/eclipse/embedded/winavr-20100110/bin/../lib/gcc/avr/4.3.3/avr5\libgcc.a(_mul_sf.o)
 .debug_aranges
                0x00000060       0x20 e:/eclipse/embedded/winavr-20100110/bin/../lib/gcc/avr/4.3.3/avr5\libgcc.a(_div_sf.o)
 .debug_aranges
                0x00000080       0x20 e:/eclipse/embedded/winavr-20100110/bin/../lib/gcc/avr/4.3.3/avr5\libgcc.a(_gt_sf.o)
 .debug_aranges
                0x000000a0       0x20 e:/eclipse/embedded/winavr-20100110/bin/../lib/gcc/avr/4.3.3/avr5\libgcc.a(_ge_sf.o)
 .debug_aranges
                0x000000c0       0x20 e:/eclipse/embedded/winavr-20100110/bin/../lib/gcc/avr/4.3.3/avr5\libgcc.a(_lt_sf.o)
 .debug_aranges
                0x000000e0       0x20 e:/eclipse/embedded/winavr-20100110/bin/../lib/gcc/avr/4.3.3/avr5\libgcc.a(_sf_to_si.o)
 .debug_aranges
                0x00000100       0x20 e:/eclipse/embedded/winavr-20100110/bin/../lib/gcc/avr/4.3.3/avr5\libgcc.a(_pack_sf.o)
 .debug_aranges
                0x00000120       0x20 e:/eclipse/embedded/winavr-20100110/bin/../lib/gcc/avr/4.3.3/avr5\libgcc.a(_unpack_sf.o)
 .debug_aranges
                0x00000140       0x20 e:/eclipse/embedded/winavr-20100110/bin/../lib/gcc/avr/4.3.3/avr5\libgcc.a(_fpcmp_parts_sf.o)

.debug_pubnames
                0x00000000      0x18f
 *(.debug_pubnames)
 .debug_pubnames
                0x00000000       0x23 e:/eclipse/embedded/winavr-20100110/bin/../lib/gcc/avr/4.3.3/avr5\libgcc.a(_fixunssfsi.o)
 .debug_pubnames
                0x00000023       0x2c e:/eclipse/embedded/winavr-20100110/bin/../lib/gcc/avr/4.3.3/avr5\libgcc.a(_addsub_sf.o)
 .debug_pubnames
                0x0000004f       0x1f e:/eclipse/embedded/winavr-20100110/bin/../lib/gcc/avr/4.3.3/avr5\libgcc.a(_mul_sf.o)
 .debug_pubnames
                0x0000006e       0x1f e:/eclipse/embedded/winavr-20100110/bin/../lib/gcc/avr/4.3.3/avr5\libgcc.a(_div_sf.o)
 .debug_pubnames
                0x0000008d       0x1e e:/eclipse/embedded/winavr-20100110/bin/../lib/gcc/avr/4.3.3/avr5\libgcc.a(_gt_sf.o)
 .debug_pubnames
                0x000000ab       0x1e e:/eclipse/embedded/winavr-20100110/bin/../lib/gcc/avr/4.3.3/avr5\libgcc.a(_ge_sf.o)
 .debug_pubnames
                0x000000c9       0x1e e:/eclipse/embedded/winavr-20100110/bin/../lib/gcc/avr/4.3.3/avr5\libgcc.a(_lt_sf.o)
 .debug_pubnames
                0x000000e7       0x20 e:/eclipse/embedded/winavr-20100110/bin/../lib/gcc/avr/4.3.3/avr5\libgcc.a(_sf_to_si.o)
 .debug_pubnames
                0x00000107       0x22 e:/eclipse/embedded/winavr-20100110/bin/../lib/gcc/avr/4.3.3/avr5\libgcc.a(_thenan_sf.o)
 .debug_pubnames
                0x00000129       0x1f e:/eclipse/embedded/winavr-20100110/bin/../lib/gcc/avr/4.3.3/avr5\libgcc.a(_pack_sf.o)
 .debug_pubnames
                0x00000148       0x21 e:/eclipse/embedded/winavr-20100110/bin/../lib/gcc/avr/4.3.3/avr5\libgcc.a(_unpack_sf.o)
 .debug_pubnames
                0x00000169       0x26 e:/eclipse/embedded/winavr-20100110/bin/../lib/gcc/avr/4.3.3/avr5\libgcc.a(_fpcmp_parts_sf.o)

.debug_info     0x00000000     0x2045
 *(.debug_info)
 .debug_info    0x00000000       0xb1 e:/eclipse/embedded/winavr-20100110/bin/../lib/gcc/avr/4.3.3/avr5\libgcc.a(_fixunssfsi.o)
 .debug_info    0x000000b1      0x47a e:/eclipse/embedded/winavr-20100110/bin/../lib/gcc/avr/4.3.3/avr5\libgcc.a(_addsub_sf.o)
 .debug_info    0x0000052b      0x485 e:/eclipse/embedded/winavr-20100110/bin/../lib/gcc/avr/4.3.3/avr5\libgcc.a(_mul_sf.o)
 .debug_info    0x000009b0      0x3fc e:/eclipse/embedded/winavr-20100110/bin/../lib/gcc/avr/4.3.3/avr5\libgcc.a(_div_sf.o)
 .debug_info    0x00000dac      0x27f e:/eclipse/embedded/winavr-20100110/bin/../lib/gcc/avr/4.3.3/avr5\libgcc.a(_gt_sf.o)
 .debug_info    0x0000102b      0x27f e:/eclipse/embedded/winavr-20100110/bin/../lib/gcc/avr/4.3.3/avr5\libgcc.a(_ge_sf.o)
 .debug_info    0x000012aa      0x27f e:/eclipse/embedded/winavr-20100110/bin/../lib/gcc/avr/4.3.3/avr5\libgcc.a(_lt_sf.o)
 .debug_info    0x00001529      0x2b0 e:/eclipse/embedded/winavr-20100110/bin/../lib/gcc/avr/4.3.3/avr5\libgcc.a(_sf_to_si.o)
 .debug_info    0x000017d9      0x12c e:/eclipse/embedded/winavr-20100110/bin/../lib/gcc/avr/4.3.3/avr5\libgcc.a(_thenan_sf.o)
 .debug_info    0x00001905      0x2df e:/eclipse/embedded/winavr-20100110/bin/../lib/gcc/avr/4.3.3/avr5\libgcc.a(_pack_sf.o)
 .debug_info    0x00001be4      0x251 e:/eclipse/embedded/winavr-20100110/bin/../lib/gcc/avr/4.3.3/avr5\libgcc.a(_unpack_sf.o)
 .debug_info    0x00001e35      0x210 e:/eclipse/embedded/winavr-20100110/bin/../lib/gcc/avr/4.3.3/avr5\libgcc.a(_fpcmp_parts_sf.o)
 *(.gnu.linkonce.wi.*)

.debug_abbrev   0x00000000     0x1101
 *(.debug_abbrev)
 .debug_abbrev  0x00000000       0x5d e:/eclipse/embedded/winavr-20100110/bin/../lib/gcc/avr/4.3.3/avr5\libgcc.a(_fixunssfsi.o)
 .debug_abbrev  0x0000005d      0x1ea e:/eclipse/embedded/winavr-20100110/bin/../lib/gcc/avr/4.3.3/avr5\libgcc.a(_addsub_sf.o)
 .debug_abbrev  0x00000247      0x21b e:/eclipse/embedded/winavr-20100110/bin/../lib/gcc/avr/4.3.3/avr5\libgcc.a(_mul_sf.o)
 .debug_abbrev  0x00000462      0x216 e:/eclipse/embedded/winavr-20100110/bin/../lib/gcc/avr/4.3.3/avr5\libgcc.a(_div_sf.o)
 .debug_abbrev  0x00000678      0x15a e:/eclipse/embedded/winavr-20100110/bin/../lib/gcc/avr/4.3.3/avr5\libgcc.a(_gt_sf.o)
 .debug_abbrev  0x000007d2      0x15a e:/eclipse/embedded/winavr-20100110/bin/../lib/gcc/avr/4.3.3/avr5\libgcc.a(_ge_sf.o)
 .debug_abbrev  0x0000092c      0x15a e:/eclipse/embedded/winavr-20100110/bin/../lib/gcc/avr/4.3.3/avr5\libgcc.a(_lt_sf.o)
 .debug_abbrev  0x00000a86      0x17f e:/eclipse/embedded/winavr-20100110/bin/../lib/gcc/avr/4.3.3/avr5\libgcc.a(_sf_to_si.o)
 .debug_abbrev  0x00000c05       0xad e:/eclipse/embedded/winavr-20100110/bin/../lib/gcc/avr/4.3.3/avr5\libgcc.a(_thenan_sf.o)
 .debug_abbrev  0x00000cb2      0x1c0 e:/eclipse/embedded/winavr-20100110/bin/../lib/gcc/avr/4.3.3/avr5\libgcc.a(_pack_sf.o)
 .debug_abbrev  0x00000e72      0x154 e:/eclipse/embedded/winavr-20100110/bin/../lib/gcc/avr/4.3.3/avr5\libgcc.a(_unpack_sf.o)
 .debug_abbrev  0x00000fc6      0x13b e:/eclipse/embedded/winavr-20100110/bin/../lib/gcc/avr/4.3.3/avr5\libgcc.a(_fpcmp_parts_sf.o)

.debug_line     0x00000000      0xf82
 *(.debug_line)
 .debug_line    0x00000000       0xa7 e:/eclipse/embedded/winavr-20100110/bin/../lib/gcc/avr/4.3.3/avr5\libgcc.a(_fixunssfsi.o)
 .debug_line    0x000000a7      0x2af e:/eclipse/embedded/winavr-20100110/bin/../lib/gcc/avr/4.3.3/avr5\libgcc.a(_addsub_sf.o)
 .debug_line    0x00000356      0x239 e:/eclipse/embedded/winavr-20100110/bin/../lib/gcc/avr/4.3.3/avr5\libgcc.a(_mul_sf.o)
 .debug_line    0x0000058f      0x1d5 e:/eclipse/embedded/winavr-20100110/bin/../lib/gcc/avr/4.3.3/avr5\libgcc.a(_div_sf.o)
 .debug_line    0x00000764       0xd3 e:/eclipse/embedded/winavr-20100110/bin/../lib/gcc/avr/4.3.3/avr5\libgcc.a(_gt_sf.o)
 .debug_line    0x00000837       0xd3 e:/eclipse/embedded/winavr-20100110/bin/../lib/gcc/avr/4.3.3/avr5\libgcc.a(_ge_sf.o)
 .debug_line    0x0000090a       0xd3 e:/eclipse/embedded/winavr-20100110/bin/../lib/gcc/avr/4.3.3/avr5\libgcc.a(_lt_sf.o)
 .debug_line    0x000009dd      0x109 e:/eclipse/embedded/winavr-20100110/bin/../lib/gcc/avr/4.3.3/avr5\libgcc.a(_sf_to_si.o)
 .debug_line    0x00000ae6       0x90 e:/eclipse/embedded/winavr-20100110/bin/../lib/gcc/avr/4.3.3/avr5\libgcc.a(_thenan_sf.o)
 .debug_line    0x00000b76      0x18a e:/eclipse/embedded/winavr-20100110/bin/../lib/gcc/avr/4.3.3/avr5\libgcc.a(_pack_sf.o)
 .debug_line    0x00000d00      0x14b e:/eclipse/embedded/winavr-20100110/bin/../lib/gcc/avr/4.3.3/avr5\libgcc.a(_unpack_sf.o)
 .debug_line    0x00000e4b      0x137 e:/eclipse/embedded/winavr-20100110/bin/../lib/gcc/avr/4.3.3/avr5\libgcc.a(_fpcmp_parts_sf.o)

.debug_frame    0x00000000      0x180
 *(.debug_frame)
 .debug_frame   0x00000000       0x20 e:/eclipse/embedded/winavr-20100110/bin/../lib/gcc/avr/4.3.3/avr5\libgcc.a(_fixunssfsi.o)
 .debug_frame   0x00000020       0x40 e:/eclipse/embedded/winavr-20100110/bin/../lib/gcc/avr/4.3.3/avr5\libgcc.a(_addsub_sf.o)
 .debug_frame   0x00000060       0x20 e:/eclipse/embedded/winavr-20100110/bin/../lib/gcc/avr/4.3.3/avr5\libgcc.a(_mul_sf.o)
 .debug_frame   0x00000080       0x20 e:/eclipse/embedded/winavr-20100110/bin/../lib/gcc/avr/4.3.3/avr5\libgcc.a(_div_sf.o)
 .debug_frame   0x000000a0       0x20 e:/eclipse/embedded/winavr-20100110/bin/../lib/gcc/avr/4.3.3/avr5\libgcc.a(_gt_sf.o)
 .debug_frame   0x000000c0       0x20 e:/eclipse/embedded/winavr-20100110/bin/../lib/gcc/avr/4.3.3/avr5\libgcc.a(_ge_sf.o)
 .debug_frame   0x000000e0       0x20 e:/eclipse/embedded/winavr-20100110/bin/../lib/gcc/avr/4.3.3/avr5\libgcc.a(_lt_sf.o)
 .debug_frame   0x00000100       0x20 e:/eclipse/embedded/winavr-20100110/bin/../lib/gcc/avr/4.3.3/avr5\libgcc.a(_sf_to_si.o)
 .debug_frame   0x00000120       0x20 e:/eclipse/embedded/winavr-20100110/bin/../lib/gcc/avr/4.3.3/avr5\libgcc.a(_pack_sf.o)
 .debug_frame   0x00000140       0x20 e:/eclipse/embedded/winavr-20100110/bin/../lib/gcc/avr/4.3.3/avr5\libgcc.a(_unpack_sf.o)
 .debug_frame   0x00000160       0x20 e:/eclipse/embedded/winavr-20100110/bin/../lib/gcc/avr/4.3.3/avr5\libgcc.a(_fpcmp_parts_sf.o)

.debug_str      0x00000000      0x2c2
 *(.debug_str)
 .debug_str     0x00000000       0xbf e:/eclipse/embedded/winavr-20100110/bin/../lib/gcc/avr/4.3.3/avr5\libgcc.a(_fixunssfsi.o)
                                 0xfe (size before relaxing)
 .debug_str     0x000000bf      0x14d e:/eclipse/embedded/winavr-20100110/bin/../lib/gcc/avr/4.3.3/avr5\libgcc.a(_addsub_sf.o)
                                0x206 (size before relaxing)
 .debug_str     0x0000020c       0x27 e:/eclipse/embedded/winavr-20100110/bin/../lib/gcc/avr/4.3.3/avr5\libgcc.a(_mul_sf.o)
                                0x1bf (size before relaxing)
 .debug_str     0x00000233       0x35 e:/eclipse/embedded/winavr-20100110/bin/../lib/gcc/avr/4.3.3/avr5\libgcc.a(_div_sf.o)
                                0x1c8 (size before relaxing)
 .debug_str     0x00000268        0xf e:/eclipse/embedded/winavr-20100110/bin/../lib/gcc/avr/4.3.3/avr5\libgcc.a(_gt_sf.o)
                                0x195 (size before relaxing)
 .debug_str     0x00000277        0x8 e:/eclipse/embedded/winavr-20100110/bin/../lib/gcc/avr/4.3.3/avr5\libgcc.a(_ge_sf.o)
                                0x195 (size before relaxing)
 .debug_str     0x0000027f        0x8 e:/eclipse/embedded/winavr-20100110/bin/../lib/gcc/avr/4.3.3/avr5\libgcc.a(_lt_sf.o)
                                0x195 (size before relaxing)
 .debug_str     0x00000287        0xa e:/eclipse/embedded/winavr-20100110/bin/../lib/gcc/avr/4.3.3/avr5\libgcc.a(_sf_to_si.o)
                                0x19e (size before relaxing)
 .debug_str     0x00000000      0x103 e:/eclipse/embedded/winavr-20100110/bin/../lib/gcc/avr/4.3.3/avr5\libgcc.a(_thenan_sf.o)
 .debug_str     0x00000291       0x16 e:/eclipse/embedded/winavr-20100110/bin/../lib/gcc/avr/4.3.3/avr5\libgcc.a(_pack_sf.o)
                                0x19d (size before relaxing)
 .debug_str     0x000002a7        0xb e:/eclipse/embedded/winavr-20100110/bin/../lib/gcc/avr/4.3.3/avr5\libgcc.a(_unpack_sf.o)
                                0x17f (size before relaxing)
 .debug_str     0x000002b2       0x10 e:/eclipse/embedded/winavr-20100110/bin/../lib/gcc/avr/4.3.3/avr5\libgcc.a(_fpcmp_parts_sf.o)
                                0x163 (size before relaxing)

.debug_loc      0x00000000      0x88e
 *(.debug_loc)
 .debug_loc     0x00000000       0x34 e:/eclipse/embedded/winavr-20100110/bin/../lib/gcc/avr/4.3.3/avr5\libgcc.a(_fixunssfsi.o)
 .debug_loc     0x00000034      0x32a e:/eclipse/embedded/winavr-20100110/bin/../lib/gcc/avr/4.3.3/avr5\libgcc.a(_addsub_sf.o)
 .debug_loc     0x0000035e      0x104 e:/eclipse/embedded/winavr-20100110/bin/../lib/gcc/avr/4.3.3/avr5\libgcc.a(_mul_sf.o)
 .debug_loc     0x00000462       0xc0 e:/eclipse/embedded/winavr-20100110/bin/../lib/gcc/avr/4.3.3/avr5\libgcc.a(_div_sf.o)
 .debug_loc     0x00000522       0x3c e:/eclipse/embedded/winavr-20100110/bin/../lib/gcc/avr/4.3.3/avr5\libgcc.a(_gt_sf.o)
 .debug_loc     0x0000055e       0x3c e:/eclipse/embedded/winavr-20100110/bin/../lib/gcc/avr/4.3.3/avr5\libgcc.a(_ge_sf.o)
 .debug_loc     0x0000059a       0x3c e:/eclipse/embedded/winavr-20100110/bin/../lib/gcc/avr/4.3.3/avr5\libgcc.a(_lt_sf.o)
 .debug_loc     0x000005d6       0x7e e:/eclipse/embedded/winavr-20100110/bin/../lib/gcc/avr/4.3.3/avr5\libgcc.a(_sf_to_si.o)
 .debug_loc     0x00000654      0x13e e:/eclipse/embedded/winavr-20100110/bin/../lib/gcc/avr/4.3.3/avr5\libgcc.a(_pack_sf.o)
 .debug_loc     0x00000792       0xac e:/eclipse/embedded/winavr-20100110/bin/../lib/gcc/avr/4.3.3/avr5\libgcc.a(_unpack_sf.o)
 .debug_loc     0x0000083e       0x50 e:/eclipse/embedded/winavr-20100110/bin/../lib/gcc/avr/4.3.3/avr5\libgcc.a(_fpcmp_parts_sf.o)

.debug_macinfo
 *(.debug_macinfo)
OUTPUT(watch.elf elf32-avr)
LOAD linker stubs

.debug_ranges   0x00000000       0x50
 .debug_ranges  0x00000000       0x50 e:/eclipse/embedded/winavr-20100110/bin/../lib/gcc/avr/4.3.3/avr5\libgcc.a(_mul_sf.o)

Cross Reference Table

Symbol                                            File
DIO_PullUp_pin                                    ./hal/DIO/DIO.o
DIO_PullUp_port                                   ./hal/DIO/DIO.o
DIO_clear_pin                                     ./hal/DIO/DIO.o
                                                  ./SERVICE/lcd.o
                                                  ./SERVICE/keypad.o
DIO_clear_port                                    ./hal/DIO/DIO.o
                                                  ./SERVICE/seven_seg.o
                                                  ./SERVICE/keypad.o
DIO_deinit_port                                   ./hal/DIO/DIO.o
                                                  ./SERVICE/lcd.o
DIO_init_port_input                               ./hal/DIO/DIO.o
                                                  ./Watch.o
                                                  ./SERVICE/keypad.o
DIO_init_port_output                              ./hal/DIO/DIO.o
                                                  ./Watch.o
                                                  ./SERVICE/seven_seg.o
                                                  ./SERVICE/lcd.o
                                                  ./SERVICE/keypad.o
DIO_read_pin                                      ./hal/DIO/DIO.o
                                                  ./Watch.o
                                                  ./SERVICE/keypad.o
DIO_read_port                                     ./hal/DIO/DIO.o
                                                  ./SERVICE/keypad.o
DIO_set_pin                                       ./hal/DIO/DIO.o
                                                  ./SERVICE/lcd.o
                                                  ./SERVICE/keypad.o
DIO_set_port                                      ./hal/DIO/DIO.o
                                                  ./SERVICE/seven_seg.o
                                                  ./SERVICE/keypad.o
DIO_write_pin                                     ./hal/DIO/DIO.o
                                                  ./Watch.o
DIO_write_port                                    ./hal/DIO/DIO.o
                                                  ./SERVICE/lcd.o
I2C_init                                          ./hal/I2C/I2C.o
ISR_USART_RXC                                     ./hal/UART/USART.o
ISR_USART_TXC                                     ./hal/UART/USART.o
RX_check_header                                   ./SERVICE/com.o
RX_com_dispatch                                   ./SERVICE/com.o
RX_com_init                                       ./SERVICE/com.o
RX_hook_receive_complete                          ./SERVICE/com.o
TMU_Dispatch                                      ./SERVICE/TMU.o
TMU_ISR                                           ./SERVICE/TMU.o
TMU_addTimer                                      ./SERVICE/TMU.o
TMU_deinit                                        ./SERVICE/TMU.o
TMU_init                                          ./SERVICE/TMU.o
TMU_removeTimer                                   ./SERVICE/TMU.o
UART_Flush                                        ./hal/UART/USART.o
                                                  ./Watch.o
UART_addISR                                       ./hal/UART/USART.o
                                                  ./Watch.o
UART_dataReady                                    ./hal/UART/USART.o
                                                  ./SERVICE/com.o
UART_deinit                                       ./hal/UART/USART.o
UART_getError                                     ./hal/UART/USART.o
UART_init                                         ./hal/UART/USART.o
                                                  ./Watch.o
                                                  ./SERVICE/com.o
UART_readByte                                     ./hal/UART/USART.o
UART_sendByte                                     ./hal/UART/USART.o
                                                  ./Watch.o
UART_sendPacket                                   ./hal/UART/USART.o
UART_sendString                                   ./hal/UART/USART.o
__addsf3                                          e:/eclipse/embedded/winavr-20100110/bin/../lib/gcc/avr/4.3.3/avr5\libgcc.a(_addsub_sf.o)
__bad_interrupt                                   e:/eclipse/embedded/winavr-20100110/bin/../lib/gcc/avr/4.3.3/../../../../avr/lib/avr5/crtm32.o
__bss_end                                         e:/eclipse/embedded/winavr-20100110/bin/../lib/gcc/avr/4.3.3/avr5\libgcc.a(_clear_bss.o)
__bss_start                                       e:/eclipse/embedded/winavr-20100110/bin/../lib/gcc/avr/4.3.3/avr5\libgcc.a(_clear_bss.o)
__data_end                                        e:/eclipse/embedded/winavr-20100110/bin/../lib/gcc/avr/4.3.3/avr5\libgcc.a(_copy_data.o)
__data_load_start                                 e:/eclipse/embedded/winavr-20100110/bin/../lib/gcc/avr/4.3.3/avr5\libgcc.a(_copy_data.o)
__data_start                                      e:/eclipse/embedded/winavr-20100110/bin/../lib/gcc/avr/4.3.3/avr5\libgcc.a(_copy_data.o)
__divmodhi4                                       e:/eclipse/embedded/winavr-20100110/bin/../lib/gcc/avr/4.3.3/avr5\libgcc.a(_divmodhi4.o)
                                                  ./Watch.o
__divsf3                                          e:/eclipse/embedded/winavr-20100110/bin/../lib/gcc/avr/4.3.3/avr5\libgcc.a(_div_sf.o)
                                                  ./SERVICE/lcd.o
__do_clear_bss                                    e:/eclipse/embedded/winavr-20100110/bin/../lib/gcc/avr/4.3.3/avr5\libgcc.a(_clear_bss.o)
                                                  ./Watch.o
                                                  ./hal/TIMER/timer.o
                                                  ./hal/UART/USART.o
                                                  ./SERVICE/seven_seg.o
                                                  ./SERVICE/keypad.o
                                                  ./SERVICE/com.o
                                                  ./SERVICE/TMU.o
__do_copy_data                                    e:/eclipse/embedded/winavr-20100110/bin/../lib/gcc/avr/4.3.3/avr5\libgcc.a(_copy_data.o)
                                                  e:/eclipse/embedded/winavr-20100110/bin/../lib/gcc/avr/4.3.3/avr5\libgcc.a(_thenan_sf.o)
                                                  ./Watch.o
                                                  ./SERVICE/seven_seg.o
                                                  ./SERVICE/lcd.o
__epilogue_restores__                             e:/eclipse/embedded/winavr-20100110/bin/../lib/gcc/avr/4.3.3/avr5\libgcc.a(_epilogue.o)
                                                  e:/eclipse/embedded/winavr-20100110/bin/../lib/gcc/avr/4.3.3/avr5\libgcc.a(_sf_to_si.o)
                                                  e:/eclipse/embedded/winavr-20100110/bin/../lib/gcc/avr/4.3.3/avr5\libgcc.a(_lt_sf.o)
                                                  e:/eclipse/embedded/winavr-20100110/bin/../lib/gcc/avr/4.3.3/avr5\libgcc.a(_ge_sf.o)
                                                  e:/eclipse/embedded/winavr-20100110/bin/../lib/gcc/avr/4.3.3/avr5\libgcc.a(_gt_sf.o)
                                                  e:/eclipse/embedded/winavr-20100110/bin/../lib/gcc/avr/4.3.3/avr5\libgcc.a(_div_sf.o)
                                                  e:/eclipse/embedded/winavr-20100110/bin/../lib/gcc/avr/4.3.3/avr5\libgcc.a(_mul_sf.o)
                                                  e:/eclipse/embedded/winavr-20100110/bin/../lib/gcc/avr/4.3.3/avr5\libgcc.a(_addsub_sf.o)
__fixsfsi                                         e:/eclipse/embedded/winavr-20100110/bin/../lib/gcc/avr/4.3.3/avr5\libgcc.a(_sf_to_si.o)
                                                  e:/eclipse/embedded/winavr-20100110/bin/../lib/gcc/avr/4.3.3/avr5\libgcc.a(_fixunssfsi.o)
__fixunssfsi                                      e:/eclipse/embedded/winavr-20100110/bin/../lib/gcc/avr/4.3.3/avr5\libgcc.a(_fixunssfsi.o)
                                                  ./SERVICE/lcd.o
__fpcmp_parts_f                                   e:/eclipse/embedded/winavr-20100110/bin/../lib/gcc/avr/4.3.3/avr5\libgcc.a(_fpcmp_parts_sf.o)
                                                  e:/eclipse/embedded/winavr-20100110/bin/../lib/gcc/avr/4.3.3/avr5\libgcc.a(_lt_sf.o)
                                                  e:/eclipse/embedded/winavr-20100110/bin/../lib/gcc/avr/4.3.3/avr5\libgcc.a(_ge_sf.o)
                                                  e:/eclipse/embedded/winavr-20100110/bin/../lib/gcc/avr/4.3.3/avr5\libgcc.a(_gt_sf.o)
__gesf2                                           e:/eclipse/embedded/winavr-20100110/bin/../lib/gcc/avr/4.3.3/avr5\libgcc.a(_ge_sf.o)
                                                  e:/eclipse/embedded/winavr-20100110/bin/../lib/gcc/avr/4.3.3/avr5\libgcc.a(_fixunssfsi.o)
__gtsf2                                           e:/eclipse/embedded/winavr-20100110/bin/../lib/gcc/avr/4.3.3/avr5\libgcc.a(_gt_sf.o)
                                                  ./SERVICE/lcd.o
__heap_end                                        e:/eclipse/embedded/winavr-20100110/bin/../lib/gcc/avr/4.3.3/../../../../avr/lib/avr5/crtm32.o
__init                                            e:/eclipse/embedded/winavr-20100110/bin/../lib/gcc/avr/4.3.3/../../../../avr/lib/avr5/crtm32.o
__ltsf2                                           e:/eclipse/embedded/winavr-20100110/bin/../lib/gcc/avr/4.3.3/avr5\libgcc.a(_lt_sf.o)
                                                  ./SERVICE/lcd.o
__mulsf3                                          e:/eclipse/embedded/winavr-20100110/bin/../lib/gcc/avr/4.3.3/avr5\libgcc.a(_mul_sf.o)
                                                  ./SERVICE/lcd.o
__pack_f                                          e:/eclipse/embedded/winavr-20100110/bin/../lib/gcc/avr/4.3.3/avr5\libgcc.a(_pack_sf.o)
                                                  e:/eclipse/embedded/winavr-20100110/bin/../lib/gcc/avr/4.3.3/avr5\libgcc.a(_div_sf.o)
                                                  e:/eclipse/embedded/winavr-20100110/bin/../lib/gcc/avr/4.3.3/avr5\libgcc.a(_mul_sf.o)
                                                  e:/eclipse/embedded/winavr-20100110/bin/../lib/gcc/avr/4.3.3/avr5\libgcc.a(_addsub_sf.o)
__prologue_saves__                                e:/eclipse/embedded/winavr-20100110/bin/../lib/gcc/avr/4.3.3/avr5\libgcc.a(_prologue.o)
                                                  e:/eclipse/embedded/winavr-20100110/bin/../lib/gcc/avr/4.3.3/avr5\libgcc.a(_sf_to_si.o)
                                                  e:/eclipse/embedded/winavr-20100110/bin/../lib/gcc/avr/4.3.3/avr5\libgcc.a(_lt_sf.o)
                                                  e:/eclipse/embedded/winavr-20100110/bin/../lib/gcc/avr/4.3.3/avr5\libgcc.a(_ge_sf.o)
                                                  e:/eclipse/embedded/winavr-20100110/bin/../lib/gcc/avr/4.3.3/avr5\libgcc.a(_gt_sf.o)
                                                  e:/eclipse/embedded/winavr-20100110/bin/../lib/gcc/avr/4.3.3/avr5\libgcc.a(_div_sf.o)
                                                  e:/eclipse/embedded/winavr-20100110/bin/../lib/gcc/avr/4.3.3/avr5\libgcc.a(_mul_sf.o)
                                                  e:/eclipse/embedded/winavr-20100110/bin/../lib/gcc/avr/4.3.3/avr5\libgcc.a(_addsub_sf.o)
__stack                                           e:/eclipse/embedded/winavr-20100110/bin/../lib/gcc/avr/4.3.3/../../../../avr/lib/avr5/crtm32.o
__subsf3                                          e:/eclipse/embedded/winavr-20100110/bin/../lib/gcc/avr/4.3.3/avr5\libgcc.a(_addsub_sf.o)
                                                  e:/eclipse/embedded/winavr-20100110/bin/../lib/gcc/avr/4.3.3/avr5\libgcc.a(_fixunssfsi.o)
__thenan_sf                                       e:/eclipse/embedded/winavr-20100110/bin/../lib/gcc/avr/4.3.3/avr5\libgcc.a(_thenan_sf.o)
                                                  e:/eclipse/embedded/winavr-20100110/bin/../lib/gcc/avr/4.3.3/avr5\libgcc.a(_div_sf.o)
                                                  e:/eclipse/embedded/winavr-20100110/bin/../lib/gcc/avr/4.3.3/avr5\libgcc.a(_mul_sf.o)
                                                  e:/eclipse/embedded/winavr-20100110/bin/../lib/gcc/avr/4.3.3/avr5\libgcc.a(_addsub_sf.o)
__udivmodhi4                                      e:/eclipse/embedded/winavr-20100110/bin/../lib/gcc/avr/4.3.3/avr5\libgcc.a(_udivmodhi4.o)
                                                  e:/eclipse/embedded/winavr-20100110/bin/../lib/gcc/avr/4.3.3/avr5\libgcc.a(_divmodhi4.o)
__udivmodsi4                                      e:/eclipse/embedded/winavr-20100110/bin/../lib/gcc/avr/4.3.3/avr5\libgcc.a(_udivmodsi4.o)
                                                  ./SERVICE/TMU.o
__unpack_f                                        e:/eclipse/embedded/winavr-20100110/bin/../lib/gcc/avr/4.3.3/avr5\libgcc.a(_unpack_sf.o)
                                                  e:/eclipse/embedded/winavr-20100110/bin/../lib/gcc/avr/4.3.3/avr5\libgcc.a(_sf_to_si.o)
                                                  e:/eclipse/embedded/winavr-20100110/bin/../lib/gcc/avr/4.3.3/avr5\libgcc.a(_lt_sf.o)
                                                  e:/eclipse/embedded/winavr-20100110/bin/../lib/gcc/avr/4.3.3/avr5\libgcc.a(_ge_sf.o)
                                                  e:/eclipse/embedded/winavr-20100110/bin/../lib/gcc/avr/4.3.3/avr5\libgcc.a(_gt_sf.o)
                                                  e:/eclipse/embedded/winavr-20100110/bin/../lib/gcc/avr/4.3.3/avr5\libgcc.a(_div_sf.o)
                                                  e:/eclipse/embedded/winavr-20100110/bin/../lib/gcc/avr/4.3.3/avr5\libgcc.a(_mul_sf.o)
                                                  e:/eclipse/embedded/winavr-20100110/bin/../lib/gcc/avr/4.3.3/avr5\libgcc.a(_addsub_sf.o)
__vector_1                                        e:/eclipse/embedded/winavr-20100110/bin/../lib/gcc/avr/4.3.3/../../../../avr/lib/avr5/crtm32.o
__vector_10                                       ./hal/TIMER/timer.o
                                                  e:/eclipse/embedded/winavr-20100110/bin/../lib/gcc/avr/4.3.3/../../../../avr/lib/avr5/crtm32.o
__vector_11                                       e:/eclipse/embedded/winavr-20100110/bin/../lib/gcc/avr/4.3.3/../../../../avr/lib/avr5/crtm32.o
__vector_12                                       e:/eclipse/embedded/winavr-20100110/bin/../lib/gcc/avr/4.3.3/../../../../avr/lib/avr5/crtm32.o
__vector_13                                       ./hal/UART/USART.o
                                                  e:/eclipse/embedded/winavr-20100110/bin/../lib/gcc/avr/4.3.3/../../../../avr/lib/avr5/crtm32.o
__vector_14                                       e:/eclipse/embedded/winavr-20100110/bin/../lib/gcc/avr/4.3.3/../../../../avr/lib/avr5/crtm32.o
__vector_15                                       ./hal/UART/USART.o
                                                  e:/eclipse/embedded/winavr-20100110/bin/../lib/gcc/avr/4.3.3/../../../../avr/lib/avr5/crtm32.o
__vector_16                                       e:/eclipse/embedded/winavr-20100110/bin/../lib/gcc/avr/4.3.3/../../../../avr/lib/avr5/crtm32.o
__vector_17                                       e:/eclipse/embedded/winavr-20100110/bin/../lib/gcc/avr/4.3.3/../../../../avr/lib/avr5/crtm32.o
__vector_18                                       e:/eclipse/embedded/winavr-20100110/bin/../lib/gcc/avr/4.3.3/../../../../avr/lib/avr5/crtm32.o
__vector_19                                       e:/eclipse/embedded/winavr-20100110/bin/../lib/gcc/avr/4.3.3/../../../../avr/lib/avr5/crtm32.o
__vector_2                                        e:/eclipse/embedded/winavr-20100110/bin/../lib/gcc/avr/4.3.3/../../../../avr/lib/avr5/crtm32.o
__vector_20                                       e:/eclipse/embedded/winavr-20100110/bin/../lib/gcc/avr/4.3.3/../../../../avr/lib/avr5/crtm32.o
__vector_3                                        e:/eclipse/embedded/winavr-20100110/bin/../lib/gcc/avr/4.3.3/../../../../avr/lib/avr5/crtm32.o
__vector_4                                        ./hal/TIMER/timer.o
                                                  e:/eclipse/embedded/winavr-20100110/bin/../lib/gcc/avr/4.3.3/../../../../avr/lib/avr5/crtm32.o
__vector_5                                        e:/eclipse/embedded/winavr-20100110/bin/../lib/gcc/avr/4.3.3/../../../../avr/lib/avr5/crtm32.o
__vector_6                                        e:/eclipse/embedded/winavr-20100110/bin/../lib/gcc/avr/4.3.3/../../../../avr/lib/avr5/crtm32.o
__vector_7                                        e:/eclipse/embedded/winavr-20100110/bin/../lib/gcc/avr/4.3.3/../../../../avr/lib/avr5/crtm32.o
__vector_8                                        e:/eclipse/embedded/winavr-20100110/bin/../lib/gcc/avr/4.3.3/../../../../avr/lib/avr5/crtm32.o
__vector_9                                        e:/eclipse/embedded/winavr-20100110/bin/../lib/gcc/avr/4.3.3/../../../../avr/lib/avr5/crtm32.o
__vector_default                                  e:/eclipse/embedded/winavr-20100110/bin/../lib/gcc/avr/4.3.3/../../../../avr/lib/avr5/crtm32.o
__vectors                                         e:/eclipse/embedded/winavr-20100110/bin/../lib/gcc/avr/4.3.3/../../../../avr/lib/avr5/crtm32.o
_div                                              e:/eclipse/embedded/winavr-20100110/bin/../lib/gcc/avr/4.3.3/avr5\libgcc.a(_divmodhi4.o)
_exit                                             e:/eclipse/embedded/winavr-20100110/bin/../lib/gcc/avr/4.3.3/avr5\libgcc.a(_exit.o)
currMin                                           ./Watch.o
currSec                                           ./Watch.o
exit                                              e:/eclipse/embedded/winavr-20100110/bin/../lib/gcc/avr/4.3.3/avr5\libgcc.a(_exit.o)
                                                  e:/eclipse/embedded/winavr-20100110/bin/../lib/gcc/avr/4.3.3/../../../../avr/lib/avr5/crtm32.o
function1                                         ./Watch.o
function2                                         ./Watch.o
function3                                         ./Watch.o
hal_deinit_timer                                  ./hal/TIMER/timer.o
hal_init_timer                                    ./hal/TIMER/timer.o
                                                  ./SERVICE/TMU.o
hal_is_timer_finish                               ./hal/TIMER/timer.o
hal_read_timer                                    ./hal/TIMER/timer.o
hal_update_cmp_timer                              ./hal/TIMER/timer.o
                                                  ./SERVICE/TMU.o
hal_update_timer                                  ./hal/TIMER/timer.o
                                                  ./SERVICE/TMU.o
keypad_dispatch                                   ./SERVICE/keypad.o
keypad_get_key                                    ./SERVICE/keypad.o
keypad_init                                       ./SERVICE/keypad.o
lcd_clear                                         ./SERVICE/lcd.o
lcd_deinit                                        ./SERVICE/lcd.o
lcd_gotoxy                                        ./SERVICE/lcd.o
lcd_init                                          ./SERVICE/lcd.o
lcd_print                                         ./SERVICE/lcd.o
lcd_send_command                                  ./SERVICE/lcd.o
lcd_send_data                                     ./SERVICE/lcd.o
main                                              ./Watch.o
                                                  e:/eclipse/embedded/winavr-20100110/bin/../lib/gcc/avr/4.3.3/../../../../avr/lib/avr5/crtm32.o
minID1                                            ./Watch.o
minID10                                           ./Watch.o
rx                                                ./Watch.o
secID1                                            ./Watch.o
secID10                                           ./Watch.o
seven_seg_deinit                                  ./SERVICE/seven_seg.o
seven_seg_display                                 ./SERVICE/seven_seg.o
                                                  ./Watch.o
seven_seg_init                                    ./SERVICE/seven_seg.o
seven_seg_reset                                   ./SERVICE/seven_seg.o
t0_isr                                            ./hal/TIMER/timer.o
t1_isr                                            ./hal/TIMER/timer.o
t2_isr                                            ./hal/TIMER/timer.o
tx                                                ./Watch.o
